Archive member included because of file (symbol)

D:\usb\work\nxp_lpcxpresso_11u14_board_lib\Debug\libnxp_lpcxpresso_11u14_board_lib.a(board.o)
                              ./example/src/cdc_main.o (Board_LED_Set)
D:\usb\work\nxp_lpcxpresso_11u14_board_lib\Debug\libnxp_lpcxpresso_11u14_board_lib.a(board_sysinit.o)
                              ./example/src/sysinit.o (Board_SystemInit)
D:\usb\work\lpc_chip_11uxx_lib\Debug\liblpc_chip_11uxx_lib.a(adc_11xx.o)
                              ./example/src/cdc_main.o (Chip_ADC_Init)
D:\usb\work\lpc_chip_11uxx_lib\Debug\liblpc_chip_11uxx_lib.a(chip_11xx.o)
                              ./example/src/cdc_main.o (SystemCoreClockUpdate)
D:\usb\work\lpc_chip_11uxx_lib\Debug\liblpc_chip_11uxx_lib.a(clock_11xx.o)
                              D:\usb\work\nxp_lpcxpresso_11u14_board_lib\Debug\libnxp_lpcxpresso_11u14_board_lib.a(board_sysinit.o) (Chip_Clock_SetSystemPLLSource)
D:\usb\work\lpc_chip_11uxx_lib\Debug\liblpc_chip_11uxx_lib.a(gpio_11xx_1.o)
                              ./example/src/cdc_main.o (Chip_GPIO_Init)
D:\usb\work\lpc_chip_11uxx_lib\Debug\liblpc_chip_11uxx_lib.a(iocon_11xx.o)
                              ./example/src/cdc_main.o (Chip_IOCON_PinMuxSet)
D:\usb\work\lpc_chip_11uxx_lib\Debug\liblpc_chip_11uxx_lib.a(ring_buffer.o)
                              ./example/src/cdc_main.o (RingBuffer_Init)
D:\usb\work\lpc_chip_11uxx_lib\Debug\liblpc_chip_11uxx_lib.a(sysctl_11xx.o)
                              D:\usb\work\nxp_lpcxpresso_11u14_board_lib\Debug\libnxp_lpcxpresso_11u14_board_lib.a(board_sysinit.o) (Chip_SYSCTL_PowerDown)
D:\usb\work\lpc_chip_11uxx_lib\Debug\liblpc_chip_11uxx_lib.a(uart_11xx.o)
                              ./example/src/cdc_main.o (Chip_UART_Init)
D:\usb\work\lpc_chip_11uxx_lib\libs\libusbd_11uxx_lib.a(mw_usbd_rom_api.o)
                              ./example/src/cdc_main.o (cdc_api)
D:\usb\work\lpc_chip_11uxx_lib\libs\libusbd_11uxx_lib.a(hw_usbd_ip3511.o)
                              D:\usb\work\lpc_chip_11uxx_lib\libs\libusbd_11uxx_lib.a(mw_usbd_rom_api.o) (hwUSB_ForceFullSpeed)
D:\usb\work\lpc_chip_11uxx_lib\libs\libusbd_11uxx_lib.a(mw_usbd_cdcuser.o)
                              D:\usb\work\lpc_chip_11uxx_lib\libs\libusbd_11uxx_lib.a(mw_usbd_rom_api.o) (mwCDC_SendNotification)
D:\usb\work\lpc_chip_11uxx_lib\libs\libusbd_11uxx_lib.a(mw_usbd_core.o)
                              D:\usb\work\lpc_chip_11uxx_lib\libs\libusbd_11uxx_lib.a(hw_usbd_ip3511.o) (mwUSB_ResetCore)
D:\usb\work\lpc_chip_11uxx_lib\libs\libusbd_11uxx_lib.a(mw_usbd_dfuuser.o)
                              D:\usb\work\lpc_chip_11uxx_lib\libs\libusbd_11uxx_lib.a(mw_usbd_rom_api.o) (mwDFU_GetMemSize)
D:\usb\work\lpc_chip_11uxx_lib\libs\libusbd_11uxx_lib.a(mw_usbd_hiduser.o)
                              D:\usb\work\lpc_chip_11uxx_lib\libs\libusbd_11uxx_lib.a(mw_usbd_rom_api.o) (mwHID_GetMemSize)
D:\usb\work\lpc_chip_11uxx_lib\libs\libusbd_11uxx_lib.a(mw_usbd_mscuser.o)
                              D:\usb\work\lpc_chip_11uxx_lib\libs\libusbd_11uxx_lib.a(mw_usbd_rom_api.o) (mwMSC_GetMemSize)
c:/nxp/lpcxpresso_6.1.4_194/lpcxpresso/tools/bin/../lib/gcc/arm-none-eabi/4.6.2/../../../../arm-none-eabi/lib/armv6-m\libcr_nohost.a(_cr__main.o)
                              ./example/src/cr_startup_lpc11xx.o (__main)
c:/nxp/lpcxpresso_6.1.4_194/lpcxpresso/tools/bin/../lib/gcc/arm-none-eabi/4.6.2/../../../../arm-none-eabi/lib/armv6-m\libcr_c.a(memcpy.o)
                              ./example/src/cdc_vcom.o (memcpy)
c:/nxp/lpcxpresso_6.1.4_194/lpcxpresso/tools/bin/../lib/gcc/arm-none-eabi/4.6.2/../../../../arm-none-eabi/lib/armv6-m\libcr_c.a(memset.o)
                              ./example/src/cdc_main.o (memset)
c:/nxp/lpcxpresso_6.1.4_194/lpcxpresso/tools/bin/../lib/gcc/arm-none-eabi/4.6.2/../../../../arm-none-eabi/lib/armv6-m\libcr_c.a(initio.o)
                              c:/nxp/lpcxpresso_6.1.4_194/lpcxpresso/tools/bin/../lib/gcc/arm-none-eabi/4.6.2/../../../../arm-none-eabi/lib/armv6-m\libcr_nohost.a(_cr__main.o) (_initio)
c:/nxp/lpcxpresso_6.1.4_194/lpcxpresso/tools/bin/../lib/gcc/arm-none-eabi/4.6.2/../../../../arm-none-eabi/lib/armv6-m\libcr_c.a(setvbuf.o)
                              c:/nxp/lpcxpresso_6.1.4_194/lpcxpresso/tools/bin/../lib/gcc/arm-none-eabi/4.6.2/../../../../arm-none-eabi/lib/armv6-m\libcr_c.a(initio.o) (setvbuf)
c:/nxp/lpcxpresso_6.1.4_194/lpcxpresso/tools/bin/../lib/gcc/arm-none-eabi/4.6.2/../../../../arm-none-eabi/lib/armv6-m\libcr_c.a(stdio.o)
                              c:/nxp/lpcxpresso_6.1.4_194/lpcxpresso/tools/bin/../lib/gcc/arm-none-eabi/4.6.2/../../../../arm-none-eabi/lib/armv6-m\libcr_c.a(initio.o) (__Ciob)
c:/nxp/lpcxpresso_6.1.4_194/lpcxpresso/tools/bin/../lib/gcc/arm-none-eabi/4.6.2/../../../../arm-none-eabi/lib/armv6-m\libcr_c.a(__fillbuf.o)
                              c:/nxp/lpcxpresso_6.1.4_194/lpcxpresso/tools/bin/../lib/gcc/arm-none-eabi/4.6.2/../../../../arm-none-eabi/lib/armv6-m\libcr_c.a(stdio.o) (__filbuf)
[...]
Memory Configuration

Name             Origin             Length             Attributes
MFlash32         0x00000000         0x00008000         xr
RamLoc4          0x10000000         0x00001000         xrw
RamUsb2          0x20004000         0x00000800         xrw
*default*        0x00000000         0xffffffff

Linker script and memory map

LOAD ./example/src/cdc_desc.o
LOAD ./example/src/cdc_main.o
LOAD ./example/src/cdc_vcom.o
LOAD ./example/src/cr_startup_lpc11xx.o
LOAD ./example/src/sha2.o
LOAD ./example/src/sysinit.o
LOAD D:\usb\work\nxp_lpcxpresso_11u14_board_lib\Debug\libnxp_lpcxpresso_11u14_board_lib.a
LOAD D:\usb\work\lpc_chip_11uxx_lib\Debug\liblpc_chip_11uxx_lib.a
LOAD D:\usb\work\lpc_chip_11uxx_lib\libs\libusbd_11uxx_lib.a
START GROUP
LOAD c:/nxp/lpcxpresso_6.1.4_194/lpcxpresso/tools/bin/../lib/gcc/arm-none-eabi/4.6.2/../../../../arm-none-eabi/lib/armv6-m\libcr_nohost.a
LOAD c:/nxp/lpcxpresso_6.1.4_194/lpcxpresso/tools/bin/../lib/gcc/arm-none-eabi/4.6.2/../../../../arm-none-eabi/lib/armv6-m\libcr_c.a
LOAD c:/nxp/lpcxpresso_6.1.4_194/lpcxpresso/tools/bin/../lib/gcc/arm-none-eabi/4.6.2/armv6-m\libcr_eabihelpers.a
END GROUP
                0x00008000                __top_MFlash32 = 0x8000
                0x10001000                __top_RamLoc4 = 0x10001000
                0x20004800                __top_RamUsb2 = 0x20004800

.text           0x00000000     0x537c
 FILL mask 0xff
                0x00000000                __vectors_start__ = ABSOLUTE (.)
 *(.isr_vector)
 .isr_vector    0x00000000       0xc0 ./example/src/cr_startup_lpc11xx.o
                0x00000000                g_pfnVectors
                0x000000c0                . = ALIGN (0x4)
                0x000000c0                __section_table_start = .
                0x000000c0                __data_section_table = .
                0x000000c0        0x4 LONG 0x537c LOADADDR (.data)
                0x000000c4        0x4 LONG 0x10000000 ADDR (.data)
                0x000000c8        0x4 LONG 0x150 SIZEOF (.data)
                0x000000cc        0x4 LONG 0x537c LOADADDR (.data_RAM2)
                0x000000d0        0x4 LONG 0x20004000 ADDR (.data_RAM2)
                0x000000d4        0x4 LONG 0x0 SIZEOF (.data_RAM2)
                0x000000d8                __data_section_table_end = .
                0x000000d8                __bss_section_table = .
                0x000000d8        0x4 LONG 0x10000150 ADDR (.bss)
                0x000000dc        0x4 LONG 0x33c SIZEOF (.bss)
                0x000000e0        0x4 LONG 0x20004000 ADDR (.bss_RAM2)
                0x000000e4        0x4 LONG 0x0 SIZEOF (.bss_RAM2)
                0x000000e8                __bss_section_table_end = .
                0x000000e8                __section_table_end = .
 *(.after_vectors*)
 .after_vectors
                0x000000e8       0x80 ./example/src/cr_startup_lpc11xx.o
                0x000000e8                NMI_Handler
                0x000000ec                HardFault_Handler
                0x000000f0                SVC_Handler
                0x000000f4                PendSV_Handler
                0x000000f8                SysTick_Handler
                0x000000fc                data_init
                0x0000010e                bss_init
                0x00000120                ResetISR
                0x00000164                TIMER32_1_IRQHandler
                0x00000164                FLEX_INT1_IRQHandler
                0x00000164                IntDefaultHandler
                0x00000164                SSP0_IRQHandler
                0x00000164                USBWakeup_IRQHandler
                0x00000164                TIMER32_0_IRQHandler
                0x00000164                FLEX_INT0_IRQHandler
                0x00000164                FLEX_INT2_IRQHandler
                0x00000164                TIMER16_1_IRQHandler
                0x00000164                USB_FIQHandler
                0x00000164                FLEX_INT5_IRQHandler
                0x00000164                ADC_IRQHandler
                0x00000164                SSP1_IRQHandler
                0x00000164                FLEX_INT3_IRQHandler
                0x00000164                BOD_IRQHandler
                0x00000164                I2C_IRQHandler
                0x00000164                WDT_IRQHandler
                0x00000164                FLEX_INT7_IRQHandler
                0x00000164                GINT0_IRQHandler
                0x00000164                FLEX_INT4_IRQHandler
                0x00000164                TIMER16_0_IRQHandler
                0x00000164                FLEX_INT6_IRQHandler
                0x00000164                FMC_IRQHandler
                0x00000164                GINT1_IRQHandler
                0x000002fc                . = 0x2fc
 *fill*         0x00000168      0x194 ff
                0x000002fc                PROVIDE (__CRP_WORD_START__, .)
 *(.crp)
 .crp           0x000002fc        0x4 ./example/src/cdc_main.o
                0x000002fc                CRP_WORD
                0x00000300                PROVIDE (__CRP_WORD_END__, .)
                0x00000001                ASSERT (! ((__CRP_WORD_START__ == __CRP_WORD_END__)), Linker CRP Enabled, but no CRP_WORD provided within application)
 *(.text*)
 .text.NVIC_EnableIRQ
                0x00000300       0x2c ./example/src/cdc_main.o
 .text.NVIC_SetPriority
                0x0000032c       0xe0 ./example/src/cdc_main.o
 .text.Chip_Clock_EnablePeriphClock
                0x0000040c       0x34 ./example/src/cdc_main.o
 .text.Chip_UART_TXEnable
                0x00000440       0x14 ./example/src/cdc_main.o
 .text.Chip_UART_SetupFIFOS
                0x00000454       0x18 ./example/src/cdc_main.o
 .text.Chip_UART_ConfigData
                0x0000046c       0x18 ./example/src/cdc_main.o
 .text.Chip_GPIO_SetPinState
                0x00000484       0x34 ./example/src/cdc_main.o
 .text.Chip_GPIO_ReadPortBit
                0x000004b8       0x2c ./example/src/cdc_main.o
 .text.Chip_GPIO_SetPinDIROutput
                0x000004e4       0x48 ./example/src/cdc_main.o
 .text.Chip_GPIO_SetPinDIRInput
                0x0000052c       0x48 ./example/src/cdc_main.o
 .text.vcom_connected
                0x00000574       0x1c ./example/src/cdc_main.o
 .text.usb_pin_clk_init
                0x00000590       0x28 ./example/src/cdc_main.o
 .text.USB_IRQHandler
                0x000005b8       0x20 ./example/src/cdc_main.o
                0x000005b8                USB_IRQHandler
 .text.find_IntfDesc
                0x000005d8       0x5c ./example/src/cdc_main.o
                0x000005d8                find_IntfDesc
 .text.Init_CLKOUT_PinMux
                0x00000634       0x1c ./example/src/cdc_main.o
 .text.CLKOUT_Cfg
                0x00000650       0x2c ./example/src/cdc_main.o
 .text.Init_UART_PinMux
                0x0000067c       0x28 ./example/src/cdc_main.o
 .text.UART_IRQHandler
                0x000006a4       0x24 ./example/src/cdc_main.o
                0x000006a4                UART_IRQHandler
 .text.POWER_Enable
                0x000006c8       0x24 ./example/src/cdc_main.o
 .text.Init_POWER
                0x000006ec       0x64 ./example/src/cdc_main.o
 .text.POWER_Cfg
                0x00000750       0x48 ./example/src/cdc_main.o
 .text.Init_Rstn
                0x00000798       0x28 ./example/src/cdc_main.o
 .text.Rstn_A3233
                0x000007c0       0x6c ./example/src/cdc_main.o
 .text.Init_I2c
                0x0000082c       0x68 ./example/src/cdc_main.o
 .text.I2c_Start
                0x00000894       0x5c ./example/src/cdc_main.o
 .text.I2c_Stop
                0x000008f0       0x3c ./example/src/cdc_main.o
 .text.I2c_w_byte
                0x0000092c      0x110 ./example/src/cdc_main.o
 .text.I2c_r_byte
                0x00000a3c      0x118 ./example/src/cdc_main.o
                0x00000a3c                I2c_r_byte
 *fill*         0x00000b54        0x4 00
 .text.tmp102_rd
                0x00000b58       0x90 ./example/src/cdc_main.o
                0x00000b58                tmp102_rd
 .text.Init_ADC_PinMux
                0x00000be8       0x44 ./example/src/cdc_main.o
 .text.Gen_A3233_Pll_Cfg
                0x00000c2c      0x150 ./example/src/cdc_main.o
                0x00000c2c                Gen_A3233_Pll_Cfg
 .text.led_rgb  0x00000d7c       0x88 ./example/src/cdc_main.o
                0x00000d7c                led_rgb
 .text.Init_Gpio
                0x00000e04       0x14 ./example/src/cdc_main.o
                0x00000e04                Init_Gpio
 .text.Init_Led
                0x00000e18       0x34 ./example/src/cdc_main.o
 *fill*         0x00000e4c        0x4 00
 .text.main     0x00000e50      0x650 ./example/src/cdc_main.o
                0x00000e50                main
 .text.NVIC_EnableIRQ
                0x000014a0       0x2c ./example/src/cdc_vcom.o
 .text.NVIC_DisableIRQ
                0x000014cc       0x30 ./example/src/cdc_vcom.o
 .text.VCOM_bulk_in_hdlr
                0x000014fc       0x30 ./example/src/cdc_vcom.o
 .text.VCOM_bulk_out_hdlr
                0x0000152c       0xf0 ./example/src/cdc_vcom.o
 .text.VCOM_SetLineCode
                0x0000161c       0x24 ./example/src/cdc_vcom.o
 .text.vcom_init
                0x00001640      0x128 ./example/src/cdc_vcom.o
                0x00001640                vcom_init
 .text.vcom_bread
                0x00001768       0xa4 ./example/src/cdc_vcom.o
                0x00001768                vcom_bread
 .text.vcom_write
                0x0000180c       0x78 ./example/src/cdc_vcom.o
                0x0000180c                vcom_write
 .text.sha256_loc
                0x00001884      0x368 ./example/src/sha2.o
                0x00001884                sha256_loc
 .text.data_pkg
                0x00001bec      0x194 ./example/src/sha2.o
                0x00001bec                data_pkg
 .text.SystemInit
                0x00001d80        0xc ./example/src/sysinit.o
                0x00001d80                SystemInit
 .text.Chip_GPIO_SetPinState
                0x00001d8c       0x34 D:\usb\work\nxp_lpcxpresso_11u14_board_lib\Debug\libnxp_lpcxpresso_11u14_board_lib.a(board.o)
 .text.__sys_write
                0x00001dc0       0x18 D:\usb\work\nxp_lpcxpresso_11u14_board_lib\Debug\libnxp_lpcxpresso_11u14_board_lib.a(board.o)
                0x00001dc0                __sys_write
 .text.Board_LED_Set
                0x00001dd8       0x68 D:\usb\work\nxp_lpcxpresso_11u14_board_lib\Debug\libnxp_lpcxpresso_11u14_board_lib.a(board.o)
                0x00001dd8                Board_LED_Set
 .text.Chip_FMC_SetFLASHAccess
                0x00001e40       0x2c D:\usb\work\nxp_lpcxpresso_11u14_board_lib\Debug\libnxp_lpcxpresso_11u14_board_lib.a(board_sysinit.o)
 .text.Chip_Clock_SetupSystemPLL
                0x00001e6c       0x34 D:\usb\work\nxp_lpcxpresso_11u14_board_lib\Debug\libnxp_lpcxpresso_11u14_board_lib.a(board_sysinit.o)
 .text.Chip_Clock_IsSystemPLLLocked
                0x00001ea0       0x1c D:\usb\work\nxp_lpcxpresso_11u14_board_lib\Debug\libnxp_lpcxpresso_11u14_board_lib.a(board_sysinit.o)
 .text.Chip_Clock_SetupUSBPLL
                0x00001ebc       0x34 D:\usb\work\nxp_lpcxpresso_11u14_board_lib\Debug\libnxp_lpcxpresso_11u14_board_lib.a(board_sysinit.o)
 .text.Chip_Clock_IsUSBPLLLocked
                0x00001ef0       0x1c D:\usb\work\nxp_lpcxpresso_11u14_board_lib\Debug\libnxp_lpcxpresso_11u14_board_lib.a(board_sysinit.o)
 .text.Chip_Clock_SetSysClockDiv
                0x00001f0c       0x18 D:\usb\work\nxp_lpcxpresso_11u14_board_lib\Debug\libnxp_lpcxpresso_11u14_board_lib.a(board_sysinit.o)
 .text.Chip_Clock_EnablePeriphClock
                0x00001f24       0x34 D:\usb\work\nxp_lpcxpresso_11u14_board_lib\Debug\libnxp_lpcxpresso_11u14_board_lib.a(board_sysinit.o)
 .text.SystemSetupClocking
                0x00001f58       0x8c D:\usb\work\nxp_lpcxpresso_11u14_board_lib\Debug\libnxp_lpcxpresso_11u14_board_lib.a(board_sysinit.o)
 .text.SystemSetupMuxing
                0x00001fe4       0x50 D:\usb\work\nxp_lpcxpresso_11u14_board_lib\Debug\libnxp_lpcxpresso_11u14_board_lib.a(board_sysinit.o)
 .text.Board_SystemInit
                0x00002034       0x10 D:\usb\work\nxp_lpcxpresso_11u14_board_lib\Debug\libnxp_lpcxpresso_11u14_board_lib.a(board_sysinit.o)
                0x00002034                Board_SystemInit
 .text.Chip_Clock_EnablePeriphClock
                0x00002044       0x34 D:\usb\work\lpc_chip_11uxx_lib\Debug\liblpc_chip_11uxx_lib.a(adc_11xx.o)
 .text.getFullConvClk
                0x00002078        0xc D:\usb\work\lpc_chip_11uxx_lib\Debug\liblpc_chip_11uxx_lib.a(adc_11xx.o)
 .text.getClkDiv
                0x00002084       0x74 D:\usb\work\lpc_chip_11uxx_lib\Debug\liblpc_chip_11uxx_lib.a(adc_11xx.o)
 .text.Chip_ADC_Init
                0x000020f8       0x8c D:\usb\work\lpc_chip_11uxx_lib\Debug\liblpc_chip_11uxx_lib.a(adc_11xx.o)
                0x000020f8                Chip_ADC_Init
 .text.SystemCoreClockUpdate
                0x00002184       0x18 D:\usb\work\lpc_chip_11uxx_lib\Debug\liblpc_chip_11uxx_lib.a(chip_11xx.o)
                0x00002184                SystemCoreClockUpdate
 .text.Chip_Clock_GetMainOscRate
                0x0000219c       0x14 D:\usb\work\lpc_chip_11uxx_lib\Debug\liblpc_chip_11uxx_lib.a(clock_11xx.o)
 .text.Chip_Clock_GetIntOscRate
                0x000021b0       0x10 D:\usb\work\lpc_chip_11uxx_lib\Debug\liblpc_chip_11uxx_lib.a(clock_11xx.o)
 .text.Chip_Clock_GetWDTLFORate
                0x000021c0       0x48 D:\usb\work\lpc_chip_11uxx_lib\Debug\liblpc_chip_11uxx_lib.a(clock_11xx.o)
 .text.Chip_Clock_GetPLLFreq
                0x00002208       0x24 D:\usb\work\lpc_chip_11uxx_lib\Debug\liblpc_chip_11uxx_lib.a(clock_11xx.o)
 .text.Chip_Clock_SetSystemPLLSource
                0x0000222c       0x2c D:\usb\work\lpc_chip_11uxx_lib\Debug\liblpc_chip_11uxx_lib.a(clock_11xx.o)
                0x0000222c                Chip_Clock_SetSystemPLLSource
 .text.Chip_Clock_SetUSBPLLSource
                0x00002258       0x2c D:\usb\work\lpc_chip_11uxx_lib\Debug\liblpc_chip_11uxx_lib.a(clock_11xx.o)
                0x00002258                Chip_Clock_SetUSBPLLSource
 .text.Chip_Clock_SetMainClockSource
                0x00002284       0x2c D:\usb\work\lpc_chip_11uxx_lib\Debug\liblpc_chip_11uxx_lib.a(clock_11xx.o)
                0x00002284                Chip_Clock_SetMainClockSource
 .text.Chip_Clock_SetUSBClockSource
                0x000022b0       0x3c D:\usb\work\lpc_chip_11uxx_lib\Debug\liblpc_chip_11uxx_lib.a(clock_11xx.o)
                0x000022b0                Chip_Clock_SetUSBClockSource
 .text.Chip_Clock_SetCLKOUTSource
                0x000022ec       0x3c D:\usb\work\lpc_chip_11uxx_lib\Debug\liblpc_chip_11uxx_lib.a(clock_11xx.o)
                0x000022ec                Chip_Clock_SetCLKOUTSource
 .text.Chip_Clock_GetWDTOSCRate
                0x00002328       0x1c D:\usb\work\lpc_chip_11uxx_lib\Debug\liblpc_chip_11uxx_lib.a(clock_11xx.o)
                0x00002328                Chip_Clock_GetWDTOSCRate
 .text.Chip_Clock_GetSystemPLLInClockRate
                0x00002344       0x40 D:\usb\work\lpc_chip_11uxx_lib\Debug\liblpc_chip_11uxx_lib.a(clock_11xx.o)
                0x00002344                Chip_Clock_GetSystemPLLInClockRate
 .text.Chip_Clock_GetSystemPLLOutClockRate
                0x00002384       0x24 D:\usb\work\lpc_chip_11uxx_lib\Debug\liblpc_chip_11uxx_lib.a(clock_11xx.o)
                0x00002384                Chip_Clock_GetSystemPLLOutClockRate
 .text.Chip_Clock_GetMainClockRate
                0x000023a8       0x64 D:\usb\work\lpc_chip_11uxx_lib\Debug\liblpc_chip_11uxx_lib.a(clock_11xx.o)
                0x000023a8                Chip_Clock_GetMainClockRate
 .text.Chip_Clock_GetSystemClockRate
                0x0000240c       0x24 D:\usb\work\lpc_chip_11uxx_lib\Debug\liblpc_chip_11uxx_lib.a(clock_11xx.o)
                0x0000240c                Chip_Clock_GetSystemClockRate
 .text.Chip_Clock_EnablePeriphClock
                0x00002430       0x34 D:\usb\work\lpc_chip_11uxx_lib\Debug\liblpc_chip_11uxx_lib.a(gpio_11xx_1.o)
 .text.Chip_GPIO_Init
                0x00002464       0x14 D:\usb\work\lpc_chip_11uxx_lib\Debug\liblpc_chip_11uxx_lib.a(gpio_11xx_1.o)
                0x00002464                Chip_GPIO_Init
 .text.Chip_IOCON_PinMuxSet
                0x00002478       0x48 D:\usb\work\lpc_chip_11uxx_lib\Debug\liblpc_chip_11uxx_lib.a(iocon_11xx.o)
                0x00002478                Chip_IOCON_PinMuxSet
 .text.RingBuffer_GetCount
                0x000024c0       0x20 D:\usb\work\lpc_chip_11uxx_lib\Debug\liblpc_chip_11uxx_lib.a(ring_buffer.o)
 .text.RingBuffer_IsFull
                0x000024e0       0x2c D:\usb\work\lpc_chip_11uxx_lib\Debug\liblpc_chip_11uxx_lib.a(ring_buffer.o)
 .text.RingBuffer_IsEmpty
                0x0000250c       0x24 D:\usb\work\lpc_chip_11uxx_lib\Debug\liblpc_chip_11uxx_lib.a(ring_buffer.o)
 .text.RingBuffer_Init
                0x00002530       0x38 D:\usb\work\lpc_chip_11uxx_lib\Debug\liblpc_chip_11uxx_lib.a(ring_buffer.o)
                0x00002530                RingBuffer_Init
 .text.RingBuffer_Insert
                0x00002568       0x60 D:\usb\work\lpc_chip_11uxx_lib\Debug\liblpc_chip_11uxx_lib.a(ring_buffer.o)
                0x00002568                RingBuffer_Insert
 .text.RingBuffer_Pop
                0x000025c8       0x60 D:\usb\work\lpc_chip_11uxx_lib\Debug\liblpc_chip_11uxx_lib.a(ring_buffer.o)
                0x000025c8                RingBuffer_Pop
 .text.Chip_SYSCTL_PowerDown
                0x00002628       0x44 D:\usb\work\lpc_chip_11uxx_lib\Debug\liblpc_chip_11uxx_lib.a(sysctl_11xx.o)
                0x00002628                Chip_SYSCTL_PowerDown
 .text.Chip_SYSCTL_PowerUp
                0x0000266c       0x44 D:\usb\work\lpc_chip_11uxx_lib\Debug\liblpc_chip_11uxx_lib.a(sysctl_11xx.o)
                0x0000266c                Chip_SYSCTL_PowerUp
 .text.Chip_Clock_EnablePeriphClock
                0x000026b0       0x34 D:\usb\work\lpc_chip_11uxx_lib\Debug\liblpc_chip_11uxx_lib.a(uart_11xx.o)
 .text.Chip_Clock_SetUARTClockDiv
                0x000026e4       0x1c D:\usb\work\lpc_chip_11uxx_lib\Debug\liblpc_chip_11uxx_lib.a(uart_11xx.o)
 .text.RingBuffer_IsEmpty
                0x00002700       0x24 D:\usb\work\lpc_chip_11uxx_lib\Debug\liblpc_chip_11uxx_lib.a(uart_11xx.o)
 .text.Chip_UART_SendByte
                0x00002724       0x1c D:\usb\work\lpc_chip_11uxx_lib\Debug\liblpc_chip_11uxx_lib.a(uart_11xx.o)
 .text.Chip_UART_ReadByte
                0x00002740       0x18 D:\usb\work\lpc_chip_11uxx_lib\Debug\liblpc_chip_11uxx_lib.a(uart_11xx.o)
 .text.Chip_UART_IntDisable
                0x00002758       0x20 D:\usb\work\lpc_chip_11uxx_lib\Debug\liblpc_chip_11uxx_lib.a(uart_11xx.o)
 .text.Chip_UART_SetupFIFOS
                0x00002778       0x18 D:\usb\work\lpc_chip_11uxx_lib\Debug\liblpc_chip_11uxx_lib.a(uart_11xx.o)
 .text.Chip_UART_ConfigData
                0x00002790       0x18 D:\usb\work\lpc_chip_11uxx_lib\Debug\liblpc_chip_11uxx_lib.a(uart_11xx.o)
 .text.Chip_UART_EnableDivisorAccess
                0x000027a8       0x1c D:\usb\work\lpc_chip_11uxx_lib\Debug\liblpc_chip_11uxx_lib.a(uart_11xx.o)
 .text.Chip_UART_DisableDivisorAccess
                0x000027c4       0x20 D:\usb\work\lpc_chip_11uxx_lib\Debug\liblpc_chip_11uxx_lib.a(uart_11xx.o)
 .text.Chip_UART_SetDivisorLatches
                0x000027e4       0x28 D:\usb\work\lpc_chip_11uxx_lib\Debug\liblpc_chip_11uxx_lib.a(uart_11xx.o)
 .text.Chip_UART_ReadLineStatus
                0x0000280c       0x14 D:\usb\work\lpc_chip_11uxx_lib\Debug\liblpc_chip_11uxx_lib.a(uart_11xx.o)
 .text.Chip_UART_Init
                0x00002820       0x34 D:\usb\work\lpc_chip_11uxx_lib\Debug\liblpc_chip_11uxx_lib.a(uart_11xx.o)
                0x00002820                Chip_UART_Init
 .text.delay    0x00002854       0x24 D:\usb\work\lpc_chip_11uxx_lib\Debug\liblpc_chip_11uxx_lib.a(uart_11xx.o)
                0x00002854                delay
 .text.Chip_UART_Send
                0x00002878       0x54 D:\usb\work\lpc_chip_11uxx_lib\Debug\liblpc_chip_11uxx_lib.a(uart_11xx.o)
                0x00002878                Chip_UART_Send
 .text.Chip_UART_SetBaud
                0x000028cc       0x68 D:\usb\work\lpc_chip_11uxx_lib\Debug\liblpc_chip_11uxx_lib.a(uart_11xx.o)
                0x000028cc                Chip_UART_SetBaud
 .text.Chip_UART_RXIntHandlerRB
                0x00002934       0x48 D:\usb\work\lpc_chip_11uxx_lib\Debug\liblpc_chip_11uxx_lib.a(uart_11xx.o)
                0x00002934                Chip_UART_RXIntHandlerRB
 .text.Chip_UART_TXIntHandlerRB
                0x0000297c       0x44 D:\usb\work\lpc_chip_11uxx_lib\Debug\liblpc_chip_11uxx_lib.a(uart_11xx.o)
                0x0000297c                Chip_UART_TXIntHandlerRB
 .text.Chip_UART_IRQRBHandler
                0x000029c0       0x4c D:\usb\work\lpc_chip_11uxx_lib\Debug\liblpc_chip_11uxx_lib.a(uart_11xx.o)
                0x000029c0                Chip_UART_IRQRBHandler
 .text.def_ep_handler
                0x00002a0c        0x4 D:\usb\work\lpc_chip_11uxx_lib\libs\libusbd_11uxx_lib.a(hw_usbd_ip3511.o)
                0x00002a0c                def_ep_handler
 .text.hwUSB_ForceFullSpeed
                0x00002a10        0x4 D:\usb\work\lpc_chip_11uxx_lib\libs\libusbd_11uxx_lib.a(hw_usbd_ip3511.o)
                0x00002a10                hwUSB_ForceFullSpeed
 .text.hwUSB_GetMemSize
                0x00002a14       0x14 D:\usb\work\lpc_chip_11uxx_lib\libs\libusbd_11uxx_lib.a(hw_usbd_ip3511.o)
                0x00002a14                hwUSB_GetMemSize
 .text.hwUSB_Connect
                0x00002a28       0x28 D:\usb\work\lpc_chip_11uxx_lib\libs\libusbd_11uxx_lib.a(hw_usbd_ip3511.o)
                0x00002a28                hwUSB_Connect
 .text.hwUSB_WakeUp
                0x00002a50       0x20 D:\usb\work\lpc_chip_11uxx_lib\libs\libusbd_11uxx_lib.a(hw_usbd_ip3511.o)
                0x00002a50                hwUSB_WakeUp
 .text.hwUSB_WakeUpCfg
                0x00002a70       0x28 D:\usb\work\lpc_chip_11uxx_lib\libs\libusbd_11uxx_lib.a(hw_usbd_ip3511.o)
                0x00002a70                hwUSB_WakeUpCfg
 .text.hwUSB_SetAddress
                0x00002a98       0x1c D:\usb\work\lpc_chip_11uxx_lib\libs\libusbd_11uxx_lib.a(hw_usbd_ip3511.o)
                0x00002a98                hwUSB_SetAddress
 .text.hwUSB_SetTestMode
                0x00002ab4        0x8 D:\usb\work\lpc_chip_11uxx_lib\libs\libusbd_11uxx_lib.a(hw_usbd_ip3511.o)
                0x00002ab4                hwUSB_SetTestMode
 .text.hwUSB_Configure
                0x00002abc       0x24 D:\usb\work\lpc_chip_11uxx_lib\libs\libusbd_11uxx_lib.a(hw_usbd_ip3511.o)
                0x00002abc                hwUSB_Configure
 .text.hwUSB_ConfigEP
                0x00002ae0       0xcc D:\usb\work\lpc_chip_11uxx_lib\libs\libusbd_11uxx_lib.a(hw_usbd_ip3511.o)
                0x00002ae0                hwUSB_ConfigEP
 .text.hwUSB_DirCtrlEP
                0x00002bac        0x4 D:\usb\work\lpc_chip_11uxx_lib\libs\libusbd_11uxx_lib.a(hw_usbd_ip3511.o)
                0x00002bac                hwUSB_DirCtrlEP
 .text.hwUSB_EnableEP
                0x00002bb0       0x50 D:\usb\work\lpc_chip_11uxx_lib\libs\libusbd_11uxx_lib.a(hw_usbd_ip3511.o)
                0x00002bb0                hwUSB_EnableEP
 .text.hwUSB_DisableEP
                0x00002c00       0x34 D:\usb\work\lpc_chip_11uxx_lib\libs\libusbd_11uxx_lib.a(hw_usbd_ip3511.o)
                0x00002c00                hwUSB_DisableEP
 .text.hwUSB_ResetEP
                0x00002c34       0x4c D:\usb\work\lpc_chip_11uxx_lib\libs\libusbd_11uxx_lib.a(hw_usbd_ip3511.o)
                0x00002c34                hwUSB_ResetEP
 .text.hwUSB_SetStallEP
                0x00002c80       0xb0 D:\usb\work\lpc_chip_11uxx_lib\libs\libusbd_11uxx_lib.a(hw_usbd_ip3511.o)
                0x00002c80                hwUSB_SetStallEP
 .text.hwUSB_ClrStallEP
                0x00002d30       0xc0 D:\usb\work\lpc_chip_11uxx_lib\libs\libusbd_11uxx_lib.a(hw_usbd_ip3511.o)
                0x00002d30                hwUSB_ClrStallEP
 .text.hwUSB_EnableEvent
                0x00002df0      0x120 D:\usb\work\lpc_chip_11uxx_lib\libs\libusbd_11uxx_lib.a(hw_usbd_ip3511.o)
                0x00002df0                hwUSB_EnableEvent
 .text.hwUSB_ReadSetupPkt
                0x00002f10       0x58 D:\usb\work\lpc_chip_11uxx_lib\libs\libusbd_11uxx_lib.a(hw_usbd_ip3511.o)
                0x00002f10                hwUSB_ReadSetupPkt
 .text.hwUSB_ReadReqEP
                0x00002f68        0x4 D:\usb\work\lpc_chip_11uxx_lib\libs\libusbd_11uxx_lib.a(hw_usbd_ip3511.o)
                0x00002f68                hwUSB_ReadReqEP
 .text.hwUSB_ReadEP
                0x00002f6c       0xdc D:\usb\work\lpc_chip_11uxx_lib\libs\libusbd_11uxx_lib.a(hw_usbd_ip3511.o)
                0x00002f6c                hwUSB_ReadEP
 .text.hwUSB_WriteEP
                0x00003048       0xdc D:\usb\work\lpc_chip_11uxx_lib\libs\libusbd_11uxx_lib.a(hw_usbd_ip3511.o)
                0x00003048                hwUSB_WriteEP
 .text.hwUSB_Reset
                0x00003124       0xcc D:\usb\work\lpc_chip_11uxx_lib\libs\libusbd_11uxx_lib.a(hw_usbd_ip3511.o)
                0x00003124                hwUSB_Reset
 .text.hwUSB_Init
                0x000031f0      0x1fc D:\usb\work\lpc_chip_11uxx_lib\libs\libusbd_11uxx_lib.a(hw_usbd_ip3511.o)
                0x000031f0                hwUSB_Init
 .text.hwUSB_ISR
                0x000033ec      0x1b0 D:\usb\work\lpc_chip_11uxx_lib\libs\libusbd_11uxx_lib.a(hw_usbd_ip3511.o)
                0x000033ec                hwUSB_ISR
 .text.mwCDC_SetRequest
                0x0000359c       0x98 D:\usb\work\lpc_chip_11uxx_lib\libs\libusbd_11uxx_lib.a(mw_usbd_cdcuser.o)
                0x0000359c                mwCDC_SetRequest
 .text.mwCDC_ep0_hdlr
                0x00003634       0xe4 D:\usb\work\lpc_chip_11uxx_lib\libs\libusbd_11uxx_lib.a(mw_usbd_cdcuser.o)
                0x00003634                mwCDC_ep0_hdlr
 .text.mwCDC_GetRequest
                0x00003718       0x54 D:\usb\work\lpc_chip_11uxx_lib\libs\libusbd_11uxx_lib.a(mw_usbd_cdcuser.o)
                0x00003718                mwCDC_GetRequest
 .text.mwCDC_SendNotification
                0x0000376c       0x54 D:\usb\work\lpc_chip_11uxx_lib\libs\libusbd_11uxx_lib.a(mw_usbd_cdcuser.o)
                0x0000376c                mwCDC_SendNotification
 .text.mwCDC_GetMemSize
                0x000037c0        0x4 D:\usb\work\lpc_chip_11uxx_lib\libs\libusbd_11uxx_lib.a(mw_usbd_cdcuser.o)
                0x000037c0                mwCDC_GetMemSize
 .text.mwCDC_init
                0x000037c4      0x154 D:\usb\work\lpc_chip_11uxx_lib\libs\libusbd_11uxx_lib.a(mw_usbd_cdcuser.o)
                0x000037c4                mwCDC_init
 .text.USB_ReqGetConfiguration
                0x00003918       0x24 D:\usb\work\lpc_chip_11uxx_lib\libs\libusbd_11uxx_lib.a(mw_usbd_core.o)
                0x00003918                USB_ReqGetConfiguration
 .text.USBD_virt_to_phys
                0x0000393c        0x4 D:\usb\work\lpc_chip_11uxx_lib\libs\libusbd_11uxx_lib.a(mw_usbd_core.o)
                0x0000393c                USBD_virt_to_phys
 .text.USBD_cache_flush
                0x00003940        0x4 D:\usb\work\lpc_chip_11uxx_lib\libs\libusbd_11uxx_lib.a(mw_usbd_core.o)
                0x00003940                USBD_cache_flush
 .text.USB_ReqGetStatus
                0x00003944       0xa4 D:\usb\work\lpc_chip_11uxx_lib\libs\libusbd_11uxx_lib.a(mw_usbd_core.o)
                0x00003944                USB_ReqGetStatus
 .text.USB_ReqGetDescriptor
                0x000039e8      0x11c D:\usb\work\lpc_chip_11uxx_lib\libs\libusbd_11uxx_lib.a(mw_usbd_core.o)
                0x000039e8                USB_ReqGetDescriptor
 .text.USB_ReqGetInterface
                0x00003b04       0x40 D:\usb\work\lpc_chip_11uxx_lib\libs\libusbd_11uxx_lib.a(mw_usbd_core.o)
                0x00003b04                USB_ReqGetInterface
 .text.USB_ReqSetInterface
                0x00003b44      0x170 D:\usb\work\lpc_chip_11uxx_lib\libs\libusbd_11uxx_lib.a(mw_usbd_core.o)
                0x00003b44                USB_ReqSetInterface
 .text.USB_ReqSetConfiguration
                0x00003cb4      0x258 D:\usb\work\lpc_chip_11uxx_lib\libs\libusbd_11uxx_lib.a(mw_usbd_core.o)
                0x00003cb4                USB_ReqSetConfiguration
 .text.USB_ReqSetClrFeature
                0x00003f0c       0xe0 D:\usb\work\lpc_chip_11uxx_lib\libs\libusbd_11uxx_lib.a(mw_usbd_core.o)
                0x00003f0c                USB_ReqSetClrFeature
 .text.USB_EvtOutHandler
                0x00003fec       0xe4 D:\usb\work\lpc_chip_11uxx_lib\libs\libusbd_11uxx_lib.a(mw_usbd_core.o)
                0x00003fec                USB_EvtOutHandler
 .text.USB_EndPoint0
                0x000040d0      0x140 D:\usb\work\lpc_chip_11uxx_lib\libs\libusbd_11uxx_lib.a(mw_usbd_core.o)
                0x000040d0                USB_EndPoint0
 .text.USB_EvtSetupHandler
                0x00004210      0x1f4 D:\usb\work\lpc_chip_11uxx_lib\libs\libusbd_11uxx_lib.a(mw_usbd_core.o)
                0x00004210                USB_EvtSetupHandler
 .text.mwUSB_ResetCore
                0x00004404       0x80 D:\usb\work\lpc_chip_11uxx_lib\libs\libusbd_11uxx_lib.a(mw_usbd_core.o)
                0x00004404                mwUSB_ResetCore
 .text.mwUSB_SetupStage
                0x00004484       0x10 D:\usb\work\lpc_chip_11uxx_lib\libs\libusbd_11uxx_lib.a(mw_usbd_core.o)
                0x00004484                mwUSB_SetupStage
 .text.mwUSB_DataInStage
                0x00004494       0x34 D:\usb\work\lpc_chip_11uxx_lib\libs\libusbd_11uxx_lib.a(mw_usbd_core.o)
                0x00004494                mwUSB_DataInStage
 .text.mwUSB_DataOutStage
                0x000044c8       0x24 D:\usb\work\lpc_chip_11uxx_lib\libs\libusbd_11uxx_lib.a(mw_usbd_core.o)
                0x000044c8                mwUSB_DataOutStage
 .text.mwUSB_StatusInStage
                0x000044ec       0x10 D:\usb\work\lpc_chip_11uxx_lib\libs\libusbd_11uxx_lib.a(mw_usbd_core.o)
                0x000044ec                mwUSB_StatusInStage
 .text.mwUSB_StatusOutStage
                0x000044fc       0x10 D:\usb\work\lpc_chip_11uxx_lib\libs\libusbd_11uxx_lib.a(mw_usbd_core.o)
                0x000044fc                mwUSB_StatusOutStage
 .text.mwUSB_StallEp0
                0x0000450c       0x14 D:\usb\work\lpc_chip_11uxx_lib\libs\libusbd_11uxx_lib.a(mw_usbd_core.o)
                0x0000450c                mwUSB_StallEp0
 .text.mwUSB_InitCore
                0x00004520       0xe8 D:\usb\work\lpc_chip_11uxx_lib\libs\libusbd_11uxx_lib.a(mw_usbd_core.o)
                0x00004520                mwUSB_InitCore
 .text.mwUSB_RegisterClassHandler
                0x00004608       0x2c D:\usb\work\lpc_chip_11uxx_lib\libs\libusbd_11uxx_lib.a(mw_usbd_core.o)
                0x00004608                mwUSB_RegisterClassHandler
 .text.mwUSB_RegisterEpHandler
                0x00004634       0x28 D:\usb\work\lpc_chip_11uxx_lib\libs\libusbd_11uxx_lib.a(mw_usbd_core.o)
                0x00004634                mwUSB_RegisterEpHandler
 .text.__main   0x0000465c       0x12 c:/nxp/lpcxpresso_6.1.4_194/lpcxpresso/tools/bin/../lib/gcc/arm-none-eabi/4.6.2/../../../../arm-none-eabi/lib/armv6-m\libcr_nohost.a(_cr__main.o)
                0x0000465c                __main
 .text.memcpy   0x0000466e        0x8 c:/nxp/lpcxpresso_6.1.4_194/lpcxpresso/tools/bin/../lib/gcc/arm-none-eabi/4.6.2/../../../../arm-none-eabi/lib/armv6-m\libcr_c.a(memcpy.o)
                0x0000466e                memcpy
 .text.memset   0x00004676        0x8 c:/nxp/lpcxpresso_6.1.4_194/lpcxpresso/tools/bin/../lib/gcc/arm-none-eabi/4.6.2/../../../../arm-none-eabi/lib/armv6-m\libcr_c.a(memset.o)
                0x00004676                memset
 *fill*         0x0000467e        0x2 00
 .text._initio  0x00004680       0xa0 c:/nxp/lpcxpresso_6.1.4_194/lpcxpresso/tools/bin/../lib/gcc/arm-none-eabi/4.6.2/../../../../arm-none-eabi/lib/armv6-m\libcr_c.a(initio.o)
                0x00004680                _initio
 .text.setvbuf  0x00004720       0x48 c:/nxp/lpcxpresso_6.1.4_194/lpcxpresso/tools/bin/../lib/gcc/arm-none-eabi/4.6.2/../../../../arm-none-eabi/lib/armv6-m\libcr_c.a(setvbuf.o)
                0x00004720                setvbuf
 .text._deferredlazyseek
                0x00004768       0x44 c:/nxp/lpcxpresso_6.1.4_194/lpcxpresso/tools/bin/../lib/gcc/arm-none-eabi/4.6.2/../../../../arm-none-eabi/lib/armv6-m\libcr_c.a(_deferredlazyseek.o)
                0x00004768                _deferredlazyseek
 .text._fdopen  0x000047ac       0x78 c:/nxp/lpcxpresso_6.1.4_194/lpcxpresso/tools/bin/../lib/gcc/arm-none-eabi/4.6.2/../../../../arm-none-eabi/lib/armv6-m\libcr_c.a(_fdopen.o)
                0x000047ac                _fdopen
 .text._fflush  0x00004824       0x60 c:/nxp/lpcxpresso_6.1.4_194/lpcxpresso/tools/bin/../lib/gcc/arm-none-eabi/4.6.2/../../../../arm-none-eabi/lib/armv6-m\libcr_c.a(_fflush.o)
                0x00004824                _fflush
 .text._Cwritebuf
                0x00004884       0x6c c:/nxp/lpcxpresso_6.1.4_194/lpcxpresso/tools/bin/../lib/gcc/arm-none-eabi/4.6.2/../../../../arm-none-eabi/lib/armv6-m\libcr_c.a(_writebuf.o)
                0x00004884                _Cwritebuf
 .text.malloc   0x000048f0       0xbc c:/nxp/lpcxpresso_6.1.4_194/lpcxpresso/tools/bin/../lib/gcc/arm-none-eabi/4.6.2/../../../../arm-none-eabi/lib/armv6-m\libcr_c.a(alloc.o)
                0x000048f0                malloc
 .text.free     0x000049ac       0x10 c:/nxp/lpcxpresso_6.1.4_194/lpcxpresso/tools/bin/../lib/gcc/arm-none-eabi/4.6.2/../../../../arm-none-eabi/lib/armv6-m\libcr_c.a(alloc.o)
                0x000049ac                free
 .text._Csys_alloc
                0x000049bc       0x20 c:/nxp/lpcxpresso_6.1.4_194/lpcxpresso/tools/bin/../lib/gcc/arm-none-eabi/4.6.2/../../../../arm-none-eabi/lib/armv6-m\libcr_c.a(alloc.o)
                0x000049bc                _Csys_alloc
 .text.fclose   0x000049dc       0x70 c:/nxp/lpcxpresso_6.1.4_194/lpcxpresso/tools/bin/../lib/gcc/arm-none-eabi/4.6.2/../../../../arm-none-eabi/lib/armv6-m\libcr_c.a(fclose.o)
                0x000049dc                fclose
 .text.fflush   0x00004a4c       0x38 c:/nxp/lpcxpresso_6.1.4_194/lpcxpresso/tools/bin/../lib/gcc/arm-none-eabi/4.6.2/../../../../arm-none-eabi/lib/armv6-m\libcr_c.a(fflush.o)
                0x00004a4c                fflush
 .text.fseek    0x00004a84       0xf0 c:/nxp/lpcxpresso_6.1.4_194/lpcxpresso/tools/bin/../lib/gcc/arm-none-eabi/4.6.2/../../../../arm-none-eabi/lib/armv6-m\libcr_c.a(fseek.o)
                0x00004a84                fseek
 .text.ftell    0x00004b74       0x4c c:/nxp/lpcxpresso_6.1.4_194/lpcxpresso/tools/bin/../lib/gcc/arm-none-eabi/4.6.2/../../../../arm-none-eabi/lib/armv6-m\libcr_c.a(ftell.o)
                0x00004b74                ftell
 .text.remove   0x00004bc0       0x12 c:/nxp/lpcxpresso_6.1.4_194/lpcxpresso/tools/bin/../lib/gcc/arm-none-eabi/4.6.2/../../../../arm-none-eabi/lib/armv6-m\libcr_c.a(remove.o)
                0x00004bc0                remove
 *fill*         0x00004bd2        0x2 00
 .text.strlen   0x00004bd4       0x58 c:/nxp/lpcxpresso_6.1.4_194/lpcxpresso/tools/bin/../lib/gcc/arm-none-eabi/4.6.2/../../../../arm-none-eabi/lib/armv6-m\libcr_c.a(strlen.o)
                0x00004bd4                strlen
 .text._do_fflush
                0x00004c2c       0x48 c:/nxp/lpcxpresso_6.1.4_194/lpcxpresso/tools/bin/../lib/gcc/arm-none-eabi/4.6.2/../../../../arm-none-eabi/lib/armv6-m\libcr_c.a(_do_fflush.o)
                0x00004c2c                _do_fflush
 .text.__aeabi_division_uidivmod
                0x00004c74       0x72 c:/nxp/lpcxpresso_6.1.4_194/lpcxpresso/tools/bin/../lib/gcc/arm-none-eabi/4.6.2/armv6-m\libcr_eabihelpers.a(division.o)
                0x00004c74                __aeabi_uidivmod
                0x00004c74                __aeabi_uidiv
 .text.__aeabi_division_idiv0
                0x00004ce6        0x2 c:/nxp/lpcxpresso_6.1.4_194/lpcxpresso/tools/bin/../lib/gcc/arm-none-eabi/4.6.2/armv6-m\libcr_eabihelpers.a(division.o)
                0x00004ce6                __aeabi_idiv0
 .text.__aeabi_dmul
                0x00004ce8      0x180 c:/nxp/lpcxpresso_6.1.4_194/lpcxpresso/tools/bin/../lib/gcc/arm-none-eabi/4.6.2/armv6-m\libcr_eabihelpers.a(double.o)
                0x00004ce8                __aeabi_dmul
 .text.__aeabi_d2uiz
                0x00004e68       0x38 c:/nxp/lpcxpresso_6.1.4_194/lpcxpresso/tools/bin/../lib/gcc/arm-none-eabi/4.6.2/armv6-m\libcr_eabihelpers.a(double.o)
                0x00004e68                __aeabi_d2uiz
 .text.__bhs_ui2d
                0x00004ea0       0x5e c:/nxp/lpcxpresso_6.1.4_194/lpcxpresso/tools/bin/../lib/gcc/arm-none-eabi/4.6.2/armv6-m\libcr_eabihelpers.a(double.o)
                0x00004ea0                __bhs_ui2d
 .text.__aeabi_ui2d
                0x00004efe        0xc c:/nxp/lpcxpresso_6.1.4_194/lpcxpresso/tools/bin/../lib/gcc/arm-none-eabi/4.6.2/armv6-m\libcr_eabihelpers.a(double.o)
                0x00004efe                __aeabi_ui2d
 *fill*         0x00004f0a        0x2 00
 .text.__aeabi_dcmplt
                0x00004f0c       0x64 c:/nxp/lpcxpresso_6.1.4_194/lpcxpresso/tools/bin/../lib/gcc/arm-none-eabi/4.6.2/armv6-m\libcr_eabihelpers.a(double.o)
                0x00004f0c                __aeabi_dcmplt
 .text.__aeabi_dcmpge
                0x00004f70       0x64 c:/nxp/lpcxpresso_6.1.4_194/lpcxpresso/tools/bin/../lib/gcc/arm-none-eabi/4.6.2/armv6-m\libcr_eabihelpers.a(double.o)
                0x00004f70                __aeabi_dcmpge
 .text.__aeabi_llong_lmul
                0x00004fd4       0x2e c:/nxp/lpcxpresso_6.1.4_194/lpcxpresso/tools/bin/../lib/gcc/arm-none-eabi/4.6.2/armv6-m\libcr_eabihelpers.a(llong.o)
                0x00004fd4                __aeabi_lmul
 .text.__aeabi_memcpy
                0x00005002       0x2c c:/nxp/lpcxpresso_6.1.4_194/lpcxpresso/tools/bin/../lib/gcc/arm-none-eabi/4.6.2/armv6-m\libcr_eabihelpers.a(memcpy.o)
                0x00005002                __aeabi_memcpy4
                0x00005002                __aeabi_memcpy8
                0x00005002                __aeabi_memcpy
 .text.__aeabi_memset_lowlevel
                0x0000502e       0x2a c:/nxp/lpcxpresso_6.1.4_194/lpcxpresso/tools/bin/../lib/gcc/arm-none-eabi/4.6.2/armv6-m\libcr_eabihelpers.a(memcpy.o)
                0x0000502e                __aeabi_lowlevel_memset
 .text.__sys_appexit
                0x00005058        0x4 c:/nxp/lpcxpresso_6.1.4_194/lpcxpresso/tools/bin/../lib/gcc/arm-none-eabi/4.6.2/../../../../arm-none-eabi/lib/armv6-m\libcr_nohost.a(__sys_appexit.o)
                0x00005058                __sys_appexit
                0x00005058                __exit
 .text.__sys_close
                0x0000505c        0x6 c:/nxp/lpcxpresso_6.1.4_194/lpcxpresso/tools/bin/../lib/gcc/arm-none-eabi/4.6.2/../../../../arm-none-eabi/lib/armv6-m\libcr_nohost.a(__sys_close.o)
                0x0000505c                __sys_close
 .text.__sys_flen
                0x00005062        0x6 c:/nxp/lpcxpresso_6.1.4_194/lpcxpresso/tools/bin/../lib/gcc/arm-none-eabi/4.6.2/../../../../arm-none-eabi/lib/armv6-m\libcr_nohost.a(__sys_flen.o)
                0x00005062                __sys_flen
 .text.__sys_istty
                0x00005068        0x6 c:/nxp/lpcxpresso_6.1.4_194/lpcxpresso/tools/bin/../lib/gcc/arm-none-eabi/4.6.2/../../../../arm-none-eabi/lib/armv6-m\libcr_nohost.a(__sys_istty.o)
                0x00005068                __sys_istty
 .text.__sys_remove
                0x0000506e        0x6 c:/nxp/lpcxpresso_6.1.4_194/lpcxpresso/tools/bin/../lib/gcc/arm-none-eabi/4.6.2/../../../../arm-none-eabi/lib/armv6-m\libcr_nohost.a(__sys_remove.o)
                0x0000506e                __sys_remove
 .text.__sys_seek
                0x00005074        0x6 c:/nxp/lpcxpresso_6.1.4_194/lpcxpresso/tools/bin/../lib/gcc/arm-none-eabi/4.6.2/../../../../arm-none-eabi/lib/armv6-m\libcr_nohost.a(__sys_seek.o)
                0x00005074                __sys_seek
 .text.__sys_tmpnam
                0x0000507a        0x6 c:/nxp/lpcxpresso_6.1.4_194/lpcxpresso/tools/bin/../lib/gcc/arm-none-eabi/4.6.2/../../../../arm-none-eabi/lib/armv6-m\libcr_nohost.a(__sys_tmpnam.o)
                0x0000507a                __sys_tmpnam
 .text._sbrk    0x00005080       0x40 c:/nxp/lpcxpresso_6.1.4_194/lpcxpresso/tools/bin/../lib/gcc/arm-none-eabi/4.6.2/../../../../arm-none-eabi/lib/armv6-m\libcr_nohost.a(_cr_sbrk.o)
                0x00005080                _sbrk
 .text.__check_heap_overflow
                0x000050c0       0x2c c:/nxp/lpcxpresso_6.1.4_194/lpcxpresso/tools/bin/../lib/gcc/arm-none-eabi/4.6.2/../../../../arm-none-eabi/lib/armv6-m\libcr_nohost.a(_cr_check_heap.o)
                0x000050c0                __check_heap_overflow
 *(.rodata .rodata.* .constdata .constdata.*)
 .rodata.USB_DeviceDescriptor
                0x000050ec       0x14 ./example/src/cdc_desc.o
                0x000050ec                USB_DeviceDescriptor
 .rodata.USB_StringDescriptor
                0x00005100       0x38 ./example/src/cdc_desc.o
                0x00005100                USB_StringDescriptor
 .rodata.g_usbApi
                0x00005138       0x20 ./example/src/cdc_main.o
 .rodata.OscRateIn
                0x00005158        0x4 D:\usb\work\nxp_lpcxpresso_11u14_board_lib\Debug\libnxp_lpcxpresso_11u14_board_lib.a(board.o)
                0x00005158                OscRateIn
 .rodata.pinmuxing
                0x0000515c       0x24 D:\usb\work\nxp_lpcxpresso_11u14_board_lib\Debug\libnxp_lpcxpresso_11u14_board_lib.a(board_sysinit.o)
 .rodata.wdtOSCRate
                0x00005180       0x40 D:\usb\work\lpc_chip_11uxx_lib\Debug\liblpc_chip_11uxx_lib.a(clock_11xx.o)
 .rodata.hw_api
                0x000051c0       0x5c D:\usb\work\lpc_chip_11uxx_lib\libs\libusbd_11uxx_lib.a(mw_usbd_rom_api.o)
                0x000051c0                hw_api
 .rodata.core_api
                0x0000521c       0x20 D:\usb\work\lpc_chip_11uxx_lib\libs\libusbd_11uxx_lib.a(mw_usbd_rom_api.o)
                0x0000521c                core_api
 .rodata.cdc_api
                0x0000523c        0xc D:\usb\work\lpc_chip_11uxx_lib\libs\libusbd_11uxx_lib.a(mw_usbd_rom_api.o)
                0x0000523c                cdc_api
 .rodata.hwUSB_EnableEvent
                0x00005248       0x38 D:\usb\work\lpc_chip_11uxx_lib\libs\libusbd_11uxx_lib.a(hw_usbd_ip3511.o)
 .rodata.mwCDC_SetRequest
                0x00005280       0x90 D:\usb\work\lpc_chip_11uxx_lib\libs\libusbd_11uxx_lib.a(mw_usbd_cdcuser.o)
 .rodata.USB_EndPoint0
                0x00005310       0x20 D:\usb\work\lpc_chip_11uxx_lib\libs\libusbd_11uxx_lib.a(mw_usbd_core.o)
 .rodata.USB_EvtSetupHandler
                0x00005330       0x30 D:\usb\work\lpc_chip_11uxx_lib\libs\libusbd_11uxx_lib.a(mw_usbd_core.o)
 .rodata.str1.1
                0x00005360        0x4 c:/nxp/lpcxpresso_6.1.4_194/lpcxpresso/tools/bin/../lib/gcc/arm-none-eabi/4.6.2/../../../../arm-none-eabi/lib/armv6-m\libcr_c.a(initio.o)
 .rodata.str1.1
                0x00005364       0x18 c:/nxp/lpcxpresso_6.1.4_194/lpcxpresso/tools/bin/../lib/gcc/arm-none-eabi/4.6.2/../../../../arm-none-eabi/lib/armv6-m\libcr_c.a(alloc.o)
                0x0000537c                . = ALIGN (0x4)

.glue_7         0x0000537c        0x0
 .glue_7        0x00000000        0x0 linker stubs

.glue_7t        0x0000537c        0x0
 .glue_7t       0x00000000        0x0 linker stubs

.vfp11_veneer   0x0000537c        0x0
 .vfp11_veneer  0x00000000        0x0 linker stubs

.v4_bx          0x0000537c        0x0
 .v4_bx         0x00000000        0x0 linker stubs

.ARM.extab
 *(.ARM.extab* .gnu.linkonce.armextab.*)
                0x0000537c                __exidx_start = .

.ARM.exidx
 *(.ARM.exidx* .gnu.linkonce.armexidx.*)
                0x0000537c                __exidx_end = .
                0x0000537c                _etext = .

.data_RAM2      0x20004000        0x0 load address 0x0000537c
 FILL mask 0xff
 *(.data.$RAM2*)
 *(.data.$RamUsb2*)
                0x20004000                . = ALIGN (0x4)

.uninit_RESERVED
                0x10000000        0x0
 *(.bss.$RESERVED*)
                0x10000000                . = ALIGN (0x4)
                0x10000000                _end_uninit_RESERVED = .

.data           0x10000000      0x150 load address 0x0000537c
 FILL mask 0xff
                0x10000000                _data = .
 *(vtable)
 *(.data*)
 .data.USB_FsConfigDescriptor
                0x10000000       0x4c ./example/src/cdc_desc.o
                0x10000000                USB_FsConfigDescriptor
 .data.g_pUsbApi
                0x1000004c        0x4 ./example/src/cdc_main.o
                0x1000004c                g_pUsbApi
 .data.sha256_k
                0x10000050      0x100 ./example/src/sha2.o
                0x10000050                sha256_k
                0x10000150                . = ALIGN (0x4)
                0x10000150                _edata = .

.bss_RAM2       0x20004000        0x0
 *(.bss.$RAM2*)
 *(.bss.$RamUsb2*)
                0x20004000                . = ALIGN (0x4)

.bss            0x10000150      0x33c
                0x10000150                _bss = .
 *(.bss*)
 .bss.txring    0x10000150       0x14 ./example/src/cdc_main.o
 .bss.rxring    0x10000164       0x14 ./example/src/cdc_main.o
 .bss.rxbuff    0x10000178       0x20 ./example/src/cdc_main.o
 .bss.txbuff    0x10000198       0x80 ./example/src/cdc_main.o
 .bss.g_hUsb    0x10000218        0x4 ./example/src/cdc_main.o
 .bss.g_rxBuff  0x1000021c      0x100 ./example/src/cdc_main.o
 .bss.ADCSetup  0x1000031c        0x8 ./example/src/cdc_main.o
 .bss.errno     0x10000324        0x4 c:/nxp/lpcxpresso_6.1.4_194/lpcxpresso/tools/bin/../lib/gcc/arm-none-eabi/4.6.2/../../../../arm-none-eabi/lib/armv6-m\libcr_c.a(errno.o)
                0x10000324                errno
 *(COMMON)
 COMMON         0x10000328       0x14 ./example/src/cdc_vcom.o
                0x10000328                g_vCOM
 COMMON         0x1000033c        0x4 D:\usb\work\lpc_chip_11uxx_lib\Debug\liblpc_chip_11uxx_lib.a(chip_11xx.o)
                0x1000033c                SystemCoreClock
 COMMON         0x10000340        0x4 c:/nxp/lpcxpresso_6.1.4_194/lpcxpresso/tools/bin/../lib/gcc/arm-none-eabi/4.6.2/../../../../arm-none-eabi/lib/armv6-m\libcr_c.a(initio.o)
                0x10000340                _extra
 COMMON         0x10000344      0x140 c:/nxp/lpcxpresso_6.1.4_194/lpcxpresso/tools/bin/../lib/gcc/arm-none-eabi/4.6.2/../../../../arm-none-eabi/lib/armv6-m\libcr_c.a(stdio.o)
                0x10000344                __Ciob
 COMMON         0x10000484        0x8 c:/nxp/lpcxpresso_6.1.4_194/lpcxpresso/tools/bin/../lib/gcc/arm-none-eabi/4.6.2/../../../../arm-none-eabi/lib/armv6-m\libcr_c.a(__init_alloc.o)
                0x10000484                __heaps
                0x10000488                __end_of_heap
                0x1000048c                . = ALIGN (0x4)
                0x1000048c                _ebss = .
                0x1000048c                PROVIDE (end, .)

.noinit_RAM2    0x20004000        0x0
 *(.noinit.$RAM2*)
 *(.noinit.$RamUsb2*)
                0x20004000                . = ALIGN (0x4)

.noinit         0x1000048c        0x0
                0x1000048c                _noinit = .
 *(.noinit*)
                0x1000048c                . = ALIGN (0x4)
                0x1000048c                _end_noinit = .
                0x1000048c                PROVIDE (_pvHeapStart, .)
                0x10001000                PROVIDE (_vStackTop, (__top_RamLoc4 - 0x0))
OUTPUT(nxp_lpcxpresso_11u14_usbd_lib_cdc.axf elf32-littlearm)

.debug_info     0x00000000     0x9ece
 .debug_info    0x00000000       0xf2 ./example/src/cdc_desc.o
 .debug_info    0x000000f2     0x2cdf ./example/src/cdc_main.o
 .debug_info    0x00002dd1     0x192b ./example/src/cdc_vcom.o
 .debug_info    0x000046fc      0x275 ./example/src/cr_startup_lpc11xx.o
 .debug_info    0x00004971      0x4f7 ./example/src/sha2.o
 .debug_info    0x00004e68       0xc8 ./example/src/sysinit.o
 .debug_info    0x00004f30      0x83f D:\usb\work\nxp_lpcxpresso_11u14_board_lib\Debug\libnxp_lpcxpresso_11u14_board_lib.a(board.o)
 .debug_info    0x0000576f      0xa43 D:\usb\work\nxp_lpcxpresso_11u14_board_lib\Debug\libnxp_lpcxpresso_11u14_board_lib.a(board_sysinit.o)
 .debug_info    0x000061b2      0xd33 D:\usb\work\lpc_chip_11uxx_lib\Debug\liblpc_chip_11uxx_lib.a(adc_11xx.o)
 .debug_info    0x00006ee5       0xe1 D:\usb\work\lpc_chip_11uxx_lib\Debug\liblpc_chip_11uxx_lib.a(chip_11xx.o)
 .debug_info    0x00006fc6      0x9a6 D:\usb\work\lpc_chip_11uxx_lib\Debug\liblpc_chip_11uxx_lib.a(clock_11xx.o)
 .debug_info    0x0000796c      0xa47 D:\usb\work\lpc_chip_11uxx_lib\Debug\liblpc_chip_11uxx_lib.a(gpio_11xx_1.o)
 .debug_info    0x000083b3      0x169 D:\usb\work\lpc_chip_11uxx_lib\Debug\liblpc_chip_11uxx_lib.a(iocon_11xx.o)
 .debug_info    0x0000851c      0x372 D:\usb\work\lpc_chip_11uxx_lib\Debug\liblpc_chip_11uxx_lib.a(ring_buffer.o)
 .debug_info    0x0000888e      0x62f D:\usb\work\lpc_chip_11uxx_lib\Debug\liblpc_chip_11uxx_lib.a(sysctl_11xx.o)
 .debug_info    0x00008ebd     0x1011 D:\usb\work\lpc_chip_11uxx_lib\Debug\liblpc_chip_11uxx_lib.a(uart_11xx.o)

.debug_abbrev   0x00000000     0x163c
 .debug_abbrev  0x00000000       0x63 ./example/src/cdc_desc.o
 .debug_abbrev  0x00000063      0x452 ./example/src/cdc_main.o
 .debug_abbrev  0x000004b5      0x21e ./example/src/cdc_vcom.o
 .debug_abbrev  0x000006d3       0xf6 ./example/src/cr_startup_lpc11xx.o
 .debug_abbrev  0x000007c9      0x150 ./example/src/sha2.o
 .debug_abbrev  0x00000919       0x68 ./example/src/sysinit.o
 .debug_abbrev  0x00000981      0x1f8 D:\usb\work\nxp_lpcxpresso_11u14_board_lib\Debug\libnxp_lpcxpresso_11u14_board_lib.a(board.o)
 .debug_abbrev  0x00000b79      0x199 D:\usb\work\nxp_lpcxpresso_11u14_board_lib\Debug\libnxp_lpcxpresso_11u14_board_lib.a(board_sysinit.o)
 .debug_abbrev  0x00000d12      0x195 D:\usb\work\lpc_chip_11uxx_lib\Debug\liblpc_chip_11uxx_lib.a(adc_11xx.o)
 .debug_abbrev  0x00000ea7       0x8a D:\usb\work\lpc_chip_11uxx_lib\Debug\liblpc_chip_11uxx_lib.a(chip_11xx.o)
 .debug_abbrev  0x00000f31      0x182 D:\usb\work\lpc_chip_11uxx_lib\Debug\liblpc_chip_11uxx_lib.a(clock_11xx.o)
 .debug_abbrev  0x000010b3      0x133 D:\usb\work\lpc_chip_11uxx_lib\Debug\liblpc_chip_11uxx_lib.a(gpio_11xx_1.o)
 .debug_abbrev  0x000011e6       0xc6 D:\usb\work\lpc_chip_11uxx_lib\Debug\liblpc_chip_11uxx_lib.a(iocon_11xx.o)
 .debug_abbrev  0x000012ac       0xef D:\usb\work\lpc_chip_11uxx_lib\Debug\liblpc_chip_11uxx_lib.a(ring_buffer.o)
 .debug_abbrev  0x0000139b       0xbd D:\usb\work\lpc_chip_11uxx_lib\Debug\liblpc_chip_11uxx_lib.a(sysctl_11xx.o)
 .debug_abbrev  0x00001458      0x1e4 D:\usb\work\lpc_chip_11uxx_lib\Debug\liblpc_chip_11uxx_lib.a(uart_11xx.o)

.debug_line     0x00000000     0x5e8e
 .debug_line    0x00000000      0x490 ./example/src/cdc_desc.o
 .debug_line    0x00000490      0xc2c ./example/src/cdc_main.o
 .debug_line    0x000010bc      0x7b6 ./example/src/cdc_vcom.o
 .debug_line    0x00001872       0xe1 ./example/src/cr_startup_lpc11xx.o
 .debug_line    0x00001953      0x532 ./example/src/sha2.o
 .debug_line    0x00001e85      0x546 ./example/src/sysinit.o
 .debug_line    0x000023cb      0x72f D:\usb\work\nxp_lpcxpresso_11u14_board_lib\Debug\libnxp_lpcxpresso_11u14_board_lib.a(board.o)
 .debug_line    0x00002afa      0x654 D:\usb\work\nxp_lpcxpresso_11u14_board_lib\Debug\libnxp_lpcxpresso_11u14_board_lib.a(board_sysinit.o)
 .debug_line    0x0000314e      0x65a D:\usb\work\lpc_chip_11uxx_lib\Debug\liblpc_chip_11uxx_lib.a(adc_11xx.o)
 .debug_line    0x000037a8      0x4e1 D:\usb\work\lpc_chip_11uxx_lib\Debug\liblpc_chip_11uxx_lib.a(chip_11xx.o)
 .debug_line    0x00003c89      0x650 D:\usb\work\lpc_chip_11uxx_lib\Debug\liblpc_chip_11uxx_lib.a(clock_11xx.o)
 .debug_line    0x000042d9      0x5cc D:\usb\work\lpc_chip_11uxx_lib\Debug\liblpc_chip_11uxx_lib.a(gpio_11xx_1.o)
 .debug_line    0x000048a5      0x4e4 D:\usb\work\lpc_chip_11uxx_lib\Debug\liblpc_chip_11uxx_lib.a(iocon_11xx.o)
 .debug_line    0x00004d89      0x45c D:\usb\work\lpc_chip_11uxx_lib\Debug\liblpc_chip_11uxx_lib.a(ring_buffer.o)
 .debug_line    0x000051e5      0x51e D:\usb\work\lpc_chip_11uxx_lib\Debug\liblpc_chip_11uxx_lib.a(sysctl_11xx.o)
 .debug_line    0x00005703      0x78b D:\usb\work\lpc_chip_11uxx_lib\Debug\liblpc_chip_11uxx_lib.a(uart_11xx.o)

.debug_macinfo  0x00000000    0x7f741
 .debug_macinfo
                0x00000000     0x81ad ./example/src/cdc_desc.o
 .debug_macinfo
                0x000081ad     0xcfae ./example/src/cdc_main.o
 .debug_macinfo
                0x0001515b     0xcbc5 ./example/src/cdc_vcom.o
 .debug_macinfo
                0x00021d20     0x2291 ./example/src/cr_startup_lpc11xx.o
 .debug_macinfo
                0x00023fb1     0x3fd6 ./example/src/sha2.o
 .debug_macinfo
                0x00027f87     0x8827 ./example/src/sysinit.o
 .debug_macinfo
                0x000307ae     0x89d2 D:\usb\work\nxp_lpcxpresso_11u14_board_lib\Debug\libnxp_lpcxpresso_11u14_board_lib.a(board.o)
 .debug_macinfo
                0x00039180     0x8848 D:\usb\work\nxp_lpcxpresso_11u14_board_lib\Debug\libnxp_lpcxpresso_11u14_board_lib.a(board_sysinit.o)
 .debug_macinfo
                0x000419c8     0x841a D:\usb\work\lpc_chip_11uxx_lib\Debug\liblpc_chip_11uxx_lib.a(adc_11xx.o)
 .debug_macinfo
                0x00049de2     0x841a D:\usb\work\lpc_chip_11uxx_lib\Debug\liblpc_chip_11uxx_lib.a(chip_11xx.o)
 .debug_macinfo
                0x000521fc     0x841a D:\usb\work\lpc_chip_11uxx_lib\Debug\liblpc_chip_11uxx_lib.a(clock_11xx.o)
 .debug_macinfo
                0x0005a616     0x841a D:\usb\work\lpc_chip_11uxx_lib\Debug\liblpc_chip_11uxx_lib.a(gpio_11xx_1.o)
 .debug_macinfo
                0x00062a30     0x841a D:\usb\work\lpc_chip_11uxx_lib\Debug\liblpc_chip_11uxx_lib.a(iocon_11xx.o)
 .debug_macinfo
                0x0006ae4a     0x3fbb D:\usb\work\lpc_chip_11uxx_lib\Debug\liblpc_chip_11uxx_lib.a(ring_buffer.o)
 .debug_macinfo
                0x0006ee05     0x8522 D:\usb\work\lpc_chip_11uxx_lib\Debug\liblpc_chip_11uxx_lib.a(sysctl_11xx.o)
 .debug_macinfo
                0x00077327     0x841a D:\usb\work\lpc_chip_11uxx_lib\Debug\liblpc_chip_11uxx_lib.a(uart_11xx.o)

.debug_str      0x00000000     0x3204
 .debug_str     0x00000000      0x137 ./example/src/cdc_desc.o
                                0x15e (size before relaxing)
 .debug_str     0x00000137     0x1cc8 ./example/src/cdc_main.o
                               0x1f3d (size before relaxing)
 .debug_str     0x00001dff      0x212 ./example/src/cdc_vcom.o
                               0x140f (size before relaxing)
 .debug_str     0x00002011      0x138 ./example/src/cr_startup_lpc11xx.o
                                0x1d3 (size before relaxing)
 .debug_str     0x00002149       0xf9 ./example/src/sha2.o
                                0x21c (size before relaxing)
 .debug_str     0x00002242       0x19 ./example/src/sysinit.o
                                0x14a (size before relaxing)
 .debug_str     0x0000225b      0x190 D:\usb\work\nxp_lpcxpresso_11u14_board_lib\Debug\libnxp_lpcxpresso_11u14_board_lib.a(board.o)
                                0x3c9 (size before relaxing)
 .debug_str     0x000023eb      0x2bd D:\usb\work\nxp_lpcxpresso_11u14_board_lib\Debug\libnxp_lpcxpresso_11u14_board_lib.a(board_sysinit.o)
                                0x943 (size before relaxing)
 .debug_str     0x000026a8      0x287 D:\usb\work\lpc_chip_11uxx_lib\Debug\liblpc_chip_11uxx_lib.a(adc_11xx.o)
                                0xabd (size before relaxing)
 .debug_str     0x0000292f       0x39 D:\usb\work\lpc_chip_11uxx_lib\Debug\liblpc_chip_11uxx_lib.a(chip_11xx.o)
                                0x13e (size before relaxing)
 .debug_str     0x00002968      0x3b5 D:\usb\work\lpc_chip_11uxx_lib\Debug\liblpc_chip_11uxx_lib.a(clock_11xx.o)
                                0x949 (size before relaxing)
 .debug_str     0x00002d1d       0xe1 D:\usb\work\lpc_chip_11uxx_lib\Debug\liblpc_chip_11uxx_lib.a(gpio_11xx_1.o)
                                0x7a7 (size before relaxing)
 .debug_str     0x00002dfe       0x30 D:\usb\work\lpc_chip_11uxx_lib\Debug\liblpc_chip_11uxx_lib.a(iocon_11xx.o)
                                0x161 (size before relaxing)
 .debug_str     0x00002e2e       0xde D:\usb\work\lpc_chip_11uxx_lib\Debug\liblpc_chip_11uxx_lib.a(ring_buffer.o)
                                0x202 (size before relaxing)
 .debug_str     0x00002f0c       0xa5 D:\usb\work\lpc_chip_11uxx_lib\Debug\liblpc_chip_11uxx_lib.a(sysctl_11xx.o)
                                0x452 (size before relaxing)
 .debug_str     0x00002fb1      0x253 D:\usb\work\lpc_chip_11uxx_lib\Debug\liblpc_chip_11uxx_lib.a(uart_11xx.o)
                                0x9a8 (size before relaxing)

.comment        0x00000000       0xe0
 .comment       0x00000000       0x70 ./example/src/cdc_desc.o
                                 0x71 (size before relaxing)
 .comment       0x00000000       0x71 ./example/src/cdc_main.o
 .comment       0x00000000       0x71 ./example/src/cdc_vcom.o
 .comment       0x00000000       0x71 ./example/src/cr_startup_lpc11xx.o
 .comment       0x00000000       0x71 ./example/src/sha2.o
 .comment       0x00000000       0x71 ./example/src/sysinit.o
 .comment       0x00000000       0x71 D:\usb\work\nxp_lpcxpresso_11u14_board_lib\Debug\libnxp_lpcxpresso_11u14_board_lib.a(board.o)
 .comment       0x00000000       0x71 D:\usb\work\nxp_lpcxpresso_11u14_board_lib\Debug\libnxp_lpcxpresso_11u14_board_lib.a(board_sysinit.o)
 .comment       0x00000000       0x71 D:\usb\work\lpc_chip_11uxx_lib\Debug\liblpc_chip_11uxx_lib.a(adc_11xx.o)
 .comment       0x00000000       0x71 D:\usb\work\lpc_chip_11uxx_lib\Debug\liblpc_chip_11uxx_lib.a(chip_11xx.o)
 .comment       0x00000000       0x71 D:\usb\work\lpc_chip_11uxx_lib\Debug\liblpc_chip_11uxx_lib.a(clock_11xx.o)
 .comment       0x00000000       0x71 D:\usb\work\lpc_chip_11uxx_lib\Debug\liblpc_chip_11uxx_lib.a(gpio_11xx_1.o)
 .comment       0x00000000       0x71 D:\usb\work\lpc_chip_11uxx_lib\Debug\liblpc_chip_11uxx_lib.a(iocon_11xx.o)
 .comment       0x00000000       0x71 D:\usb\work\lpc_chip_11uxx_lib\Debug\liblpc_chip_11uxx_lib.a(ring_buffer.o)
 .comment       0x00000000       0x71 D:\usb\work\lpc_chip_11uxx_lib\Debug\liblpc_chip_11uxx_lib.a(sysctl_11xx.o)
 .comment       0x00000000       0x71 D:\usb\work\lpc_chip_11uxx_lib\Debug\liblpc_chip_11uxx_lib.a(uart_11xx.o)
 .comment       0x00000000       0x71 D:\usb\work\lpc_chip_11uxx_lib\libs\libusbd_11uxx_lib.a(mw_usbd_rom_api.o)
 .comment       0x00000000       0x71 D:\usb\work\lpc_chip_11uxx_lib\libs\libusbd_11uxx_lib.a(hw_usbd_ip3511.o)
 .comment       0x00000000       0x71 D:\usb\work\lpc_chip_11uxx_lib\libs\libusbd_11uxx_lib.a(mw_usbd_cdcuser.o)
 .comment       0x00000000       0x71 D:\usb\work\lpc_chip_11uxx_lib\libs\libusbd_11uxx_lib.a(mw_usbd_core.o)
 .comment       0x00000000       0x71 D:\usb\work\lpc_chip_11uxx_lib\libs\libusbd_11uxx_lib.a(mw_usbd_dfuuser.o)
 .comment       0x00000000       0x71 D:\usb\work\lpc_chip_11uxx_lib\libs\libusbd_11uxx_lib.a(mw_usbd_hiduser.o)
 .comment       0x00000000       0x71 D:\usb\work\lpc_chip_11uxx_lib\libs\libusbd_11uxx_lib.a(mw_usbd_mscuser.o)
 .comment       0x00000070       0x70 c:/nxp/lpcxpresso_6.1.4_194/lpcxpresso/tools/bin/../lib/gcc/arm-none-eabi/4.6.2/../../../../arm-none-eabi/lib/armv6-m\libcr_nohost.a(_cr__main.o)
                                 0x71 (size before relaxing)
 .comment       0x00000000       0x71 c:/nxp/lpcxpresso_6.1.4_194/lpcxpresso/tools/bin/../lib/gcc/arm-none-eabi/4.6.2/../../../../arm-none-eabi/lib/armv6-m\libcr_c.a(memcpy.o)
 .comment       0x00000000       0x71 c:/nxp/lpcxpresso_6.1.4_194/lpcxpresso/tools/bin/../lib/gcc/arm-none-eabi/4.6.2/../../../../arm-none-eabi/lib/armv6-m\libcr_c.a(memset.o)
 .comment       0x00000000       0x71 c:/nxp/lpcxpresso_6.1.4_194/lpcxpresso/tools/bin/../lib/gcc/arm-none-eabi/4.6.2/../../../../arm-none-eabi/lib/armv6-m\libcr_c.a(initio.o)
 .comment       0x00000000       0x71 c:/nxp/lpcxpresso_6.1.4_194/lpcxpresso/tools/bin/../lib/gcc/arm-none-eabi/4.6.2/../../../../arm-none-eabi/lib/armv6-m\libcr_c.a(setvbuf.o)
 .comment       0x00000000       0x71 c:/nxp/lpcxpresso_6.1.4_194/lpcxpresso/tools/bin/../lib/gcc/arm-none-eabi/4.6.2/../../../../arm-none-eabi/lib/armv6-m\libcr_c.a(stdio.o)
 .comment       0x00000000       0x71 c:/nxp/lpcxpresso_6.1.4_194/lpcxpresso/tools/bin/../lib/gcc/arm-none-eabi/4.6.2/../../../../arm-none-eabi/lib/armv6-m\libcr_c.a(__fillbuf.o)
 .comment       0x00000000       0x71 c:/nxp/lpcxpresso_6.1.4_194/lpcxpresso/tools/bin/../lib/gcc/arm-none-eabi/4.6.2/../../../../arm-none-eabi/lib/armv6-m\libcr_c.a(_deferredlazyseek.o)
 .comment       0x00000000       0x71 c:/nxp/lpcxpresso_6.1.4_194/lpcxpresso/tools/bin/../lib/gcc/arm-none-eabi/4.6.2/../../../../arm-none-eabi/lib/armv6-m\libcr_c.a(_fdopen.o)
 .comment       0x00000000       0x71 c:/nxp/lpcxpresso_6.1.4_194/lpcxpresso/tools/bin/../lib/gcc/arm-none-eabi/4.6.2/../../../../arm-none-eabi/lib/armv6-m\libcr_c.a(_fflush.o)
 .comment       0x00000000       0x71 c:/nxp/lpcxpresso_6.1.4_194/lpcxpresso/tools/bin/../lib/gcc/arm-none-eabi/4.6.2/../../../../arm-none-eabi/lib/armv6-m\libcr_c.a(_writebuf.o)
 .comment       0x00000000       0x71 c:/nxp/lpcxpresso_6.1.4_194/lpcxpresso/tools/bin/../lib/gcc/arm-none-eabi/4.6.2/../../../../arm-none-eabi/lib/armv6-m\libcr_c.a(alloc.o)
 .comment       0x00000000       0x71 c:/nxp/lpcxpresso_6.1.4_194/lpcxpresso/tools/bin/../lib/gcc/arm-none-eabi/4.6.2/../../../../arm-none-eabi/lib/armv6-m\libcr_c.a(fclose.o)
 .comment       0x00000000       0x71 c:/nxp/lpcxpresso_6.1.4_194/lpcxpresso/tools/bin/../lib/gcc/arm-none-eabi/4.6.2/../../../../arm-none-eabi/lib/armv6-m\libcr_c.a(fflush.o)
 .comment       0x00000000       0x71 c:/nxp/lpcxpresso_6.1.4_194/lpcxpresso/tools/bin/../lib/gcc/arm-none-eabi/4.6.2/../../../../arm-none-eabi/lib/armv6-m\libcr_c.a(fseek.o)
 .comment       0x00000000       0x71 c:/nxp/lpcxpresso_6.1.4_194/lpcxpresso/tools/bin/../lib/gcc/arm-none-eabi/4.6.2/../../../../arm-none-eabi/lib/armv6-m\libcr_c.a(ftell.o)
 .comment       0x00000000       0x71 c:/nxp/lpcxpresso_6.1.4_194/lpcxpresso/tools/bin/../lib/gcc/arm-none-eabi/4.6.2/../../../../arm-none-eabi/lib/armv6-m\libcr_c.a(remove.o)
 .comment       0x00000000       0x71 c:/nxp/lpcxpresso_6.1.4_194/lpcxpresso/tools/bin/../lib/gcc/arm-none-eabi/4.6.2/../../../../arm-none-eabi/lib/armv6-m\libcr_c.a(strlen.o)
 .comment       0x00000000       0x71 c:/nxp/lpcxpresso_6.1.4_194/lpcxpresso/tools/bin/../lib/gcc/arm-none-eabi/4.6.2/../../../../arm-none-eabi/lib/armv6-m\libcr_c.a(__init_alloc.o)
 .comment       0x00000000       0x71 c:/nxp/lpcxpresso_6.1.4_194/lpcxpresso/tools/bin/../lib/gcc/arm-none-eabi/4.6.2/../../../../arm-none-eabi/lib/armv6-m\libcr_c.a(_do_fflush.o)
 .comment       0x00000000       0x71 c:/nxp/lpcxpresso_6.1.4_194/lpcxpresso/tools/bin/../lib/gcc/arm-none-eabi/4.6.2/../../../../arm-none-eabi/lib/armv6-m\libcr_c.a(errno.o)
 .comment       0x00000000       0x71 c:/nxp/lpcxpresso_6.1.4_194/lpcxpresso/tools/bin/../lib/gcc/arm-none-eabi/4.6.2/armv6-m\libcr_eabihelpers.a(double.o)
 .comment       0x00000000       0x71 c:/nxp/lpcxpresso_6.1.4_194/lpcxpresso/tools/bin/../lib/gcc/arm-none-eabi/4.6.2/../../../../arm-none-eabi/lib/armv6-m\libcr_nohost.a(__sys_appexit.o)
 .comment       0x00000000       0x71 c:/nxp/lpcxpresso_6.1.4_194/lpcxpresso/tools/bin/../lib/gcc/arm-none-eabi/4.6.2/../../../../arm-none-eabi/lib/armv6-m\libcr_nohost.a(__sys_close.o)
 .comment       0x00000000       0x71 c:/nxp/lpcxpresso_6.1.4_194/lpcxpresso/tools/bin/../lib/gcc/arm-none-eabi/4.6.2/../../../../arm-none-eabi/lib/armv6-m\libcr_nohost.a(__sys_flen.o)
 .comment       0x00000000       0x71 c:/nxp/lpcxpresso_6.1.4_194/lpcxpresso/tools/bin/../lib/gcc/arm-none-eabi/4.6.2/../../../../arm-none-eabi/lib/armv6-m\libcr_nohost.a(__sys_istty.o)
 .comment       0x00000000       0x71 c:/nxp/lpcxpresso_6.1.4_194/lpcxpresso/tools/bin/../lib/gcc/arm-none-eabi/4.6.2/../../../../arm-none-eabi/lib/armv6-m\libcr_nohost.a(__sys_read.o)
 .comment       0x00000000       0x71 c:/nxp/lpcxpresso_6.1.4_194/lpcxpresso/tools/bin/../lib/gcc/arm-none-eabi/4.6.2/../../../../arm-none-eabi/lib/armv6-m\libcr_nohost.a(__sys_remove.o)
 .comment       0x00000000       0x71 c:/nxp/lpcxpresso_6.1.4_194/lpcxpresso/tools/bin/../lib/gcc/arm-none-eabi/4.6.2/../../../../arm-none-eabi/lib/armv6-m\libcr_nohost.a(__sys_rename.o)
 .comment       0x00000000       0x71 c:/nxp/lpcxpresso_6.1.4_194/lpcxpresso/tools/bin/../lib/gcc/arm-none-eabi/4.6.2/../../../../arm-none-eabi/lib/armv6-m\libcr_nohost.a(__sys_seek.o)
 .comment       0x00000000       0x71 c:/nxp/lpcxpresso_6.1.4_194/lpcxpresso/tools/bin/../lib/gcc/arm-none-eabi/4.6.2/../../../../arm-none-eabi/lib/armv6-m\libcr_nohost.a(__sys_tmpnam.o)
 .comment       0x00000000       0x71 c:/nxp/lpcxpresso_6.1.4_194/lpcxpresso/tools/bin/../lib/gcc/arm-none-eabi/4.6.2/../../../../arm-none-eabi/lib/armv6-m\libcr_nohost.a(_cr_sbrk.o)
 .comment       0x00000000       0x71 c:/nxp/lpcxpresso_6.1.4_194/lpcxpresso/tools/bin/../lib/gcc/arm-none-eabi/4.6.2/../../../../arm-none-eabi/lib/armv6-m\libcr_nohost.a(_cr_check_heap.o)

.ARM.attributes
                0x00000000       0x2f
 .ARM.attributes
                0x00000000       0x31 ./example/src/cdc_desc.o
 .ARM.attributes
                0x00000031       0x31 ./example/src/cdc_main.o
 .ARM.attributes
                0x00000062       0x31 ./example/src/cdc_vcom.o
 .ARM.attributes
                0x00000093       0x31 ./example/src/cr_startup_lpc11xx.o
 .ARM.attributes
                0x000000c4       0x31 ./example/src/sha2.o
 .ARM.attributes
                0x000000f5       0x31 ./example/src/sysinit.o
 .ARM.attributes
                0x00000126       0x31 D:\usb\work\nxp_lpcxpresso_11u14_board_lib\Debug\libnxp_lpcxpresso_11u14_board_lib.a(board.o)
 .ARM.attributes
                0x00000157       0x31 D:\usb\work\nxp_lpcxpresso_11u14_board_lib\Debug\libnxp_lpcxpresso_11u14_board_lib.a(board_sysinit.o)
 .ARM.attributes
                0x00000188       0x31 D:\usb\work\lpc_chip_11uxx_lib\Debug\liblpc_chip_11uxx_lib.a(adc_11xx.o)
 .ARM.attributes
                0x000001b9       0x31 D:\usb\work\lpc_chip_11uxx_lib\Debug\liblpc_chip_11uxx_lib.a(chip_11xx.o)
 .ARM.attributes
                0x000001ea       0x31 D:\usb\work\lpc_chip_11uxx_lib\Debug\liblpc_chip_11uxx_lib.a(clock_11xx.o)
 .ARM.attributes
                0x0000021b       0x31 D:\usb\work\lpc_chip_11uxx_lib\Debug\liblpc_chip_11uxx_lib.a(gpio_11xx_1.o)
 .ARM.attributes
                0x0000024c       0x31 D:\usb\work\lpc_chip_11uxx_lib\Debug\liblpc_chip_11uxx_lib.a(iocon_11xx.o)
 .ARM.attributes
                0x0000027d       0x31 D:\usb\work\lpc_chip_11uxx_lib\Debug\liblpc_chip_11uxx_lib.a(ring_buffer.o)
 .ARM.attributes
                0x000002ae       0x31 D:\usb\work\lpc_chip_11uxx_lib\Debug\liblpc_chip_11uxx_lib.a(sysctl_11xx.o)
 .ARM.attributes
                0x000002df       0x31 D:\usb\work\lpc_chip_11uxx_lib\Debug\liblpc_chip_11uxx_lib.a(uart_11xx.o)
 .ARM.attributes
                0x00000310       0x31 D:\usb\work\lpc_chip_11uxx_lib\libs\libusbd_11uxx_lib.a(mw_usbd_rom_api.o)
 .ARM.attributes
                0x00000341       0x31 D:\usb\work\lpc_chip_11uxx_lib\libs\libusbd_11uxx_lib.a(hw_usbd_ip3511.o)
 .ARM.attributes
                0x00000372       0x31 D:\usb\work\lpc_chip_11uxx_lib\libs\libusbd_11uxx_lib.a(mw_usbd_cdcuser.o)
 .ARM.attributes
                0x000003a3       0x31 D:\usb\work\lpc_chip_11uxx_lib\libs\libusbd_11uxx_lib.a(mw_usbd_core.o)
 .ARM.attributes
                0x000003d4       0x31 D:\usb\work\lpc_chip_11uxx_lib\libs\libusbd_11uxx_lib.a(mw_usbd_dfuuser.o)
 .ARM.attributes
                0x00000405       0x31 D:\usb\work\lpc_chip_11uxx_lib\libs\libusbd_11uxx_lib.a(mw_usbd_hiduser.o)
 .ARM.attributes
                0x00000436       0x31 D:\usb\work\lpc_chip_11uxx_lib\libs\libusbd_11uxx_lib.a(mw_usbd_mscuser.o)
 .ARM.attributes
                0x00000467       0x31 c:/nxp/lpcxpresso_6.1.4_194/lpcxpresso/tools/bin/../lib/gcc/arm-none-eabi/4.6.2/../../../../arm-none-eabi/lib/armv6-m\libcr_nohost.a(_cr__main.o)
 .ARM.attributes
                0x00000498       0x31 c:/nxp/lpcxpresso_6.1.4_194/lpcxpresso/tools/bin/../lib/gcc/arm-none-eabi/4.6.2/../../../../arm-none-eabi/lib/armv6-m\libcr_c.a(memcpy.o)
 .ARM.attributes
                0x000004c9       0x31 c:/nxp/lpcxpresso_6.1.4_194/lpcxpresso/tools/bin/../lib/gcc/arm-none-eabi/4.6.2/../../../../arm-none-eabi/lib/armv6-m\libcr_c.a(memset.o)
 .ARM.attributes
                0x000004fa       0x31 c:/nxp/lpcxpresso_6.1.4_194/lpcxpresso/tools/bin/../lib/gcc/arm-none-eabi/4.6.2/../../../../arm-none-eabi/lib/armv6-m\libcr_c.a(initio.o)
 .ARM.attributes
                0x0000052b       0x31 c:/nxp/lpcxpresso_6.1.4_194/lpcxpresso/tools/bin/../lib/gcc/arm-none-eabi/4.6.2/../../../../arm-none-eabi/lib/armv6-m\libcr_c.a(setvbuf.o)
 .ARM.attributes
                0x0000055c       0x31 c:/nxp/lpcxpresso_6.1.4_194/lpcxpresso/tools/bin/../lib/gcc/arm-none-eabi/4.6.2/../../../../arm-none-eabi/lib/armv6-m\libcr_c.a(stdio.o)
 .ARM.attributes
                0x0000058d       0x31 c:/nxp/lpcxpresso_6.1.4_194/lpcxpresso/tools/bin/../lib/gcc/arm-none-eabi/4.6.2/../../../../arm-none-eabi/lib/armv6-m\libcr_c.a(__fillbuf.o)
 .ARM.attributes
                0x000005be       0x31 c:/nxp/lpcxpresso_6.1.4_194/lpcxpresso/tools/bin/../lib/gcc/arm-none-eabi/4.6.2/../../../../arm-none-eabi/lib/armv6-m\libcr_c.a(_deferredlazyseek.o)
 .ARM.attributes
                0x000005ef       0x31 c:/nxp/lpcxpresso_6.1.4_194/lpcxpresso/tools/bin/../lib/gcc/arm-none-eabi/4.6.2/../../../../arm-none-eabi/lib/armv6-m\libcr_c.a(_fdopen.o)
 .ARM.attributes
                0x00000620       0x31 c:/nxp/lpcxpresso_6.1.4_194/lpcxpresso/tools/bin/../lib/gcc/arm-none-eabi/4.6.2/../../../../arm-none-eabi/lib/armv6-m\libcr_c.a(_fflush.o)
 .ARM.attributes
                0x00000651       0x31 c:/nxp/lpcxpresso_6.1.4_194/lpcxpresso/tools/bin/../lib/gcc/arm-none-eabi/4.6.2/../../../../arm-none-eabi/lib/armv6-m\libcr_c.a(_writebuf.o)
 .ARM.attributes
                0x00000682       0x31 c:/nxp/lpcxpresso_6.1.4_194/lpcxpresso/tools/bin/../lib/gcc/arm-none-eabi/4.6.2/../../../../arm-none-eabi/lib/armv6-m\libcr_c.a(alloc.o)
 .ARM.attributes
                0x000006b3       0x31 c:/nxp/lpcxpresso_6.1.4_194/lpcxpresso/tools/bin/../lib/gcc/arm-none-eabi/4.6.2/../../../../arm-none-eabi/lib/armv6-m\libcr_c.a(fclose.o)
 .ARM.attributes
                0x000006e4       0x31 c:/nxp/lpcxpresso_6.1.4_194/lpcxpresso/tools/bin/../lib/gcc/arm-none-eabi/4.6.2/../../../../arm-none-eabi/lib/armv6-m\libcr_c.a(fflush.o)
 .ARM.attributes
                0x00000715       0x31 c:/nxp/lpcxpresso_6.1.4_194/lpcxpresso/tools/bin/../lib/gcc/arm-none-eabi/4.6.2/../../../../arm-none-eabi/lib/armv6-m\libcr_c.a(fseek.o)
 .ARM.attributes
                0x00000746       0x31 c:/nxp/lpcxpresso_6.1.4_194/lpcxpresso/tools/bin/../lib/gcc/arm-none-eabi/4.6.2/../../../../arm-none-eabi/lib/armv6-m\libcr_c.a(ftell.o)
 .ARM.attributes
                0x00000777       0x31 c:/nxp/lpcxpresso_6.1.4_194/lpcxpresso/tools/bin/../lib/gcc/arm-none-eabi/4.6.2/../../../../arm-none-eabi/lib/armv6-m\libcr_c.a(remove.o)
 .ARM.attributes
                0x000007a8       0x31 c:/nxp/lpcxpresso_6.1.4_194/lpcxpresso/tools/bin/../lib/gcc/arm-none-eabi/4.6.2/../../../../arm-none-eabi/lib/armv6-m\libcr_c.a(strlen.o)
 .ARM.attributes
                0x000007d9       0x31 c:/nxp/lpcxpresso_6.1.4_194/lpcxpresso/tools/bin/../lib/gcc/arm-none-eabi/4.6.2/../../../../arm-none-eabi/lib/armv6-m\libcr_c.a(__init_alloc.o)
 .ARM.attributes
                0x0000080a       0x31 c:/nxp/lpcxpresso_6.1.4_194/lpcxpresso/tools/bin/../lib/gcc/arm-none-eabi/4.6.2/../../../../arm-none-eabi/lib/armv6-m\libcr_c.a(_do_fflush.o)
 .ARM.attributes
                0x0000083b       0x31 c:/nxp/lpcxpresso_6.1.4_194/lpcxpresso/tools/bin/../lib/gcc/arm-none-eabi/4.6.2/../../../../arm-none-eabi/lib/armv6-m\libcr_c.a(errno.o)
 .ARM.attributes
                0x0000086c       0x21 c:/nxp/lpcxpresso_6.1.4_194/lpcxpresso/tools/bin/../lib/gcc/arm-none-eabi/4.6.2/armv6-m\libcr_eabihelpers.a(division.o)
 .ARM.attributes
                0x0000088d       0x31 c:/nxp/lpcxpresso_6.1.4_194/lpcxpresso/tools/bin/../lib/gcc/arm-none-eabi/4.6.2/armv6-m\libcr_eabihelpers.a(double.o)
 .ARM.attributes
                0x000008be       0x21 c:/nxp/lpcxpresso_6.1.4_194/lpcxpresso/tools/bin/../lib/gcc/arm-none-eabi/4.6.2/armv6-m\libcr_eabihelpers.a(llong.o)
 .ARM.attributes
                0x000008df       0x21 c:/nxp/lpcxpresso_6.1.4_194/lpcxpresso/tools/bin/../lib/gcc/arm-none-eabi/4.6.2/armv6-m\libcr_eabihelpers.a(memcpy.o)
 .ARM.attributes
                0x00000900       0x31 c:/nxp/lpcxpresso_6.1.4_194/lpcxpresso/tools/bin/../lib/gcc/arm-none-eabi/4.6.2/../../../../arm-none-eabi/lib/armv6-m\libcr_nohost.a(__sys_appexit.o)
 .ARM.attributes
                0x00000931       0x31 c:/nxp/lpcxpresso_6.1.4_194/lpcxpresso/tools/bin/../lib/gcc/arm-none-eabi/4.6.2/../../../../arm-none-eabi/lib/armv6-m\libcr_nohost.a(__sys_close.o)
 .ARM.attributes
                0x00000962       0x31 c:/nxp/lpcxpresso_6.1.4_194/lpcxpresso/tools/bin/../lib/gcc/arm-none-eabi/4.6.2/../../../../arm-none-eabi/lib/armv6-m\libcr_nohost.a(__sys_flen.o)
 .ARM.attributes
                0x00000993       0x31 c:/nxp/lpcxpresso_6.1.4_194/lpcxpresso/tools/bin/../lib/gcc/arm-none-eabi/4.6.2/../../../../arm-none-eabi/lib/armv6-m\libcr_nohost.a(__sys_istty.o)
 .ARM.attributes
                0x000009c4       0x31 c:/nxp/lpcxpresso_6.1.4_194/lpcxpresso/tools/bin/../lib/gcc/arm-none-eabi/4.6.2/../../../../arm-none-eabi/lib/armv6-m\libcr_nohost.a(__sys_read.o)
 .ARM.attributes
                0x000009f5       0x31 c:/nxp/lpcxpresso_6.1.4_194/lpcxpresso/tools/bin/../lib/gcc/arm-none-eabi/4.6.2/../../../../arm-none-eabi/lib/armv6-m\libcr_nohost.a(__sys_remove.o)
 .ARM.attributes
                0x00000a26       0x31 c:/nxp/lpcxpresso_6.1.4_194/lpcxpresso/tools/bin/../lib/gcc/arm-none-eabi/4.6.2/../../../../arm-none-eabi/lib/armv6-m\libcr_nohost.a(__sys_rename.o)
 .ARM.attributes
                0x00000a57       0x31 c:/nxp/lpcxpresso_6.1.4_194/lpcxpresso/tools/bin/../lib/gcc/arm-none-eabi/4.6.2/../../../../arm-none-eabi/lib/armv6-m\libcr_nohost.a(__sys_seek.o)
 .ARM.attributes
                0x00000a88       0x31 c:/nxp/lpcxpresso_6.1.4_194/lpcxpresso/tools/bin/../lib/gcc/arm-none-eabi/4.6.2/../../../../arm-none-eabi/lib/armv6-m\libcr_nohost.a(__sys_tmpnam.o)
 .ARM.attributes
                0x00000ab9       0x31 c:/nxp/lpcxpresso_6.1.4_194/lpcxpresso/tools/bin/../lib/gcc/arm-none-eabi/4.6.2/../../../../arm-none-eabi/lib/armv6-m\libcr_nohost.a(_cr_sbrk.o)
 .ARM.attributes
                0x00000aea       0x31 c:/nxp/lpcxpresso_6.1.4_194/lpcxpresso/tools/bin/../lib/gcc/arm-none-eabi/4.6.2/../../../../arm-none-eabi/lib/armv6-m\libcr_nohost.a(_cr_check_heap.o)

.debug_loc      0x00000000     0x2891
 .debug_loc     0x00000000      0x7f8 ./example/src/cdc_main.o
 .debug_loc     0x000007f8      0x26a ./example/src/cdc_vcom.o
 .debug_loc     0x00000a62      0x28f ./example/src/cr_startup_lpc11xx.o
 .debug_loc     0x00000cf1      0x190 ./example/src/sha2.o
 .debug_loc     0x00000e81       0x2c ./example/src/sysinit.o
 .debug_loc     0x00000ead      0x4c0 D:\usb\work\nxp_lpcxpresso_11u14_board_lib\Debug\libnxp_lpcxpresso_11u14_board_lib.a(board.o)
 .debug_loc     0x0000136d      0x20c D:\usb\work\nxp_lpcxpresso_11u14_board_lib\Debug\libnxp_lpcxpresso_11u14_board_lib.a(board_sysinit.o)
 .debug_loc     0x00001579      0x3ac D:\usb\work\lpc_chip_11uxx_lib\Debug\liblpc_chip_11uxx_lib.a(adc_11xx.o)
 .debug_loc     0x00001925       0x2c D:\usb\work\lpc_chip_11uxx_lib\Debug\liblpc_chip_11uxx_lib.a(chip_11xx.o)
 .debug_loc     0x00001951      0x370 D:\usb\work\lpc_chip_11uxx_lib\Debug\liblpc_chip_11uxx_lib.a(clock_11xx.o)
 .debug_loc     0x00001cc1      0x2a0 D:\usb\work\lpc_chip_11uxx_lib\Debug\liblpc_chip_11uxx_lib.a(gpio_11xx_1.o)
 .debug_loc     0x00001f61       0x38 D:\usb\work\lpc_chip_11uxx_lib\Debug\liblpc_chip_11uxx_lib.a(iocon_11xx.o)
 .debug_loc     0x00001f99      0x1f8 D:\usb\work\lpc_chip_11uxx_lib\Debug\liblpc_chip_11uxx_lib.a(ring_buffer.o)
 .debug_loc     0x00002191       0xe0 D:\usb\work\lpc_chip_11uxx_lib\Debug\liblpc_chip_11uxx_lib.a(sysctl_11xx.o)
 .debug_loc     0x00002271      0x620 D:\usb\work\lpc_chip_11uxx_lib\Debug\liblpc_chip_11uxx_lib.a(uart_11xx.o)

.debug_aranges  0x00000000      0x758
 .debug_aranges
                0x00000000      0x158 ./example/src/cdc_main.o
 .debug_aranges
                0x00000158       0x70 ./example/src/cdc_vcom.o
 .debug_aranges
                0x000001c8       0x60 ./example/src/cr_startup_lpc11xx.o
 .debug_aranges
                0x00000228       0x50 ./example/src/sha2.o
 .debug_aranges
                0x00000278       0x20 ./example/src/sysinit.o
 .debug_aranges
                0x00000298       0xd0 D:\usb\work\nxp_lpcxpresso_11u14_board_lib\Debug\libnxp_lpcxpresso_11u14_board_lib.a(board.o)
 .debug_aranges
                0x00000368       0x68 D:\usb\work\nxp_lpcxpresso_11u14_board_lib\Debug\libnxp_lpcxpresso_11u14_board_lib.a(board_sysinit.o)
 .debug_aranges
                0x000003d0       0xa0 D:\usb\work\lpc_chip_11uxx_lib\Debug\liblpc_chip_11uxx_lib.a(adc_11xx.o)
 .debug_aranges
                0x00000470       0x20 D:\usb\work\lpc_chip_11uxx_lib\Debug\liblpc_chip_11uxx_lib.a(chip_11xx.o)
 .debug_aranges
                0x00000490       0xa0 D:\usb\work\lpc_chip_11uxx_lib\Debug\liblpc_chip_11uxx_lib.a(clock_11xx.o)
 .debug_aranges
                0x00000530       0x78 D:\usb\work\lpc_chip_11uxx_lib\Debug\liblpc_chip_11uxx_lib.a(gpio_11xx_1.o)
 .debug_aranges
                0x000005a8       0x20 D:\usb\work\lpc_chip_11uxx_lib\Debug\liblpc_chip_11uxx_lib.a(iocon_11xx.o)
 .debug_aranges
                0x000005c8       0x60 D:\usb\work\lpc_chip_11uxx_lib\Debug\liblpc_chip_11uxx_lib.a(ring_buffer.o)
 .debug_aranges
                0x00000628       0x38 D:\usb\work\lpc_chip_11uxx_lib\Debug\liblpc_chip_11uxx_lib.a(sysctl_11xx.o)
 .debug_aranges
                0x00000660       0xf8 D:\usb\work\lpc_chip_11uxx_lib\Debug\liblpc_chip_11uxx_lib.a(uart_11xx.o)

.debug_ranges   0x00000000      0x668
 .debug_ranges  0x00000000      0x148 ./example/src/cdc_main.o
 .debug_ranges  0x00000148       0x60 ./example/src/cdc_vcom.o
 .debug_ranges  0x000001a8       0x50 ./example/src/cr_startup_lpc11xx.o
 .debug_ranges  0x000001f8       0x40 ./example/src/sha2.o
 .debug_ranges  0x00000238       0x10 ./example/src/sysinit.o
 .debug_ranges  0x00000248       0xc0 D:\usb\work\nxp_lpcxpresso_11u14_board_lib\Debug\libnxp_lpcxpresso_11u14_board_lib.a(board.o)
 .debug_ranges  0x00000308       0x58 D:\usb\work\nxp_lpcxpresso_11u14_board_lib\Debug\libnxp_lpcxpresso_11u14_board_lib.a(board_sysinit.o)
 .debug_ranges  0x00000360       0x90 D:\usb\work\lpc_chip_11uxx_lib\Debug\liblpc_chip_11uxx_lib.a(adc_11xx.o)
 .debug_ranges  0x000003f0       0x10 D:\usb\work\lpc_chip_11uxx_lib\Debug\liblpc_chip_11uxx_lib.a(chip_11xx.o)
 .debug_ranges  0x00000400       0x90 D:\usb\work\lpc_chip_11uxx_lib\Debug\liblpc_chip_11uxx_lib.a(clock_11xx.o)
 .debug_ranges  0x00000490       0x68 D:\usb\work\lpc_chip_11uxx_lib\Debug\liblpc_chip_11uxx_lib.a(gpio_11xx_1.o)
 .debug_ranges  0x000004f8       0x10 D:\usb\work\lpc_chip_11uxx_lib\Debug\liblpc_chip_11uxx_lib.a(iocon_11xx.o)
 .debug_ranges  0x00000508       0x50 D:\usb\work\lpc_chip_11uxx_lib\Debug\liblpc_chip_11uxx_lib.a(ring_buffer.o)
 .debug_ranges  0x00000558       0x28 D:\usb\work\lpc_chip_11uxx_lib\Debug\liblpc_chip_11uxx_lib.a(sysctl_11xx.o)
 .debug_ranges  0x00000580       0xe8 D:\usb\work\lpc_chip_11uxx_lib\Debug\liblpc_chip_11uxx_lib.a(uart_11xx.o)

.debug_frame    0x00000000     0x17f0
 .debug_frame   0x00000000      0x4d4 ./example/src/cdc_main.o
 .debug_frame   0x000004d4      0x170 ./example/src/cdc_vcom.o
 .debug_frame   0x00000644       0xec ./example/src/cr_startup_lpc11xx.o
 .debug_frame   0x00000730       0xf0 ./example/src/sha2.o
 .debug_frame   0x00000820       0x2c ./example/src/sysinit.o
 .debug_frame   0x0000084c      0x2d8 D:\usb\work\nxp_lpcxpresso_11u14_board_lib\Debug\libnxp_lpcxpresso_11u14_board_lib.a(board.o)
 .debug_frame   0x00000b24      0x144 D:\usb\work\nxp_lpcxpresso_11u14_board_lib\Debug\libnxp_lpcxpresso_11u14_board_lib.a(board_sysinit.o)
 .debug_frame   0x00000c68      0x22c D:\usb\work\lpc_chip_11uxx_lib\Debug\liblpc_chip_11uxx_lib.a(adc_11xx.o)
 .debug_frame   0x00000e94       0x2c D:\usb\work\lpc_chip_11uxx_lib\Debug\liblpc_chip_11uxx_lib.a(chip_11xx.o)
 .debug_frame   0x00000ec0      0x220 D:\usb\work\lpc_chip_11uxx_lib\Debug\liblpc_chip_11uxx_lib.a(clock_11xx.o)
 .debug_frame   0x000010e0      0x190 D:\usb\work\lpc_chip_11uxx_lib\Debug\liblpc_chip_11uxx_lib.a(gpio_11xx_1.o)
 .debug_frame   0x00001270       0x30 D:\usb\work\lpc_chip_11uxx_lib\Debug\liblpc_chip_11uxx_lib.a(iocon_11xx.o)
 .debug_frame   0x000012a0      0x130 D:\usb\work\lpc_chip_11uxx_lib\Debug\liblpc_chip_11uxx_lib.a(ring_buffer.o)
 .debug_frame   0x000013d0       0x90 D:\usb\work\lpc_chip_11uxx_lib\Debug\liblpc_chip_11uxx_lib.a(sysctl_11xx.o)
 .debug_frame   0x00001460      0x390 D:\usb\work\lpc_chip_11uxx_lib\Debug\liblpc_chip_11uxx_lib.a(uart_11xx.o)
