Archive member included because of file (symbol)

D:\usb\work\nxp_lpcxpresso_11u14_board_lib\Debug\libnxp_lpcxpresso_11u14_board_lib.a(board.o)
                              ./example/src/cdc_main.o (Board_LED_Set)
D:\usb\work\nxp_lpcxpresso_11u14_board_lib\Debug\libnxp_lpcxpresso_11u14_board_lib.a(board_sysinit.o)
                              ./example/src/sysinit.o (Board_SystemInit)
D:\usb\work\lpc_chip_11uxx_lib\Debug\liblpc_chip_11uxx_lib.a(adc_11xx.o)
                              ./example/src/cdc_main.o (Chip_ADC_Init)
D:\usb\work\lpc_chip_11uxx_lib\Debug\liblpc_chip_11uxx_lib.a(chip_11xx.o)
                              ./example/src/cdc_main.o (SystemCoreClockUpdate)
D:\usb\work\lpc_chip_11uxx_lib\Debug\liblpc_chip_11uxx_lib.a(clock_11xx.o)
                              D:\usb\work\nxp_lpcxpresso_11u14_board_lib\Debug\libnxp_lpcxpresso_11u14_board_lib.a(board_sysinit.o) (Chip_Clock_SetSystemPLLSource)
D:\usb\work\lpc_chip_11uxx_lib\Debug\liblpc_chip_11uxx_lib.a(gpio_11xx_1.o)
                              D:\usb\work\nxp_lpcxpresso_11u14_board_lib\Debug\libnxp_lpcxpresso_11u14_board_lib.a(board.o) (Chip_GPIO_Init)
D:\usb\work\lpc_chip_11uxx_lib\Debug\liblpc_chip_11uxx_lib.a(iocon_11xx.o)
                              ./example/src/cdc_main.o (Chip_IOCON_PinMuxSet)
D:\usb\work\lpc_chip_11uxx_lib\Debug\liblpc_chip_11uxx_lib.a(ring_buffer.o)
                              ./example/src/cdc_main.o (RingBuffer_Init)
D:\usb\work\lpc_chip_11uxx_lib\Debug\liblpc_chip_11uxx_lib.a(sysctl_11xx.o)
                              D:\usb\work\nxp_lpcxpresso_11u14_board_lib\Debug\libnxp_lpcxpresso_11u14_board_lib.a(board_sysinit.o) (Chip_SYSCTL_PowerDown)
D:\usb\work\lpc_chip_11uxx_lib\Debug\liblpc_chip_11uxx_lib.a(uart_11xx.o)
                              ./example/src/cdc_main.o (Chip_UART_Init)
D:\usb\work\lpc_chip_11uxx_lib\libs\libusbd_11uxx_lib.a(mw_usbd_rom_api.o)
                              ./example/src/cdc_main.o (cdc_api)
D:\usb\work\lpc_chip_11uxx_lib\libs\libusbd_11uxx_lib.a(hw_usbd_ip3511.o)
                              D:\usb\work\lpc_chip_11uxx_lib\libs\libusbd_11uxx_lib.a(mw_usbd_rom_api.o) (hwUSB_ForceFullSpeed)
D:\usb\work\lpc_chip_11uxx_lib\libs\libusbd_11uxx_lib.a(mw_usbd_cdcuser.o)
                              D:\usb\work\lpc_chip_11uxx_lib\libs\libusbd_11uxx_lib.a(mw_usbd_rom_api.o) (mwCDC_SendNotification)
D:\usb\work\lpc_chip_11uxx_lib\libs\libusbd_11uxx_lib.a(mw_usbd_core.o)
                              D:\usb\work\lpc_chip_11uxx_lib\libs\libusbd_11uxx_lib.a(hw_usbd_ip3511.o) (mwUSB_ResetCore)
D:\usb\work\lpc_chip_11uxx_lib\libs\libusbd_11uxx_lib.a(mw_usbd_dfuuser.o)
                              D:\usb\work\lpc_chip_11uxx_lib\libs\libusbd_11uxx_lib.a(mw_usbd_rom_api.o) (mwDFU_GetMemSize)
D:\usb\work\lpc_chip_11uxx_lib\libs\libusbd_11uxx_lib.a(mw_usbd_hiduser.o)
                              D:\usb\work\lpc_chip_11uxx_lib\libs\libusbd_11uxx_lib.a(mw_usbd_rom_api.o) (mwHID_GetMemSize)
D:\usb\work\lpc_chip_11uxx_lib\libs\libusbd_11uxx_lib.a(mw_usbd_mscuser.o)
                              D:\usb\work\lpc_chip_11uxx_lib\libs\libusbd_11uxx_lib.a(mw_usbd_rom_api.o) (mwMSC_GetMemSize)
c:/nxp/lpcxpresso_6.1.4_194/lpcxpresso/tools/bin/../lib/gcc/arm-none-eabi/4.6.2/../../../../arm-none-eabi/lib/armv6-m\libcr_nohost.a(_cr__main.o)
                              ./example/src/cr_startup_lpc11xx.o (__main)
c:/nxp/lpcxpresso_6.1.4_194/lpcxpresso/tools/bin/../lib/gcc/arm-none-eabi/4.6.2/../../../../arm-none-eabi/lib/armv6-m\libcr_c.a(memcpy.o)
                              ./example/src/cdc_vcom.o (memcpy)
c:/nxp/lpcxpresso_6.1.4_194/lpcxpresso/tools/bin/../lib/gcc/arm-none-eabi/4.6.2/../../../../arm-none-eabi/lib/armv6-m\libcr_c.a(memset.o)
                              ./example/src/cdc_main.o (memset)
c:/nxp/lpcxpresso_6.1.4_194/lpcxpresso/tools/bin/../lib/gcc/arm-none-eabi/4.6.2/../../../../arm-none-eabi/lib/armv6-m\libcr_c.a(initio.o)
                              c:/nxp/lpcxpresso_6.1.4_194/lpcxpresso/tools/bin/../lib/gcc/arm-none-eabi/4.6.2/../../../../arm-none-eabi/lib/armv6-m\libcr_nohost.a(_cr__main.o) (_initio)
c:/nxp/lpcxpresso_6.1.4_194/lpcxpresso/tools/bin/../lib/gcc/arm-none-eabi/4.6.2/../../../../arm-none-eabi/lib/armv6-m\libcr_c.a(setvbuf.o)
                              c:/nxp/lpcxpresso_6.1.4_194/lpcxpresso/tools/bin/../lib/gcc/arm-none-eabi/4.6.2/../../../../arm-none-eabi/lib/armv6-m\libcr_c.a(initio.o) (setvbuf)
c:/nxp/lpcxpresso_6.1.4_194/lpcxpresso/tools/bin/../lib/gcc/arm-none-eabi/4.6.2/../../../../arm-none-eabi/lib/armv6-m\libcr_c.a(stdio.o)
                              c:/nxp/lpcxpresso_6.1.4_194/lpcxpresso/tools/bin/../lib/gcc/arm-none-eabi/4.6.2/../../../../arm-none-eabi/lib/armv6-m\libcr_c.a(initio.o) (__Ciob)
c:/nxp/lpcxpresso_6.1.4_194/lpcxpresso/tools/bin/../lib/gcc/arm-none-eabi/4.6.2/../../../../arm-none-eabi/lib/armv6-m\libcr_c.a(__fillbuf.o)
[...]
Memory Configuration

Name             Origin             Length             Attributes
MFlash32         0x00000000         0x00008000         xr
RamLoc4          0x10000000         0x00001000         xrw
RamUsb2          0x20004000         0x00000800         xrw
*default*        0x00000000         0xffffffff

Linker script and memory map

LOAD ./example/src/cdc_desc.o
LOAD ./example/src/cdc_main.o
LOAD ./example/src/cdc_vcom.o
LOAD ./example/src/cr_startup_lpc11xx.o
LOAD ./example/src/sha2.o
LOAD ./example/src/sysinit.o
LOAD D:\usb\work\nxp_lpcxpresso_11u14_board_lib\Debug\libnxp_lpcxpresso_11u14_board_lib.a
LOAD D:\usb\work\lpc_chip_11uxx_lib\Debug\liblpc_chip_11uxx_lib.a
LOAD D:\usb\work\lpc_chip_11uxx_lib\libs\libusbd_11uxx_lib.a
START GROUP
LOAD c:/nxp/lpcxpresso_6.1.4_194/lpcxpresso/tools/bin/../lib/gcc/arm-none-eabi/4.6.2/../../../../arm-none-eabi/lib/armv6-m\libcr_nohost.a
LOAD c:/nxp/lpcxpresso_6.1.4_194/lpcxpresso/tools/bin/../lib/gcc/arm-none-eabi/4.6.2/../../../../arm-none-eabi/lib/armv6-m\libcr_c.a
LOAD c:/nxp/lpcxpresso_6.1.4_194/lpcxpresso/tools/bin/../lib/gcc/arm-none-eabi/4.6.2/armv6-m\libcr_eabihelpers.a
END GROUP
                0x00008000                __top_MFlash32 = 0x8000
                0x10001000                __top_RamLoc4 = 0x10001000
                0x20004800                __top_RamUsb2 = 0x20004800

.text           0x00000000     0x532c
 FILL mask 0xff
                0x00000000                __vectors_start__ = ABSOLUTE (.)
 *(.isr_vector)
 .isr_vector    0x00000000       0xc0 ./example/src/cr_startup_lpc11xx.o
                0x00000000                g_pfnVectors
                0x000000c0                . = ALIGN (0x4)
                0x000000c0                __section_table_start = .
                0x000000c0                __data_section_table = .
                0x000000c0        0x4 LONG 0x532c LOADADDR (.data)
                0x000000c4        0x4 LONG 0x10000000 ADDR (.data)
                0x000000c8        0x4 LONG 0x150 SIZEOF (.data)
                0x000000cc        0x4 LONG 0x532c LOADADDR (.data_RAM2)
                0x000000d0        0x4 LONG 0x20004000 ADDR (.data_RAM2)
                0x000000d4        0x4 LONG 0x0 SIZEOF (.data_RAM2)
                0x000000d8                __data_section_table_end = .
                0x000000d8                __bss_section_table = .
                0x000000d8        0x4 LONG 0x10000150 ADDR (.bss)
                0x000000dc        0x4 LONG 0x33c SIZEOF (.bss)
                0x000000e0        0x4 LONG 0x20004000 ADDR (.bss_RAM2)
                0x000000e4        0x4 LONG 0x0 SIZEOF (.bss_RAM2)
                0x000000e8                __bss_section_table_end = .
                0x000000e8                __section_table_end = .
 *(.after_vectors*)
 .after_vectors
                0x000000e8       0x80 ./example/src/cr_startup_lpc11xx.o
                0x000000e8                NMI_Handler
                0x000000ec                HardFault_Handler
                0x000000f0                SVC_Handler
                0x000000f4                PendSV_Handler
                0x000000f8                SysTick_Handler
                0x000000fc                data_init
                0x0000010e                bss_init
                0x00000120                ResetISR
                0x00000164                TIMER32_1_IRQHandler
                0x00000164                FLEX_INT1_IRQHandler
                0x00000164                IntDefaultHandler
                0x00000164                SSP0_IRQHandler
                0x00000164                USBWakeup_IRQHandler
                0x00000164                TIMER32_0_IRQHandler
                0x00000164                FLEX_INT0_IRQHandler
                0x00000164                FLEX_INT2_IRQHandler
                0x00000164                TIMER16_1_IRQHandler
                0x00000164                USB_FIQHandler
                0x00000164                FLEX_INT5_IRQHandler
                0x00000164                ADC_IRQHandler
                0x00000164                SSP1_IRQHandler
                0x00000164                FLEX_INT3_IRQHandler
                0x00000164                BOD_IRQHandler
                0x00000164                I2C_IRQHandler
                0x00000164                WDT_IRQHandler
                0x00000164                FLEX_INT7_IRQHandler
                0x00000164                GINT0_IRQHandler
                0x00000164                FLEX_INT4_IRQHandler
                0x00000164                TIMER16_0_IRQHandler
                0x00000164                FLEX_INT6_IRQHandler
                0x00000164                FMC_IRQHandler
                0x00000164                GINT1_IRQHandler
                0x000002fc                . = 0x2fc
 *fill*         0x00000168      0x194 ff
                0x000002fc                PROVIDE (__CRP_WORD_START__, .)
 *(.crp)
 .crp           0x000002fc        0x4 ./example/src/cdc_main.o
                0x000002fc                CRP_WORD
                0x00000300                PROVIDE (__CRP_WORD_END__, .)
                0x00000001                ASSERT (! ((__CRP_WORD_START__ == __CRP_WORD_END__)), Linker CRP Enabled, but no CRP_WORD provided within application)
 *(.text*)
 .text.NVIC_EnableIRQ
                0x00000300       0x2c ./example/src/cdc_main.o
 .text.NVIC_SetPriority
                0x0000032c       0xe0 ./example/src/cdc_main.o
 .text.Chip_Clock_EnablePeriphClock
                0x0000040c       0x34 ./example/src/cdc_main.o
 .text.Chip_UART_TXEnable
                0x00000440       0x14 ./example/src/cdc_main.o
 .text.Chip_UART_SetupFIFOS
                0x00000454       0x18 ./example/src/cdc_main.o
 .text.Chip_UART_ConfigData
                0x0000046c       0x18 ./example/src/cdc_main.o
 .text.Chip_GPIO_SetPinState
                0x00000484       0x34 ./example/src/cdc_main.o
 .text.Chip_GPIO_ReadPortBit
                0x000004b8       0x2c ./example/src/cdc_main.o
 .text.Chip_GPIO_SetPinDIROutput
                0x000004e4       0x48 ./example/src/cdc_main.o
 .text.Chip_GPIO_SetPinDIRInput
                0x0000052c       0x48 ./example/src/cdc_main.o
 .text.vcom_connected
                0x00000574       0x1c ./example/src/cdc_main.o
 .text.usb_pin_clk_init
                0x00000590       0x28 ./example/src/cdc_main.o
 .text.USB_IRQHandler
                0x000005b8       0x20 ./example/src/cdc_main.o
                0x000005b8                USB_IRQHandler
 .text.find_IntfDesc
                0x000005d8       0x5c ./example/src/cdc_main.o
                0x000005d8                find_IntfDesc
 .text.Init_CLKOUT_PinMux
                0x00000634       0x1c ./example/src/cdc_main.o
 .text.gen_test_a3233
                0x00000650      0x11c ./example/src/cdc_main.o
                0x00000650                gen_test_a3233
 .text.Init_UART_PinMux
                0x0000076c       0x28 ./example/src/cdc_main.o
 .text.UART_IRQHandler
                0x00000794       0x24 ./example/src/cdc_main.o
                0x00000794                UART_IRQHandler
 .text.POWER_Enable
                0x000007b8       0x24 ./example/src/cdc_main.o
 .text.Init_POWER
                0x000007dc       0x64 ./example/src/cdc_main.o
 .text.POWER_Cfg
                0x00000840       0x48 ./example/src/cdc_main.o
 .text.Init_Rstn
                0x00000888       0x28 ./example/src/cdc_main.o
 .text.Sent_Rstn
                0x000008b0       0x6c ./example/src/cdc_main.o
 .text.Init_I2c
                0x0000091c       0x68 ./example/src/cdc_main.o
 .text.I2c_Start
                0x00000984       0x5c ./example/src/cdc_main.o
 .text.I2c_Stop
                0x000009e0       0x3c ./example/src/cdc_main.o
 .text.I2c_w_byte
                0x00000a1c      0x110 ./example/src/cdc_main.o
 .text.I2c_r_byte
                0x00000b2c      0x118 ./example/src/cdc_main.o
                0x00000b2c                I2c_r_byte
 *fill*         0x00000c44        0x4 00
 .text.tmp102_rd
                0x00000c48       0x90 ./example/src/cdc_main.o
                0x00000c48                tmp102_rd
 .text.Init_ADC_PinMux
                0x00000cd8       0x44 ./example/src/cdc_main.o
 .text.a3233_pll
                0x00000d1c      0x150 ./example/src/cdc_main.o
                0x00000d1c                a3233_pll
 .text.led_rgb  0x00000e6c       0x88 ./example/src/cdc_main.o
                0x00000e6c                led_rgb
 .text.Init_Pwm
                0x00000ef4       0x60 ./example/src/cdc_main.o
                0x00000ef4                Init_Pwm
 *fill*         0x00000f54        0x4 00
 .text.main     0x00000f58      0x458 ./example/src/cdc_main.o
                0x00000f58                main
 .text.NVIC_EnableIRQ
                0x000013b0       0x2c ./example/src/cdc_vcom.o
 .text.NVIC_DisableIRQ
                0x000013dc       0x30 ./example/src/cdc_vcom.o
 .text.VCOM_bulk_in_hdlr
                0x0000140c       0x30 ./example/src/cdc_vcom.o
 .text.VCOM_bulk_out_hdlr
                0x0000143c       0xf0 ./example/src/cdc_vcom.o
 .text.VCOM_SetLineCode
                0x0000152c       0x24 ./example/src/cdc_vcom.o
 .text.vcom_init
                0x00001550      0x128 ./example/src/cdc_vcom.o
                0x00001550                vcom_init
 .text.vcom_bread
                0x00001678       0xa4 ./example/src/cdc_vcom.o
                0x00001678                vcom_bread
 .text.vcom_write
                0x0000171c       0x78 ./example/src/cdc_vcom.o
                0x0000171c                vcom_write
 .text.sha256_loc
                0x00001794      0x368 ./example/src/sha2.o
                0x00001794                sha256_loc
 .text.data_pkg
                0x00001afc      0x194 ./example/src/sha2.o
                0x00001afc                data_pkg
 .text.SystemInit
                0x00001c90        0xc ./example/src/sysinit.o
                0x00001c90                SystemInit
 .text.Chip_GPIO_SetPinState
                0x00001c9c       0x34 D:\usb\work\nxp_lpcxpresso_11u14_board_lib\Debug\libnxp_lpcxpresso_11u14_board_lib.a(board.o)
 .text.Chip_GPIO_SetPinDIROutput
                0x00001cd0       0x48 D:\usb\work\nxp_lpcxpresso_11u14_board_lib\Debug\libnxp_lpcxpresso_11u14_board_lib.a(board.o)
 .text.__sys_write
                0x00001d18       0x18 D:\usb\work\nxp_lpcxpresso_11u14_board_lib\Debug\libnxp_lpcxpresso_11u14_board_lib.a(board.o)
                0x00001d18                __sys_write
 .text.Board_LED_Init
                0x00001d30       0x34 D:\usb\work\nxp_lpcxpresso_11u14_board_lib\Debug\libnxp_lpcxpresso_11u14_board_lib.a(board.o)
 .text.Board_LED_Set
                0x00001d64       0x68 D:\usb\work\nxp_lpcxpresso_11u14_board_lib\Debug\libnxp_lpcxpresso_11u14_board_lib.a(board.o)
                0x00001d64                Board_LED_Set
 .text.Board_Init
                0x00001dcc       0x18 D:\usb\work\nxp_lpcxpresso_11u14_board_lib\Debug\libnxp_lpcxpresso_11u14_board_lib.a(board.o)
                0x00001dcc                Board_Init
 .text.Chip_FMC_SetFLASHAccess
                0x00001de4       0x2c D:\usb\work\nxp_lpcxpresso_11u14_board_lib\Debug\libnxp_lpcxpresso_11u14_board_lib.a(board_sysinit.o)
 .text.Chip_Clock_SetupSystemPLL
                0x00001e10       0x34 D:\usb\work\nxp_lpcxpresso_11u14_board_lib\Debug\libnxp_lpcxpresso_11u14_board_lib.a(board_sysinit.o)
 .text.Chip_Clock_IsSystemPLLLocked
                0x00001e44       0x1c D:\usb\work\nxp_lpcxpresso_11u14_board_lib\Debug\libnxp_lpcxpresso_11u14_board_lib.a(board_sysinit.o)
 .text.Chip_Clock_SetupUSBPLL
                0x00001e60       0x34 D:\usb\work\nxp_lpcxpresso_11u14_board_lib\Debug\libnxp_lpcxpresso_11u14_board_lib.a(board_sysinit.o)
 .text.Chip_Clock_IsUSBPLLLocked
                0x00001e94       0x1c D:\usb\work\nxp_lpcxpresso_11u14_board_lib\Debug\libnxp_lpcxpresso_11u14_board_lib.a(board_sysinit.o)
 .text.Chip_Clock_SetSysClockDiv
                0x00001eb0       0x18 D:\usb\work\nxp_lpcxpresso_11u14_board_lib\Debug\libnxp_lpcxpresso_11u14_board_lib.a(board_sysinit.o)
 .text.Chip_Clock_EnablePeriphClock
                0x00001ec8       0x34 D:\usb\work\nxp_lpcxpresso_11u14_board_lib\Debug\libnxp_lpcxpresso_11u14_board_lib.a(board_sysinit.o)
 .text.SystemSetupClocking
                0x00001efc       0x8c D:\usb\work\nxp_lpcxpresso_11u14_board_lib\Debug\libnxp_lpcxpresso_11u14_board_lib.a(board_sysinit.o)
 .text.SystemSetupMuxing
                0x00001f88       0x50 D:\usb\work\nxp_lpcxpresso_11u14_board_lib\Debug\libnxp_lpcxpresso_11u14_board_lib.a(board_sysinit.o)
 .text.Board_SystemInit
                0x00001fd8       0x10 D:\usb\work\nxp_lpcxpresso_11u14_board_lib\Debug\libnxp_lpcxpresso_11u14_board_lib.a(board_sysinit.o)
                0x00001fd8                Board_SystemInit
 .text.Chip_Clock_EnablePeriphClock
                0x00001fe8       0x34 D:\usb\work\lpc_chip_11uxx_lib\Debug\liblpc_chip_11uxx_lib.a(adc_11xx.o)
 .text.getFullConvClk
                0x0000201c        0xc D:\usb\work\lpc_chip_11uxx_lib\Debug\liblpc_chip_11uxx_lib.a(adc_11xx.o)
 .text.getClkDiv
                0x00002028       0x74 D:\usb\work\lpc_chip_11uxx_lib\Debug\liblpc_chip_11uxx_lib.a(adc_11xx.o)
 .text.Chip_ADC_Init
                0x0000209c       0x8c D:\usb\work\lpc_chip_11uxx_lib\Debug\liblpc_chip_11uxx_lib.a(adc_11xx.o)
                0x0000209c                Chip_ADC_Init
 .text.SystemCoreClockUpdate
                0x00002128       0x18 D:\usb\work\lpc_chip_11uxx_lib\Debug\liblpc_chip_11uxx_lib.a(chip_11xx.o)
                0x00002128                SystemCoreClockUpdate
 .text.Chip_Clock_GetMainOscRate
                0x00002140       0x14 D:\usb\work\lpc_chip_11uxx_lib\Debug\liblpc_chip_11uxx_lib.a(clock_11xx.o)
 .text.Chip_Clock_GetIntOscRate
                0x00002154       0x10 D:\usb\work\lpc_chip_11uxx_lib\Debug\liblpc_chip_11uxx_lib.a(clock_11xx.o)
 .text.Chip_Clock_GetWDTLFORate
                0x00002164       0x48 D:\usb\work\lpc_chip_11uxx_lib\Debug\liblpc_chip_11uxx_lib.a(clock_11xx.o)
 .text.Chip_Clock_GetPLLFreq
                0x000021ac       0x24 D:\usb\work\lpc_chip_11uxx_lib\Debug\liblpc_chip_11uxx_lib.a(clock_11xx.o)
 .text.Chip_Clock_SetSystemPLLSource
                0x000021d0       0x2c D:\usb\work\lpc_chip_11uxx_lib\Debug\liblpc_chip_11uxx_lib.a(clock_11xx.o)
                0x000021d0                Chip_Clock_SetSystemPLLSource
 .text.Chip_Clock_SetUSBPLLSource
                0x000021fc       0x2c D:\usb\work\lpc_chip_11uxx_lib\Debug\liblpc_chip_11uxx_lib.a(clock_11xx.o)
                0x000021fc                Chip_Clock_SetUSBPLLSource
 .text.Chip_Clock_SetMainClockSource
                0x00002228       0x2c D:\usb\work\lpc_chip_11uxx_lib\Debug\liblpc_chip_11uxx_lib.a(clock_11xx.o)
                0x00002228                Chip_Clock_SetMainClockSource
 .text.Chip_Clock_SetUSBClockSource
                0x00002254       0x3c D:\usb\work\lpc_chip_11uxx_lib\Debug\liblpc_chip_11uxx_lib.a(clock_11xx.o)
                0x00002254                Chip_Clock_SetUSBClockSource
 .text.Chip_Clock_SetCLKOUTSource
                0x00002290       0x3c D:\usb\work\lpc_chip_11uxx_lib\Debug\liblpc_chip_11uxx_lib.a(clock_11xx.o)
                0x00002290                Chip_Clock_SetCLKOUTSource
 .text.Chip_Clock_GetWDTOSCRate
                0x000022cc       0x1c D:\usb\work\lpc_chip_11uxx_lib\Debug\liblpc_chip_11uxx_lib.a(clock_11xx.o)
                0x000022cc                Chip_Clock_GetWDTOSCRate
 .text.Chip_Clock_GetSystemPLLInClockRate
                0x000022e8       0x40 D:\usb\work\lpc_chip_11uxx_lib\Debug\liblpc_chip_11uxx_lib.a(clock_11xx.o)
                0x000022e8                Chip_Clock_GetSystemPLLInClockRate
 .text.Chip_Clock_GetSystemPLLOutClockRate
                0x00002328       0x24 D:\usb\work\lpc_chip_11uxx_lib\Debug\liblpc_chip_11uxx_lib.a(clock_11xx.o)
                0x00002328                Chip_Clock_GetSystemPLLOutClockRate
 .text.Chip_Clock_GetMainClockRate
                0x0000234c       0x64 D:\usb\work\lpc_chip_11uxx_lib\Debug\liblpc_chip_11uxx_lib.a(clock_11xx.o)
                0x0000234c                Chip_Clock_GetMainClockRate
 .text.Chip_Clock_GetSystemClockRate
                0x000023b0       0x24 D:\usb\work\lpc_chip_11uxx_lib\Debug\liblpc_chip_11uxx_lib.a(clock_11xx.o)
                0x000023b0                Chip_Clock_GetSystemClockRate
 .text.Chip_Clock_EnablePeriphClock
                0x000023d4       0x34 D:\usb\work\lpc_chip_11uxx_lib\Debug\liblpc_chip_11uxx_lib.a(gpio_11xx_1.o)
 .text.Chip_GPIO_Init
                0x00002408       0x14 D:\usb\work\lpc_chip_11uxx_lib\Debug\liblpc_chip_11uxx_lib.a(gpio_11xx_1.o)
                0x00002408                Chip_GPIO_Init
 .text.Chip_IOCON_PinMuxSet
                0x0000241c       0x48 D:\usb\work\lpc_chip_11uxx_lib\Debug\liblpc_chip_11uxx_lib.a(iocon_11xx.o)
                0x0000241c                Chip_IOCON_PinMuxSet
 .text.RingBuffer_GetCount
                0x00002464       0x20 D:\usb\work\lpc_chip_11uxx_lib\Debug\liblpc_chip_11uxx_lib.a(ring_buffer.o)
 .text.RingBuffer_IsFull
                0x00002484       0x2c D:\usb\work\lpc_chip_11uxx_lib\Debug\liblpc_chip_11uxx_lib.a(ring_buffer.o)
 .text.RingBuffer_IsEmpty
                0x000024b0       0x24 D:\usb\work\lpc_chip_11uxx_lib\Debug\liblpc_chip_11uxx_lib.a(ring_buffer.o)
 .text.RingBuffer_Init
                0x000024d4       0x38 D:\usb\work\lpc_chip_11uxx_lib\Debug\liblpc_chip_11uxx_lib.a(ring_buffer.o)
                0x000024d4                RingBuffer_Init
 .text.RingBuffer_Insert
                0x0000250c       0x60 D:\usb\work\lpc_chip_11uxx_lib\Debug\liblpc_chip_11uxx_lib.a(ring_buffer.o)
                0x0000250c                RingBuffer_Insert
 .text.RingBuffer_Pop
                0x0000256c       0x60 D:\usb\work\lpc_chip_11uxx_lib\Debug\liblpc_chip_11uxx_lib.a(ring_buffer.o)
                0x0000256c                RingBuffer_Pop
 .text.Chip_SYSCTL_PowerDown
                0x000025cc       0x44 D:\usb\work\lpc_chip_11uxx_lib\Debug\liblpc_chip_11uxx_lib.a(sysctl_11xx.o)
                0x000025cc                Chip_SYSCTL_PowerDown
 .text.Chip_SYSCTL_PowerUp
                0x00002610       0x44 D:\usb\work\lpc_chip_11uxx_lib\Debug\liblpc_chip_11uxx_lib.a(sysctl_11xx.o)
                0x00002610                Chip_SYSCTL_PowerUp
 .text.Chip_Clock_EnablePeriphClock
                0x00002654       0x34 D:\usb\work\lpc_chip_11uxx_lib\Debug\liblpc_chip_11uxx_lib.a(uart_11xx.o)
 .text.Chip_Clock_SetUARTClockDiv
                0x00002688       0x1c D:\usb\work\lpc_chip_11uxx_lib\Debug\liblpc_chip_11uxx_lib.a(uart_11xx.o)
 .text.RingBuffer_IsEmpty
                0x000026a4       0x24 D:\usb\work\lpc_chip_11uxx_lib\Debug\liblpc_chip_11uxx_lib.a(uart_11xx.o)
 .text.Chip_UART_SendByte
                0x000026c8       0x1c D:\usb\work\lpc_chip_11uxx_lib\Debug\liblpc_chip_11uxx_lib.a(uart_11xx.o)
 .text.Chip_UART_ReadByte
                0x000026e4       0x18 D:\usb\work\lpc_chip_11uxx_lib\Debug\liblpc_chip_11uxx_lib.a(uart_11xx.o)
 .text.Chip_UART_IntDisable
                0x000026fc       0x20 D:\usb\work\lpc_chip_11uxx_lib\Debug\liblpc_chip_11uxx_lib.a(uart_11xx.o)
 .text.Chip_UART_SetupFIFOS
                0x0000271c       0x18 D:\usb\work\lpc_chip_11uxx_lib\Debug\liblpc_chip_11uxx_lib.a(uart_11xx.o)
 .text.Chip_UART_ConfigData
                0x00002734       0x18 D:\usb\work\lpc_chip_11uxx_lib\Debug\liblpc_chip_11uxx_lib.a(uart_11xx.o)
 .text.Chip_UART_EnableDivisorAccess
                0x0000274c       0x1c D:\usb\work\lpc_chip_11uxx_lib\Debug\liblpc_chip_11uxx_lib.a(uart_11xx.o)
 .text.Chip_UART_DisableDivisorAccess
                0x00002768       0x20 D:\usb\work\lpc_chip_11uxx_lib\Debug\liblpc_chip_11uxx_lib.a(uart_11xx.o)
 .text.Chip_UART_SetDivisorLatches
                0x00002788       0x28 D:\usb\work\lpc_chip_11uxx_lib\Debug\liblpc_chip_11uxx_lib.a(uart_11xx.o)
 .text.Chip_UART_ReadLineStatus
                0x000027b0       0x14 D:\usb\work\lpc_chip_11uxx_lib\Debug\liblpc_chip_11uxx_lib.a(uart_11xx.o)
 .text.Chip_UART_Init
                0x000027c4       0x34 D:\usb\work\lpc_chip_11uxx_lib\Debug\liblpc_chip_11uxx_lib.a(uart_11xx.o)
                0x000027c4                Chip_UART_Init
 .text.delay    0x000027f8       0x24 D:\usb\work\lpc_chip_11uxx_lib\Debug\liblpc_chip_11uxx_lib.a(uart_11xx.o)
                0x000027f8                delay
 .text.Chip_UART_Send
                0x0000281c       0x5c D:\usb\work\lpc_chip_11uxx_lib\Debug\liblpc_chip_11uxx_lib.a(uart_11xx.o)
                0x0000281c                Chip_UART_Send
 .text.Chip_UART_SetBaud
                0x00002878       0x68 D:\usb\work\lpc_chip_11uxx_lib\Debug\liblpc_chip_11uxx_lib.a(uart_11xx.o)
                0x00002878                Chip_UART_SetBaud
 .text.Chip_UART_RXIntHandlerRB
                0x000028e0       0x48 D:\usb\work\lpc_chip_11uxx_lib\Debug\liblpc_chip_11uxx_lib.a(uart_11xx.o)
                0x000028e0                Chip_UART_RXIntHandlerRB
 .text.Chip_UART_TXIntHandlerRB
                0x00002928       0x44 D:\usb\work\lpc_chip_11uxx_lib\Debug\liblpc_chip_11uxx_lib.a(uart_11xx.o)
                0x00002928                Chip_UART_TXIntHandlerRB
 .text.Chip_UART_IRQRBHandler
                0x0000296c       0x4c D:\usb\work\lpc_chip_11uxx_lib\Debug\liblpc_chip_11uxx_lib.a(uart_11xx.o)
                0x0000296c                Chip_UART_IRQRBHandler
 .text.def_ep_handler
                0x000029b8        0x4 D:\usb\work\lpc_chip_11uxx_lib\libs\libusbd_11uxx_lib.a(hw_usbd_ip3511.o)
                0x000029b8                def_ep_handler
 .text.hwUSB_ForceFullSpeed
                0x000029bc        0x4 D:\usb\work\lpc_chip_11uxx_lib\libs\libusbd_11uxx_lib.a(hw_usbd_ip3511.o)
                0x000029bc                hwUSB_ForceFullSpeed
 .text.hwUSB_GetMemSize
                0x000029c0       0x14 D:\usb\work\lpc_chip_11uxx_lib\libs\libusbd_11uxx_lib.a(hw_usbd_ip3511.o)
                0x000029c0                hwUSB_GetMemSize
 .text.hwUSB_Connect
                0x000029d4       0x28 D:\usb\work\lpc_chip_11uxx_lib\libs\libusbd_11uxx_lib.a(hw_usbd_ip3511.o)
                0x000029d4                hwUSB_Connect
 .text.hwUSB_WakeUp
                0x000029fc       0x20 D:\usb\work\lpc_chip_11uxx_lib\libs\libusbd_11uxx_lib.a(hw_usbd_ip3511.o)
                0x000029fc                hwUSB_WakeUp
 .text.hwUSB_WakeUpCfg
                0x00002a1c       0x28 D:\usb\work\lpc_chip_11uxx_lib\libs\libusbd_11uxx_lib.a(hw_usbd_ip3511.o)
                0x00002a1c                hwUSB_WakeUpCfg
 .text.hwUSB_SetAddress
                0x00002a44       0x1c D:\usb\work\lpc_chip_11uxx_lib\libs\libusbd_11uxx_lib.a(hw_usbd_ip3511.o)
                0x00002a44                hwUSB_SetAddress
 .text.hwUSB_SetTestMode
                0x00002a60        0x8 D:\usb\work\lpc_chip_11uxx_lib\libs\libusbd_11uxx_lib.a(hw_usbd_ip3511.o)
                0x00002a60                hwUSB_SetTestMode
 .text.hwUSB_Configure
                0x00002a68       0x24 D:\usb\work\lpc_chip_11uxx_lib\libs\libusbd_11uxx_lib.a(hw_usbd_ip3511.o)
                0x00002a68                hwUSB_Configure
 .text.hwUSB_ConfigEP
                0x00002a8c       0xcc D:\usb\work\lpc_chip_11uxx_lib\libs\libusbd_11uxx_lib.a(hw_usbd_ip3511.o)
                0x00002a8c                hwUSB_ConfigEP
 .text.hwUSB_DirCtrlEP
                0x00002b58        0x4 D:\usb\work\lpc_chip_11uxx_lib\libs\libusbd_11uxx_lib.a(hw_usbd_ip3511.o)
                0x00002b58                hwUSB_DirCtrlEP
 .text.hwUSB_EnableEP
                0x00002b5c       0x50 D:\usb\work\lpc_chip_11uxx_lib\libs\libusbd_11uxx_lib.a(hw_usbd_ip3511.o)
                0x00002b5c                hwUSB_EnableEP
 .text.hwUSB_DisableEP
                0x00002bac       0x34 D:\usb\work\lpc_chip_11uxx_lib\libs\libusbd_11uxx_lib.a(hw_usbd_ip3511.o)
                0x00002bac                hwUSB_DisableEP
 .text.hwUSB_ResetEP
                0x00002be0       0x4c D:\usb\work\lpc_chip_11uxx_lib\libs\libusbd_11uxx_lib.a(hw_usbd_ip3511.o)
                0x00002be0                hwUSB_ResetEP
 .text.hwUSB_SetStallEP
                0x00002c2c       0xb0 D:\usb\work\lpc_chip_11uxx_lib\libs\libusbd_11uxx_lib.a(hw_usbd_ip3511.o)
                0x00002c2c                hwUSB_SetStallEP
 .text.hwUSB_ClrStallEP
                0x00002cdc       0xc0 D:\usb\work\lpc_chip_11uxx_lib\libs\libusbd_11uxx_lib.a(hw_usbd_ip3511.o)
                0x00002cdc                hwUSB_ClrStallEP
 .text.hwUSB_EnableEvent
                0x00002d9c      0x120 D:\usb\work\lpc_chip_11uxx_lib\libs\libusbd_11uxx_lib.a(hw_usbd_ip3511.o)
                0x00002d9c                hwUSB_EnableEvent
 .text.hwUSB_ReadSetupPkt
                0x00002ebc       0x58 D:\usb\work\lpc_chip_11uxx_lib\libs\libusbd_11uxx_lib.a(hw_usbd_ip3511.o)
                0x00002ebc                hwUSB_ReadSetupPkt
 .text.hwUSB_ReadReqEP
                0x00002f14        0x4 D:\usb\work\lpc_chip_11uxx_lib\libs\libusbd_11uxx_lib.a(hw_usbd_ip3511.o)
                0x00002f14                hwUSB_ReadReqEP
 .text.hwUSB_ReadEP
                0x00002f18       0xdc D:\usb\work\lpc_chip_11uxx_lib\libs\libusbd_11uxx_lib.a(hw_usbd_ip3511.o)
                0x00002f18                hwUSB_ReadEP
 .text.hwUSB_WriteEP
                0x00002ff4       0xdc D:\usb\work\lpc_chip_11uxx_lib\libs\libusbd_11uxx_lib.a(hw_usbd_ip3511.o)
                0x00002ff4                hwUSB_WriteEP
 .text.hwUSB_Reset
                0x000030d0       0xcc D:\usb\work\lpc_chip_11uxx_lib\libs\libusbd_11uxx_lib.a(hw_usbd_ip3511.o)
                0x000030d0                hwUSB_Reset
 .text.hwUSB_Init
                0x0000319c      0x1fc D:\usb\work\lpc_chip_11uxx_lib\libs\libusbd_11uxx_lib.a(hw_usbd_ip3511.o)
                0x0000319c                hwUSB_Init
 .text.hwUSB_ISR
                0x00003398      0x1b0 D:\usb\work\lpc_chip_11uxx_lib\libs\libusbd_11uxx_lib.a(hw_usbd_ip3511.o)
                0x00003398                hwUSB_ISR
 .text.mwCDC_SetRequest
                0x00003548       0x98 D:\usb\work\lpc_chip_11uxx_lib\libs\libusbd_11uxx_lib.a(mw_usbd_cdcuser.o)
                0x00003548                mwCDC_SetRequest
 .text.mwCDC_ep0_hdlr
                0x000035e0       0xe4 D:\usb\work\lpc_chip_11uxx_lib\libs\libusbd_11uxx_lib.a(mw_usbd_cdcuser.o)
                0x000035e0                mwCDC_ep0_hdlr
 .text.mwCDC_GetRequest
                0x000036c4       0x54 D:\usb\work\lpc_chip_11uxx_lib\libs\libusbd_11uxx_lib.a(mw_usbd_cdcuser.o)
                0x000036c4                mwCDC_GetRequest
 .text.mwCDC_SendNotification
                0x00003718       0x54 D:\usb\work\lpc_chip_11uxx_lib\libs\libusbd_11uxx_lib.a(mw_usbd_cdcuser.o)
                0x00003718                mwCDC_SendNotification
 .text.mwCDC_GetMemSize
                0x0000376c        0x4 D:\usb\work\lpc_chip_11uxx_lib\libs\libusbd_11uxx_lib.a(mw_usbd_cdcuser.o)
                0x0000376c                mwCDC_GetMemSize
 .text.mwCDC_init
                0x00003770      0x154 D:\usb\work\lpc_chip_11uxx_lib\libs\libusbd_11uxx_lib.a(mw_usbd_cdcuser.o)
                0x00003770                mwCDC_init
 .text.USB_ReqGetConfiguration
                0x000038c4       0x24 D:\usb\work\lpc_chip_11uxx_lib\libs\libusbd_11uxx_lib.a(mw_usbd_core.o)
                0x000038c4                USB_ReqGetConfiguration
 .text.USBD_virt_to_phys
                0x000038e8        0x4 D:\usb\work\lpc_chip_11uxx_lib\libs\libusbd_11uxx_lib.a(mw_usbd_core.o)
                0x000038e8                USBD_virt_to_phys
 .text.USBD_cache_flush
                0x000038ec        0x4 D:\usb\work\lpc_chip_11uxx_lib\libs\libusbd_11uxx_lib.a(mw_usbd_core.o)
                0x000038ec                USBD_cache_flush
 .text.USB_ReqGetStatus
                0x000038f0       0xa4 D:\usb\work\lpc_chip_11uxx_lib\libs\libusbd_11uxx_lib.a(mw_usbd_core.o)
                0x000038f0                USB_ReqGetStatus
 .text.USB_ReqGetDescriptor
                0x00003994      0x11c D:\usb\work\lpc_chip_11uxx_lib\libs\libusbd_11uxx_lib.a(mw_usbd_core.o)
                0x00003994                USB_ReqGetDescriptor
 .text.USB_ReqGetInterface
                0x00003ab0       0x40 D:\usb\work\lpc_chip_11uxx_lib\libs\libusbd_11uxx_lib.a(mw_usbd_core.o)
                0x00003ab0                USB_ReqGetInterface
 .text.USB_ReqSetInterface
                0x00003af0      0x170 D:\usb\work\lpc_chip_11uxx_lib\libs\libusbd_11uxx_lib.a(mw_usbd_core.o)
                0x00003af0                USB_ReqSetInterface
 .text.USB_ReqSetConfiguration
                0x00003c60      0x258 D:\usb\work\lpc_chip_11uxx_lib\libs\libusbd_11uxx_lib.a(mw_usbd_core.o)
                0x00003c60                USB_ReqSetConfiguration
 .text.USB_ReqSetClrFeature
                0x00003eb8       0xe0 D:\usb\work\lpc_chip_11uxx_lib\libs\libusbd_11uxx_lib.a(mw_usbd_core.o)
                0x00003eb8                USB_ReqSetClrFeature
 .text.USB_EvtOutHandler
                0x00003f98       0xe4 D:\usb\work\lpc_chip_11uxx_lib\libs\libusbd_11uxx_lib.a(mw_usbd_core.o)
                0x00003f98                USB_EvtOutHandler
 .text.USB_EndPoint0
                0x0000407c      0x140 D:\usb\work\lpc_chip_11uxx_lib\libs\libusbd_11uxx_lib.a(mw_usbd_core.o)
                0x0000407c                USB_EndPoint0
 .text.USB_EvtSetupHandler
                0x000041bc      0x1f4 D:\usb\work\lpc_chip_11uxx_lib\libs\libusbd_11uxx_lib.a(mw_usbd_core.o)
                0x000041bc                USB_EvtSetupHandler
 .text.mwUSB_ResetCore
                0x000043b0       0x80 D:\usb\work\lpc_chip_11uxx_lib\libs\libusbd_11uxx_lib.a(mw_usbd_core.o)
                0x000043b0                mwUSB_ResetCore
 .text.mwUSB_SetupStage
                0x00004430       0x10 D:\usb\work\lpc_chip_11uxx_lib\libs\libusbd_11uxx_lib.a(mw_usbd_core.o)
                0x00004430                mwUSB_SetupStage
 .text.mwUSB_DataInStage
                0x00004440       0x34 D:\usb\work\lpc_chip_11uxx_lib\libs\libusbd_11uxx_lib.a(mw_usbd_core.o)
                0x00004440                mwUSB_DataInStage
 .text.mwUSB_DataOutStage
                0x00004474       0x24 D:\usb\work\lpc_chip_11uxx_lib\libs\libusbd_11uxx_lib.a(mw_usbd_core.o)
                0x00004474                mwUSB_DataOutStage
 .text.mwUSB_StatusInStage
                0x00004498       0x10 D:\usb\work\lpc_chip_11uxx_lib\libs\libusbd_11uxx_lib.a(mw_usbd_core.o)
                0x00004498                mwUSB_StatusInStage
 .text.mwUSB_StatusOutStage
                0x000044a8       0x10 D:\usb\work\lpc_chip_11uxx_lib\libs\libusbd_11uxx_lib.a(mw_usbd_core.o)
                0x000044a8                mwUSB_StatusOutStage
 .text.mwUSB_StallEp0
                0x000044b8       0x14 D:\usb\work\lpc_chip_11uxx_lib\libs\libusbd_11uxx_lib.a(mw_usbd_core.o)
                0x000044b8                mwUSB_StallEp0
 .text.mwUSB_InitCore
                0x000044cc       0xe8 D:\usb\work\lpc_chip_11uxx_lib\libs\libusbd_11uxx_lib.a(mw_usbd_core.o)
                0x000044cc                mwUSB_InitCore
 .text.mwUSB_RegisterClassHandler
                0x000045b4       0x2c D:\usb\work\lpc_chip_11uxx_lib\libs\libusbd_11uxx_lib.a(mw_usbd_core.o)
                0x000045b4                mwUSB_RegisterClassHandler
 .text.mwUSB_RegisterEpHandler
                0x000045e0       0x28 D:\usb\work\lpc_chip_11uxx_lib\libs\libusbd_11uxx_lib.a(mw_usbd_core.o)
                0x000045e0                mwUSB_RegisterEpHandler
 .text.__main   0x00004608       0x12 c:/nxp/lpcxpresso_6.1.4_194/lpcxpresso/tools/bin/../lib/gcc/arm-none-eabi/4.6.2/../../../../arm-none-eabi/lib/armv6-m\libcr_nohost.a(_cr__main.o)
                0x00004608                __main
 .text.memcpy   0x0000461a        0x8 c:/nxp/lpcxpresso_6.1.4_194/lpcxpresso/tools/bin/../lib/gcc/arm-none-eabi/4.6.2/../../../../arm-none-eabi/lib/armv6-m\libcr_c.a(memcpy.o)
                0x0000461a                memcpy
 .text.memset   0x00004622        0x8 c:/nxp/lpcxpresso_6.1.4_194/lpcxpresso/tools/bin/../lib/gcc/arm-none-eabi/4.6.2/../../../../arm-none-eabi/lib/armv6-m\libcr_c.a(memset.o)
                0x00004622                memset
 *fill*         0x0000462a        0x2 00
 .text._initio  0x0000462c       0xa0 c:/nxp/lpcxpresso_6.1.4_194/lpcxpresso/tools/bin/../lib/gcc/arm-none-eabi/4.6.2/../../../../arm-none-eabi/lib/armv6-m\libcr_c.a(initio.o)
                0x0000462c                _initio
 .text.setvbuf  0x000046cc       0x48 c:/nxp/lpcxpresso_6.1.4_194/lpcxpresso/tools/bin/../lib/gcc/arm-none-eabi/4.6.2/../../../../arm-none-eabi/lib/armv6-m\libcr_c.a(setvbuf.o)
                0x000046cc                setvbuf
 .text._deferredlazyseek
                0x00004714       0x44 c:/nxp/lpcxpresso_6.1.4_194/lpcxpresso/tools/bin/../lib/gcc/arm-none-eabi/4.6.2/../../../../arm-none-eabi/lib/armv6-m\libcr_c.a(_deferredlazyseek.o)
                0x00004714                _deferredlazyseek
 .text._fdopen  0x00004758       0x78 c:/nxp/lpcxpresso_6.1.4_194/lpcxpresso/tools/bin/../lib/gcc/arm-none-eabi/4.6.2/../../../../arm-none-eabi/lib/armv6-m\libcr_c.a(_fdopen.o)
                0x00004758                _fdopen
 .text._fflush  0x000047d0       0x60 c:/nxp/lpcxpresso_6.1.4_194/lpcxpresso/tools/bin/../lib/gcc/arm-none-eabi/4.6.2/../../../../arm-none-eabi/lib/armv6-m\libcr_c.a(_fflush.o)
                0x000047d0                _fflush
 .text._Cwritebuf
                0x00004830       0x6c c:/nxp/lpcxpresso_6.1.4_194/lpcxpresso/tools/bin/../lib/gcc/arm-none-eabi/4.6.2/../../../../arm-none-eabi/lib/armv6-m\libcr_c.a(_writebuf.o)
                0x00004830                _Cwritebuf
 .text.malloc   0x0000489c       0xbc c:/nxp/lpcxpresso_6.1.4_194/lpcxpresso/tools/bin/../lib/gcc/arm-none-eabi/4.6.2/../../../../arm-none-eabi/lib/armv6-m\libcr_c.a(alloc.o)
                0x0000489c                malloc
 .text.free     0x00004958       0x10 c:/nxp/lpcxpresso_6.1.4_194/lpcxpresso/tools/bin/../lib/gcc/arm-none-eabi/4.6.2/../../../../arm-none-eabi/lib/armv6-m\libcr_c.a(alloc.o)
                0x00004958                free
 .text._Csys_alloc
                0x00004968       0x20 c:/nxp/lpcxpresso_6.1.4_194/lpcxpresso/tools/bin/../lib/gcc/arm-none-eabi/4.6.2/../../../../arm-none-eabi/lib/armv6-m\libcr_c.a(alloc.o)
                0x00004968                _Csys_alloc
 .text.fclose   0x00004988       0x70 c:/nxp/lpcxpresso_6.1.4_194/lpcxpresso/tools/bin/../lib/gcc/arm-none-eabi/4.6.2/../../../../arm-none-eabi/lib/armv6-m\libcr_c.a(fclose.o)
                0x00004988                fclose
 .text.fflush   0x000049f8       0x38 c:/nxp/lpcxpresso_6.1.4_194/lpcxpresso/tools/bin/../lib/gcc/arm-none-eabi/4.6.2/../../../../arm-none-eabi/lib/armv6-m\libcr_c.a(fflush.o)
                0x000049f8                fflush
 .text.fseek    0x00004a30       0xf0 c:/nxp/lpcxpresso_6.1.4_194/lpcxpresso/tools/bin/../lib/gcc/arm-none-eabi/4.6.2/../../../../arm-none-eabi/lib/armv6-m\libcr_c.a(fseek.o)
                0x00004a30                fseek
 .text.ftell    0x00004b20       0x4c c:/nxp/lpcxpresso_6.1.4_194/lpcxpresso/tools/bin/../lib/gcc/arm-none-eabi/4.6.2/../../../../arm-none-eabi/lib/armv6-m\libcr_c.a(ftell.o)
                0x00004b20                ftell
 .text.remove   0x00004b6c       0x12 c:/nxp/lpcxpresso_6.1.4_194/lpcxpresso/tools/bin/../lib/gcc/arm-none-eabi/4.6.2/../../../../arm-none-eabi/lib/armv6-m\libcr_c.a(remove.o)
                0x00004b6c                remove
 *fill*         0x00004b7e        0x2 00
 .text.strlen   0x00004b80       0x58 c:/nxp/lpcxpresso_6.1.4_194/lpcxpresso/tools/bin/../lib/gcc/arm-none-eabi/4.6.2/../../../../arm-none-eabi/lib/armv6-m\libcr_c.a(strlen.o)
                0x00004b80                strlen
 .text._do_fflush
                0x00004bd8       0x48 c:/nxp/lpcxpresso_6.1.4_194/lpcxpresso/tools/bin/../lib/gcc/arm-none-eabi/4.6.2/../../../../arm-none-eabi/lib/armv6-m\libcr_c.a(_do_fflush.o)
                0x00004bd8                _do_fflush
 .text.__aeabi_division_uidivmod
                0x00004c20       0x72 c:/nxp/lpcxpresso_6.1.4_194/lpcxpresso/tools/bin/../lib/gcc/arm-none-eabi/4.6.2/armv6-m\libcr_eabihelpers.a(division.o)
                0x00004c20                __aeabi_uidivmod
                0x00004c20                __aeabi_uidiv
 .text.__aeabi_division_idiv0
                0x00004c92        0x2 c:/nxp/lpcxpresso_6.1.4_194/lpcxpresso/tools/bin/../lib/gcc/arm-none-eabi/4.6.2/armv6-m\libcr_eabihelpers.a(division.o)
                0x00004c92                __aeabi_idiv0
 *fill*         0x00004c94        0x4 00
 .text.__aeabi_dmul
                0x00004c98      0x180 c:/nxp/lpcxpresso_6.1.4_194/lpcxpresso/tools/bin/../lib/gcc/arm-none-eabi/4.6.2/armv6-m\libcr_eabihelpers.a(double.o)
                0x00004c98                __aeabi_dmul
 .text.__aeabi_d2uiz
                0x00004e18       0x38 c:/nxp/lpcxpresso_6.1.4_194/lpcxpresso/tools/bin/../lib/gcc/arm-none-eabi/4.6.2/armv6-m\libcr_eabihelpers.a(double.o)
                0x00004e18                __aeabi_d2uiz
 .text.__bhs_ui2d
                0x00004e50       0x5e c:/nxp/lpcxpresso_6.1.4_194/lpcxpresso/tools/bin/../lib/gcc/arm-none-eabi/4.6.2/armv6-m\libcr_eabihelpers.a(double.o)
                0x00004e50                __bhs_ui2d
 .text.__aeabi_ui2d
                0x00004eae        0xc c:/nxp/lpcxpresso_6.1.4_194/lpcxpresso/tools/bin/../lib/gcc/arm-none-eabi/4.6.2/armv6-m\libcr_eabihelpers.a(double.o)
                0x00004eae                __aeabi_ui2d
 *fill*         0x00004eba        0x2 00
 .text.__aeabi_dcmplt
                0x00004ebc       0x64 c:/nxp/lpcxpresso_6.1.4_194/lpcxpresso/tools/bin/../lib/gcc/arm-none-eabi/4.6.2/armv6-m\libcr_eabihelpers.a(double.o)
                0x00004ebc                __aeabi_dcmplt
 .text.__aeabi_dcmpge
                0x00004f20       0x64 c:/nxp/lpcxpresso_6.1.4_194/lpcxpresso/tools/bin/../lib/gcc/arm-none-eabi/4.6.2/armv6-m\libcr_eabihelpers.a(double.o)
                0x00004f20                __aeabi_dcmpge
 .text.__aeabi_llong_lmul
                0x00004f84       0x2e c:/nxp/lpcxpresso_6.1.4_194/lpcxpresso/tools/bin/../lib/gcc/arm-none-eabi/4.6.2/armv6-m\libcr_eabihelpers.a(llong.o)
                0x00004f84                __aeabi_lmul
 .text.__aeabi_memcpy
                0x00004fb2       0x2c c:/nxp/lpcxpresso_6.1.4_194/lpcxpresso/tools/bin/../lib/gcc/arm-none-eabi/4.6.2/armv6-m\libcr_eabihelpers.a(memcpy.o)
                0x00004fb2                __aeabi_memcpy4
                0x00004fb2                __aeabi_memcpy8
                0x00004fb2                __aeabi_memcpy
 .text.__aeabi_memset_lowlevel
                0x00004fde       0x2a c:/nxp/lpcxpresso_6.1.4_194/lpcxpresso/tools/bin/../lib/gcc/arm-none-eabi/4.6.2/armv6-m\libcr_eabihelpers.a(memcpy.o)
                0x00004fde                __aeabi_lowlevel_memset
 .text.__sys_appexit
                0x00005008        0x4 c:/nxp/lpcxpresso_6.1.4_194/lpcxpresso/tools/bin/../lib/gcc/arm-none-eabi/4.6.2/../../../../arm-none-eabi/lib/armv6-m\libcr_nohost.a(__sys_appexit.o)
                0x00005008                __sys_appexit
                0x00005008                __exit
 .text.__sys_close
                0x0000500c        0x6 c:/nxp/lpcxpresso_6.1.4_194/lpcxpresso/tools/bin/../lib/gcc/arm-none-eabi/4.6.2/../../../../arm-none-eabi/lib/armv6-m\libcr_nohost.a(__sys_close.o)
                0x0000500c                __sys_close
 .text.__sys_flen
                0x00005012        0x6 c:/nxp/lpcxpresso_6.1.4_194/lpcxpresso/tools/bin/../lib/gcc/arm-none-eabi/4.6.2/../../../../arm-none-eabi/lib/armv6-m\libcr_nohost.a(__sys_flen.o)
                0x00005012                __sys_flen
 .text.__sys_istty
                0x00005018        0x6 c:/nxp/lpcxpresso_6.1.4_194/lpcxpresso/tools/bin/../lib/gcc/arm-none-eabi/4.6.2/../../../../arm-none-eabi/lib/armv6-m\libcr_nohost.a(__sys_istty.o)
                0x00005018                __sys_istty
 .text.__sys_remove
                0x0000501e        0x6 c:/nxp/lpcxpresso_6.1.4_194/lpcxpresso/tools/bin/../lib/gcc/arm-none-eabi/4.6.2/../../../../arm-none-eabi/lib/armv6-m\libcr_nohost.a(__sys_remove.o)
                0x0000501e                __sys_remove
 .text.__sys_seek
                0x00005024        0x6 c:/nxp/lpcxpresso_6.1.4_194/lpcxpresso/tools/bin/../lib/gcc/arm-none-eabi/4.6.2/../../../../arm-none-eabi/lib/armv6-m\libcr_nohost.a(__sys_seek.o)
                0x00005024                __sys_seek
 .text.__sys_tmpnam
                0x0000502a        0x6 c:/nxp/lpcxpresso_6.1.4_194/lpcxpresso/tools/bin/../lib/gcc/arm-none-eabi/4.6.2/../../../../arm-none-eabi/lib/armv6-m\libcr_nohost.a(__sys_tmpnam.o)
                0x0000502a                __sys_tmpnam
 .text._sbrk    0x00005030       0x40 c:/nxp/lpcxpresso_6.1.4_194/lpcxpresso/tools/bin/../lib/gcc/arm-none-eabi/4.6.2/../../../../arm-none-eabi/lib/armv6-m\libcr_nohost.a(_cr_sbrk.o)
                0x00005030                _sbrk
 .text.__check_heap_overflow
                0x00005070       0x2c c:/nxp/lpcxpresso_6.1.4_194/lpcxpresso/tools/bin/../lib/gcc/arm-none-eabi/4.6.2/../../../../arm-none-eabi/lib/armv6-m\libcr_nohost.a(_cr_check_heap.o)
                0x00005070                __check_heap_overflow
 *(.rodata .rodata.* .constdata .constdata.*)
 .rodata.USB_DeviceDescriptor
                0x0000509c       0x14 ./example/src/cdc_desc.o
                0x0000509c                USB_DeviceDescriptor
 .rodata.USB_StringDescriptor
                0x000050b0       0x38 ./example/src/cdc_desc.o
                0x000050b0                USB_StringDescriptor
 .rodata.g_usbApi
                0x000050e8       0x20 ./example/src/cdc_main.o
 .rodata.OscRateIn
                0x00005108        0x4 D:\usb\work\nxp_lpcxpresso_11u14_board_lib\Debug\libnxp_lpcxpresso_11u14_board_lib.a(board.o)
                0x00005108                OscRateIn
 .rodata.pinmuxing
                0x0000510c       0x24 D:\usb\work\nxp_lpcxpresso_11u14_board_lib\Debug\libnxp_lpcxpresso_11u14_board_lib.a(board_sysinit.o)
 .rodata.wdtOSCRate
                0x00005130       0x40 D:\usb\work\lpc_chip_11uxx_lib\Debug\liblpc_chip_11uxx_lib.a(clock_11xx.o)
 .rodata.hw_api
                0x00005170       0x5c D:\usb\work\lpc_chip_11uxx_lib\libs\libusbd_11uxx_lib.a(mw_usbd_rom_api.o)
                0x00005170                hw_api
 .rodata.core_api
                0x000051cc       0x20 D:\usb\work\lpc_chip_11uxx_lib\libs\libusbd_11uxx_lib.a(mw_usbd_rom_api.o)
                0x000051cc                core_api
 .rodata.cdc_api
                0x000051ec        0xc D:\usb\work\lpc_chip_11uxx_lib\libs\libusbd_11uxx_lib.a(mw_usbd_rom_api.o)
                0x000051ec                cdc_api
 .rodata.hwUSB_EnableEvent
                0x000051f8       0x38 D:\usb\work\lpc_chip_11uxx_lib\libs\libusbd_11uxx_lib.a(hw_usbd_ip3511.o)
 .rodata.mwCDC_SetRequest
                0x00005230       0x90 D:\usb\work\lpc_chip_11uxx_lib\libs\libusbd_11uxx_lib.a(mw_usbd_cdcuser.o)
 .rodata.USB_EndPoint0
                0x000052c0       0x20 D:\usb\work\lpc_chip_11uxx_lib\libs\libusbd_11uxx_lib.a(mw_usbd_core.o)
 .rodata.USB_EvtSetupHandler
                0x000052e0       0x30 D:\usb\work\lpc_chip_11uxx_lib\libs\libusbd_11uxx_lib.a(mw_usbd_core.o)
 .rodata.str1.1
                0x00005310        0x4 c:/nxp/lpcxpresso_6.1.4_194/lpcxpresso/tools/bin/../lib/gcc/arm-none-eabi/4.6.2/../../../../arm-none-eabi/lib/armv6-m\libcr_c.a(initio.o)
 .rodata.str1.1
                0x00005314       0x18 c:/nxp/lpcxpresso_6.1.4_194/lpcxpresso/tools/bin/../lib/gcc/arm-none-eabi/4.6.2/../../../../arm-none-eabi/lib/armv6-m\libcr_c.a(alloc.o)
                0x0000532c                . = ALIGN (0x4)

.glue_7         0x0000532c        0x0
 .glue_7        0x00000000        0x0 linker stubs

.glue_7t        0x0000532c        0x0
 .glue_7t       0x00000000        0x0 linker stubs

.vfp11_veneer   0x0000532c        0x0
 .vfp11_veneer  0x00000000        0x0 linker stubs

.v4_bx          0x0000532c        0x0
 .v4_bx         0x00000000        0x0 linker stubs

.ARM.extab
 *(.ARM.extab* .gnu.linkonce.armextab.*)
                0x0000532c                __exidx_start = .

.ARM.exidx
 *(.ARM.exidx* .gnu.linkonce.armexidx.*)
                0x0000532c                __exidx_end = .
                0x0000532c                _etext = .

.data_RAM2      0x20004000        0x0 load address 0x0000532c
 FILL mask 0xff
 *(.data.$RAM2*)
 *(.data.$RamUsb2*)
                0x20004000                . = ALIGN (0x4)

.uninit_RESERVED
                0x10000000        0x0
 *(.bss.$RESERVED*)
                0x10000000                . = ALIGN (0x4)
                0x10000000                _end_uninit_RESERVED = .

.data           0x10000000      0x150 load address 0x0000532c
 FILL mask 0xff
                0x10000000                _data = .
 *(vtable)
 *(.data*)
 .data.USB_FsConfigDescriptor
                0x10000000       0x4c ./example/src/cdc_desc.o
                0x10000000                USB_FsConfigDescriptor
 .data.g_pUsbApi
                0x1000004c        0x4 ./example/src/cdc_main.o
                0x1000004c                g_pUsbApi
 .data.sha256_k
                0x10000050      0x100 ./example/src/sha2.o
                0x10000050                sha256_k
                0x10000150                . = ALIGN (0x4)
                0x10000150                _edata = .

.bss_RAM2       0x20004000        0x0
 *(.bss.$RAM2*)
 *(.bss.$RamUsb2*)
                0x20004000                . = ALIGN (0x4)

.bss            0x10000150      0x33c
                0x10000150                _bss = .
 *(.bss*)
 .bss.txring    0x10000150       0x14 ./example/src/cdc_main.o
 .bss.rxring    0x10000164       0x14 ./example/src/cdc_main.o
 .bss.rxbuff    0x10000178       0x20 ./example/src/cdc_main.o
 .bss.txbuff    0x10000198       0x80 ./example/src/cdc_main.o
 .bss.g_hUsb    0x10000218        0x4 ./example/src/cdc_main.o
 .bss.g_rxBuff  0x1000021c      0x100 ./example/src/cdc_main.o
 .bss.ADCSetup  0x1000031c        0x8 ./example/src/cdc_main.o
 .bss.errno     0x10000324        0x4 c:/nxp/lpcxpresso_6.1.4_194/lpcxpresso/tools/bin/../lib/gcc/arm-none-eabi/4.6.2/../../../../arm-none-eabi/lib/armv6-m\libcr_c.a(errno.o)
                0x10000324                errno
 *(COMMON)
 COMMON         0x10000328       0x14 ./example/src/cdc_vcom.o
                0x10000328                g_vCOM
 COMMON         0x1000033c        0x4 D:\usb\work\lpc_chip_11uxx_lib\Debug\liblpc_chip_11uxx_lib.a(chip_11xx.o)
                0x1000033c                SystemCoreClock
 COMMON         0x10000340        0x4 c:/nxp/lpcxpresso_6.1.4_194/lpcxpresso/tools/bin/../lib/gcc/arm-none-eabi/4.6.2/../../../../arm-none-eabi/lib/armv6-m\libcr_c.a(initio.o)
                0x10000340                _extra
 COMMON         0x10000344      0x140 c:/nxp/lpcxpresso_6.1.4_194/lpcxpresso/tools/bin/../lib/gcc/arm-none-eabi/4.6.2/../../../../arm-none-eabi/lib/armv6-m\libcr_c.a(stdio.o)
                0x10000344                __Ciob
 COMMON         0x10000484        0x8 c:/nxp/lpcxpresso_6.1.4_194/lpcxpresso/tools/bin/../lib/gcc/arm-none-eabi/4.6.2/../../../../arm-none-eabi/lib/armv6-m\libcr_c.a(__init_alloc.o)
                0x10000484                __heaps
                0x10000488                __end_of_heap
                0x1000048c                . = ALIGN (0x4)
                0x1000048c                _ebss = .
                0x1000048c                PROVIDE (end, .)

.noinit_RAM2    0x20004000        0x0
 *(.noinit.$RAM2*)
 *(.noinit.$RamUsb2*)
                0x20004000                . = ALIGN (0x4)

.noinit         0x1000048c        0x0
                0x1000048c                _noinit = .
 *(.noinit*)
                0x1000048c                . = ALIGN (0x4)
                0x1000048c                _end_noinit = .
                0x1000048c                PROVIDE (_pvHeapStart, .)
                0x10001000                PROVIDE (_vStackTop, (__top_RamLoc4 - 0x0))
OUTPUT(nxp_lpcxpresso_11u14_usbd_lib_cdc.axf elf32-littlearm)

.debug_info     0x00000000     0x9e13
 .debug_info    0x00000000       0xf2 ./example/src/cdc_desc.o
 .debug_info    0x000000f2     0x2c24 ./example/src/cdc_main.o
 .debug_info    0x00002d16     0x192b ./example/src/cdc_vcom.o
 .debug_info    0x00004641      0x275 ./example/src/cr_startup_lpc11xx.o
 .debug_info    0x000048b6      0x4f7 ./example/src/sha2.o
 .debug_info    0x00004dad       0xc8 ./example/src/sysinit.o
 .debug_info    0x00004e75      0x83f D:\usb\work\nxp_lpcxpresso_11u14_board_lib\Debug\libnxp_lpcxpresso_11u14_board_lib.a(board.o)
 .debug_info    0x000056b4      0xa43 D:\usb\work\nxp_lpcxpresso_11u14_board_lib\Debug\libnxp_lpcxpresso_11u14_board_lib.a(board_sysinit.o)
 .debug_info    0x000060f7      0xd33 D:\usb\work\lpc_chip_11uxx_lib\Debug\liblpc_chip_11uxx_lib.a(adc_11xx.o)
 .debug_info    0x00006e2a       0xe1 D:\usb\work\lpc_chip_11uxx_lib\Debug\liblpc_chip_11uxx_lib.a(chip_11xx.o)
 .debug_info    0x00006f0b      0x9a6 D:\usb\work\lpc_chip_11uxx_lib\Debug\liblpc_chip_11uxx_lib.a(clock_11xx.o)
 .debug_info    0x000078b1      0xa47 D:\usb\work\lpc_chip_11uxx_lib\Debug\liblpc_chip_11uxx_lib.a(gpio_11xx_1.o)
 .debug_info    0x000082f8      0x169 D:\usb\work\lpc_chip_11uxx_lib\Debug\liblpc_chip_11uxx_lib.a(iocon_11xx.o)
 .debug_info    0x00008461      0x372 D:\usb\work\lpc_chip_11uxx_lib\Debug\liblpc_chip_11uxx_lib.a(ring_buffer.o)
 .debug_info    0x000087d3      0x62f D:\usb\work\lpc_chip_11uxx_lib\Debug\liblpc_chip_11uxx_lib.a(sysctl_11xx.o)
 .debug_info    0x00008e02     0x1011 D:\usb\work\lpc_chip_11uxx_lib\Debug\liblpc_chip_11uxx_lib.a(uart_11xx.o)

.debug_abbrev   0x00000000     0x162b
 .debug_abbrev  0x00000000       0x63 ./example/src/cdc_desc.o
 .debug_abbrev  0x00000063      0x441 ./example/src/cdc_main.o
 .debug_abbrev  0x000004a4      0x21e ./example/src/cdc_vcom.o
 .debug_abbrev  0x000006c2       0xf6 ./example/src/cr_startup_lpc11xx.o
 .debug_abbrev  0x000007b8      0x150 ./example/src/sha2.o
 .debug_abbrev  0x00000908       0x68 ./example/src/sysinit.o
 .debug_abbrev  0x00000970      0x1f8 D:\usb\work\nxp_lpcxpresso_11u14_board_lib\Debug\libnxp_lpcxpresso_11u14_board_lib.a(board.o)
 .debug_abbrev  0x00000b68      0x199 D:\usb\work\nxp_lpcxpresso_11u14_board_lib\Debug\libnxp_lpcxpresso_11u14_board_lib.a(board_sysinit.o)
 .debug_abbrev  0x00000d01      0x195 D:\usb\work\lpc_chip_11uxx_lib\Debug\liblpc_chip_11uxx_lib.a(adc_11xx.o)
 .debug_abbrev  0x00000e96       0x8a D:\usb\work\lpc_chip_11uxx_lib\Debug\liblpc_chip_11uxx_lib.a(chip_11xx.o)
 .debug_abbrev  0x00000f20      0x182 D:\usb\work\lpc_chip_11uxx_lib\Debug\liblpc_chip_11uxx_lib.a(clock_11xx.o)
 .debug_abbrev  0x000010a2      0x133 D:\usb\work\lpc_chip_11uxx_lib\Debug\liblpc_chip_11uxx_lib.a(gpio_11xx_1.o)
 .debug_abbrev  0x000011d5       0xc6 D:\usb\work\lpc_chip_11uxx_lib\Debug\liblpc_chip_11uxx_lib.a(iocon_11xx.o)
 .debug_abbrev  0x0000129b       0xef D:\usb\work\lpc_chip_11uxx_lib\Debug\liblpc_chip_11uxx_lib.a(ring_buffer.o)
 .debug_abbrev  0x0000138a       0xbd D:\usb\work\lpc_chip_11uxx_lib\Debug\liblpc_chip_11uxx_lib.a(sysctl_11xx.o)
 .debug_abbrev  0x00001447      0x1e4 D:\usb\work\lpc_chip_11uxx_lib\Debug\liblpc_chip_11uxx_lib.a(uart_11xx.o)

.debug_line     0x00000000     0x5e16
 .debug_line    0x00000000      0x490 ./example/src/cdc_desc.o
 .debug_line    0x00000490      0xbb5 ./example/src/cdc_main.o
 .debug_line    0x00001045      0x7b6 ./example/src/cdc_vcom.o
 .debug_line    0x000017fb       0xe1 ./example/src/cr_startup_lpc11xx.o
 .debug_line    0x000018dc      0x532 ./example/src/sha2.o
 .debug_line    0x00001e0e      0x546 ./example/src/sysinit.o
 .debug_line    0x00002354      0x72f D:\usb\work\nxp_lpcxpresso_11u14_board_lib\Debug\libnxp_lpcxpresso_11u14_board_lib.a(board.o)
 .debug_line    0x00002a83      0x654 D:\usb\work\nxp_lpcxpresso_11u14_board_lib\Debug\libnxp_lpcxpresso_11u14_board_lib.a(board_sysinit.o)
 .debug_line    0x000030d7      0x65a D:\usb\work\lpc_chip_11uxx_lib\Debug\liblpc_chip_11uxx_lib.a(adc_11xx.o)
 .debug_line    0x00003731      0x4e1 D:\usb\work\lpc_chip_11uxx_lib\Debug\liblpc_chip_11uxx_lib.a(chip_11xx.o)
 .debug_line    0x00003c12      0x650 D:\usb\work\lpc_chip_11uxx_lib\Debug\liblpc_chip_11uxx_lib.a(clock_11xx.o)
 .debug_line    0x00004262      0x5cc D:\usb\work\lpc_chip_11uxx_lib\Debug\liblpc_chip_11uxx_lib.a(gpio_11xx_1.o)
 .debug_line    0x0000482e      0x4e4 D:\usb\work\lpc_chip_11uxx_lib\Debug\liblpc_chip_11uxx_lib.a(iocon_11xx.o)
 .debug_line    0x00004d12      0x45c D:\usb\work\lpc_chip_11uxx_lib\Debug\liblpc_chip_11uxx_lib.a(ring_buffer.o)
 .debug_line    0x0000516e      0x51e D:\usb\work\lpc_chip_11uxx_lib\Debug\liblpc_chip_11uxx_lib.a(sysctl_11xx.o)
 .debug_line    0x0000568c      0x78a D:\usb\work\lpc_chip_11uxx_lib\Debug\liblpc_chip_11uxx_lib.a(uart_11xx.o)

.debug_macinfo  0x00000000    0x7f6f9
 .debug_macinfo
                0x00000000     0x81ad ./example/src/cdc_desc.o
 .debug_macinfo
                0x000081ad     0xcf66 ./example/src/cdc_main.o
 .debug_macinfo
                0x00015113     0xcbc5 ./example/src/cdc_vcom.o
 .debug_macinfo
                0x00021cd8     0x2291 ./example/src/cr_startup_lpc11xx.o
 .debug_macinfo
                0x00023f69     0x3fd6 ./example/src/sha2.o
 .debug_macinfo
                0x00027f3f     0x8827 ./example/src/sysinit.o
 .debug_macinfo
                0x00030766     0x89d2 D:\usb\work\nxp_lpcxpresso_11u14_board_lib\Debug\libnxp_lpcxpresso_11u14_board_lib.a(board.o)
 .debug_macinfo
                0x00039138     0x8848 D:\usb\work\nxp_lpcxpresso_11u14_board_lib\Debug\libnxp_lpcxpresso_11u14_board_lib.a(board_sysinit.o)
 .debug_macinfo
                0x00041980     0x841a D:\usb\work\lpc_chip_11uxx_lib\Debug\liblpc_chip_11uxx_lib.a(adc_11xx.o)
 .debug_macinfo
                0x00049d9a     0x841a D:\usb\work\lpc_chip_11uxx_lib\Debug\liblpc_chip_11uxx_lib.a(chip_11xx.o)
 .debug_macinfo
                0x000521b4     0x841a D:\usb\work\lpc_chip_11uxx_lib\Debug\liblpc_chip_11uxx_lib.a(clock_11xx.o)
 .debug_macinfo
                0x0005a5ce     0x841a D:\usb\work\lpc_chip_11uxx_lib\Debug\liblpc_chip_11uxx_lib.a(gpio_11xx_1.o)
 .debug_macinfo
                0x000629e8     0x841a D:\usb\work\lpc_chip_11uxx_lib\Debug\liblpc_chip_11uxx_lib.a(iocon_11xx.o)
 .debug_macinfo
                0x0006ae02     0x3fbb D:\usb\work\lpc_chip_11uxx_lib\Debug\liblpc_chip_11uxx_lib.a(ring_buffer.o)
 .debug_macinfo
                0x0006edbd     0x8522 D:\usb\work\lpc_chip_11uxx_lib\Debug\liblpc_chip_11uxx_lib.a(sysctl_11xx.o)
 .debug_macinfo
                0x000772df     0x841a D:\usb\work\lpc_chip_11uxx_lib\Debug\liblpc_chip_11uxx_lib.a(uart_11xx.o)

.debug_str      0x00000000     0x31ab
 .debug_str     0x00000000      0x137 ./example/src/cdc_desc.o
                                0x15e (size before relaxing)
 .debug_str     0x00000137     0x1c6f ./example/src/cdc_main.o
                               0x1ee4 (size before relaxing)
 .debug_str     0x00001da6      0x212 ./example/src/cdc_vcom.o
                               0x140f (size before relaxing)
 .debug_str     0x00001fb8      0x138 ./example/src/cr_startup_lpc11xx.o
                                0x1d3 (size before relaxing)
 .debug_str     0x000020f0       0xf9 ./example/src/sha2.o
                                0x21c (size before relaxing)
 .debug_str     0x000021e9       0x19 ./example/src/sysinit.o
                                0x14a (size before relaxing)
 .debug_str     0x00002202      0x190 D:\usb\work\nxp_lpcxpresso_11u14_board_lib\Debug\libnxp_lpcxpresso_11u14_board_lib.a(board.o)
                                0x3c9 (size before relaxing)
 .debug_str     0x00002392      0x2bd D:\usb\work\nxp_lpcxpresso_11u14_board_lib\Debug\libnxp_lpcxpresso_11u14_board_lib.a(board_sysinit.o)
                                0x943 (size before relaxing)
 .debug_str     0x0000264f      0x287 D:\usb\work\lpc_chip_11uxx_lib\Debug\liblpc_chip_11uxx_lib.a(adc_11xx.o)
                                0xabd (size before relaxing)
 .debug_str     0x000028d6       0x39 D:\usb\work\lpc_chip_11uxx_lib\Debug\liblpc_chip_11uxx_lib.a(chip_11xx.o)
                                0x13e (size before relaxing)
 .debug_str     0x0000290f      0x3b5 D:\usb\work\lpc_chip_11uxx_lib\Debug\liblpc_chip_11uxx_lib.a(clock_11xx.o)
                                0x949 (size before relaxing)
 .debug_str     0x00002cc4       0xe1 D:\usb\work\lpc_chip_11uxx_lib\Debug\liblpc_chip_11uxx_lib.a(gpio_11xx_1.o)
                                0x7a7 (size before relaxing)
 .debug_str     0x00002da5       0x30 D:\usb\work\lpc_chip_11uxx_lib\Debug\liblpc_chip_11uxx_lib.a(iocon_11xx.o)
                                0x161 (size before relaxing)
 .debug_str     0x00002dd5       0xde D:\usb\work\lpc_chip_11uxx_lib\Debug\liblpc_chip_11uxx_lib.a(ring_buffer.o)
                                0x202 (size before relaxing)
 .debug_str     0x00002eb3       0xa5 D:\usb\work\lpc_chip_11uxx_lib\Debug\liblpc_chip_11uxx_lib.a(sysctl_11xx.o)
                                0x452 (size before relaxing)
 .debug_str     0x00002f58      0x253 D:\usb\work\lpc_chip_11uxx_lib\Debug\liblpc_chip_11uxx_lib.a(uart_11xx.o)
                                0x9a8 (size before relaxing)

.comment        0x00000000       0xe0
 .comment       0x00000000       0x70 ./example/src/cdc_desc.o
                                 0x71 (size before relaxing)
 .comment       0x00000000       0x71 ./example/src/cdc_main.o
 .comment       0x00000000       0x71 ./example/src/cdc_vcom.o
 .comment       0x00000000       0x71 ./example/src/cr_startup_lpc11xx.o
 .comment       0x00000000       0x71 ./example/src/sha2.o
 .comment       0x00000000       0x71 ./example/src/sysinit.o
 .comment       0x00000000       0x71 D:\usb\work\nxp_lpcxpresso_11u14_board_lib\Debug\libnxp_lpcxpresso_11u14_board_lib.a(board.o)
 .comment       0x00000000       0x71 D:\usb\work\nxp_lpcxpresso_11u14_board_lib\Debug\libnxp_lpcxpresso_11u14_board_lib.a(board_sysinit.o)
 .comment       0x00000000       0x71 D:\usb\work\lpc_chip_11uxx_lib\Debug\liblpc_chip_11uxx_lib.a(adc_11xx.o)
 .comment       0x00000000       0x71 D:\usb\work\lpc_chip_11uxx_lib\Debug\liblpc_chip_11uxx_lib.a(chip_11xx.o)
 .comment       0x00000000       0x71 D:\usb\work\lpc_chip_11uxx_lib\Debug\liblpc_chip_11uxx_lib.a(clock_11xx.o)
 .comment       0x00000000       0x71 D:\usb\work\lpc_chip_11uxx_lib\Debug\liblpc_chip_11uxx_lib.a(gpio_11xx_1.o)
 .comment       0x00000000       0x71 D:\usb\work\lpc_chip_11uxx_lib\Debug\liblpc_chip_11uxx_lib.a(iocon_11xx.o)
 .comment       0x00000000       0x71 D:\usb\work\lpc_chip_11uxx_lib\Debug\liblpc_chip_11uxx_lib.a(ring_buffer.o)
 .comment       0x00000000       0x71 D:\usb\work\lpc_chip_11uxx_lib\Debug\liblpc_chip_11uxx_lib.a(sysctl_11xx.o)
 .comment       0x00000000       0x71 D:\usb\work\lpc_chip_11uxx_lib\Debug\liblpc_chip_11uxx_lib.a(uart_11xx.o)
 .comment       0x00000000       0x71 D:\usb\work\lpc_chip_11uxx_lib\libs\libusbd_11uxx_lib.a(mw_usbd_rom_api.o)
 .comment       0x00000000       0x71 D:\usb\work\lpc_chip_11uxx_lib\libs\libusbd_11uxx_lib.a(hw_usbd_ip3511.o)
 .comment       0x00000000       0x71 D:\usb\work\lpc_chip_11uxx_lib\libs\libusbd_11uxx_lib.a(mw_usbd_cdcuser.o)
 .comment       0x00000000       0x71 D:\usb\work\lpc_chip_11uxx_lib\libs\libusbd_11uxx_lib.a(mw_usbd_core.o)
 .comment       0x00000000       0x71 D:\usb\work\lpc_chip_11uxx_lib\libs\libusbd_11uxx_lib.a(mw_usbd_dfuuser.o)
 .comment       0x00000000       0x71 D:\usb\work\lpc_chip_11uxx_lib\libs\libusbd_11uxx_lib.a(mw_usbd_hiduser.o)
 .comment       0x00000000       0x71 D:\usb\work\lpc_chip_11uxx_lib\libs\libusbd_11uxx_lib.a(mw_usbd_mscuser.o)
 .comment       0x00000070       0x70 c:/nxp/lpcxpresso_6.1.4_194/lpcxpresso/tools/bin/../lib/gcc/arm-none-eabi/4.6.2/../../../../arm-none-eabi/lib/armv6-m\libcr_nohost.a(_cr__main.o)
                                 0x71 (size before relaxing)
 .comment       0x00000000       0x71 c:/nxp/lpcxpresso_6.1.4_194/lpcxpresso/tools/bin/../lib/gcc/arm-none-eabi/4.6.2/../../../../arm-none-eabi/lib/armv6-m\libcr_c.a(memcpy.o)
 .comment       0x00000000       0x71 c:/nxp/lpcxpresso_6.1.4_194/lpcxpresso/tools/bin/../lib/gcc/arm-none-eabi/4.6.2/../../../../arm-none-eabi/lib/armv6-m\libcr_c.a(memset.o)
 .comment       0x00000000       0x71 c:/nxp/lpcxpresso_6.1.4_194/lpcxpresso/tools/bin/../lib/gcc/arm-none-eabi/4.6.2/../../../../arm-none-eabi/lib/armv6-m\libcr_c.a(initio.o)
 .comment       0x00000000       0x71 c:/nxp/lpcxpresso_6.1.4_194/lpcxpresso/tools/bin/../lib/gcc/arm-none-eabi/4.6.2/../../../../arm-none-eabi/lib/armv6-m\libcr_c.a(setvbuf.o)
 .comment       0x00000000       0x71 c:/nxp/lpcxpresso_6.1.4_194/lpcxpresso/tools/bin/../lib/gcc/arm-none-eabi/4.6.2/../../../../arm-none-eabi/lib/armv6-m\libcr_c.a(stdio.o)
 .comment       0x00000000       0x71 c:/nxp/lpcxpresso_6.1.4_194/lpcxpresso/tools/bin/../lib/gcc/arm-none-eabi/4.6.2/../../../../arm-none-eabi/lib/armv6-m\libcr_c.a(__fillbuf.o)
 .comment       0x00000000       0x71 c:/nxp/lpcxpresso_6.1.4_194/lpcxpresso/tools/bin/../lib/gcc/arm-none-eabi/4.6.2/../../../../arm-none-eabi/lib/armv6-m\libcr_c.a(_deferredlazyseek.o)
 .comment       0x00000000       0x71 c:/nxp/lpcxpresso_6.1.4_194/lpcxpresso/tools/bin/../lib/gcc/arm-none-eabi/4.6.2/../../../../arm-none-eabi/lib/armv6-m\libcr_c.a(_fdopen.o)
 .comment       0x00000000       0x71 c:/nxp/lpcxpresso_6.1.4_194/lpcxpresso/tools/bin/../lib/gcc/arm-none-eabi/4.6.2/../../../../arm-none-eabi/lib/armv6-m\libcr_c.a(_fflush.o)
 .comment       0x00000000       0x71 c:/nxp/lpcxpresso_6.1.4_194/lpcxpresso/tools/bin/../lib/gcc/arm-none-eabi/4.6.2/../../../../arm-none-eabi/lib/armv6-m\libcr_c.a(_writebuf.o)
 .comment       0x00000000       0x71 c:/nxp/lpcxpresso_6.1.4_194/lpcxpresso/tools/bin/../lib/gcc/arm-none-eabi/4.6.2/../../../../arm-none-eabi/lib/armv6-m\libcr_c.a(alloc.o)
 .comment       0x00000000       0x71 c:/nxp/lpcxpresso_6.1.4_194/lpcxpresso/tools/bin/../lib/gcc/arm-none-eabi/4.6.2/../../../../arm-none-eabi/lib/armv6-m\libcr_c.a(fclose.o)
 .comment       0x00000000       0x71 c:/nxp/lpcxpresso_6.1.4_194/lpcxpresso/tools/bin/../lib/gcc/arm-none-eabi/4.6.2/../../../../arm-none-eabi/lib/armv6-m\libcr_c.a(fflush.o)
 .comment       0x00000000       0x71 c:/nxp/lpcxpresso_6.1.4_194/lpcxpresso/tools/bin/../lib/gcc/arm-none-eabi/4.6.2/../../../../arm-none-eabi/lib/armv6-m\libcr_c.a(fseek.o)
 .comment       0x00000000       0x71 c:/nxp/lpcxpresso_6.1.4_194/lpcxpresso/tools/bin/../lib/gcc/arm-none-eabi/4.6.2/../../../../arm-none-eabi/lib/armv6-m\libcr_c.a(ftell.o)
 .comment       0x00000000       0x71 c:/nxp/lpcxpresso_6.1.4_194/lpcxpresso/tools/bin/../lib/gcc/arm-none-eabi/4.6.2/../../../../arm-none-eabi/lib/armv6-m\libcr_c.a(remove.o)
 .comment       0x00000000       0x71 c:/nxp/lpcxpresso_6.1.4_194/lpcxpresso/tools/bin/../lib/gcc/arm-none-eabi/4.6.2/../../../../arm-none-eabi/lib/armv6-m\libcr_c.a(strlen.o)
 .comment       0x00000000       0x71 c:/nxp/lpcxpresso_6.1.4_194/lpcxpresso/tools/bin/../lib/gcc/arm-none-eabi/4.6.2/../../../../arm-none-eabi/lib/armv6-m\libcr_c.a(__init_alloc.o)
 .comment       0x00000000       0x71 c:/nxp/lpcxpresso_6.1.4_194/lpcxpresso/tools/bin/../lib/gcc/arm-none-eabi/4.6.2/../../../../arm-none-eabi/lib/armv6-m\libcr_c.a(_do_fflush.o)
 .comment       0x00000000       0x71 c:/nxp/lpcxpresso_6.1.4_194/lpcxpresso/tools/bin/../lib/gcc/arm-none-eabi/4.6.2/../../../../arm-none-eabi/lib/armv6-m\libcr_c.a(errno.o)
 .comment       0x00000000       0x71 c:/nxp/lpcxpresso_6.1.4_194/lpcxpresso/tools/bin/../lib/gcc/arm-none-eabi/4.6.2/armv6-m\libcr_eabihelpers.a(double.o)
 .comment       0x00000000       0x71 c:/nxp/lpcxpresso_6.1.4_194/lpcxpresso/tools/bin/../lib/gcc/arm-none-eabi/4.6.2/../../../../arm-none-eabi/lib/armv6-m\libcr_nohost.a(__sys_appexit.o)
 .comment       0x00000000       0x71 c:/nxp/lpcxpresso_6.1.4_194/lpcxpresso/tools/bin/../lib/gcc/arm-none-eabi/4.6.2/../../../../arm-none-eabi/lib/armv6-m\libcr_nohost.a(__sys_close.o)
 .comment       0x00000000       0x71 c:/nxp/lpcxpresso_6.1.4_194/lpcxpresso/tools/bin/../lib/gcc/arm-none-eabi/4.6.2/../../../../arm-none-eabi/lib/armv6-m\libcr_nohost.a(__sys_flen.o)
 .comment       0x00000000       0x71 c:/nxp/lpcxpresso_6.1.4_194/lpcxpresso/tools/bin/../lib/gcc/arm-none-eabi/4.6.2/../../../../arm-none-eabi/lib/armv6-m\libcr_nohost.a(__sys_istty.o)
 .comment       0x00000000       0x71 c:/nxp/lpcxpresso_6.1.4_194/lpcxpresso/tools/bin/../lib/gcc/arm-none-eabi/4.6.2/../../../../arm-none-eabi/lib/armv6-m\libcr_nohost.a(__sys_read.o)
 .comment       0x00000000       0x71 c:/nxp/lpcxpresso_6.1.4_194/lpcxpresso/tools/bin/../lib/gcc/arm-none-eabi/4.6.2/../../../../arm-none-eabi/lib/armv6-m\libcr_nohost.a(__sys_remove.o)
 .comment       0x00000000       0x71 c:/nxp/lpcxpresso_6.1.4_194/lpcxpresso/tools/bin/../lib/gcc/arm-none-eabi/4.6.2/../../../../arm-none-eabi/lib/armv6-m\libcr_nohost.a(__sys_rename.o)
 .comment       0x00000000       0x71 c:/nxp/lpcxpresso_6.1.4_194/lpcxpresso/tools/bin/../lib/gcc/arm-none-eabi/4.6.2/../../../../arm-none-eabi/lib/armv6-m\libcr_nohost.a(__sys_seek.o)
 .comment       0x00000000       0x71 c:/nxp/lpcxpresso_6.1.4_194/lpcxpresso/tools/bin/../lib/gcc/arm-none-eabi/4.6.2/../../../../arm-none-eabi/lib/armv6-m\libcr_nohost.a(__sys_tmpnam.o)
 .comment       0x00000000       0x71 c:/nxp/lpcxpresso_6.1.4_194/lpcxpresso/tools/bin/../lib/gcc/arm-none-eabi/4.6.2/../../../../arm-none-eabi/lib/armv6-m\libcr_nohost.a(_cr_sbrk.o)
 .comment       0x00000000       0x71 c:/nxp/lpcxpresso_6.1.4_194/lpcxpresso/tools/bin/../lib/gcc/arm-none-eabi/4.6.2/../../../../arm-none-eabi/lib/armv6-m\libcr_nohost.a(_cr_check_heap.o)

.ARM.attributes
                0x00000000       0x2f
 .ARM.attributes
                0x00000000       0x31 ./example/src/cdc_desc.o
 .ARM.attributes
                0x00000031       0x31 ./example/src/cdc_main.o
 .ARM.attributes
                0x00000062       0x31 ./example/src/cdc_vcom.o
 .ARM.attributes
                0x00000093       0x31 ./example/src/cr_startup_lpc11xx.o
 .ARM.attributes
                0x000000c4       0x31 ./example/src/sha2.o
 .ARM.attributes
                0x000000f5       0x31 ./example/src/sysinit.o
 .ARM.attributes
                0x00000126       0x31 D:\usb\work\nxp_lpcxpresso_11u14_board_lib\Debug\libnxp_lpcxpresso_11u14_board_lib.a(board.o)
 .ARM.attributes
                0x00000157       0x31 D:\usb\work\nxp_lpcxpresso_11u14_board_lib\Debug\libnxp_lpcxpresso_11u14_board_lib.a(board_sysinit.o)
 .ARM.attributes
                0x00000188       0x31 D:\usb\work\lpc_chip_11uxx_lib\Debug\liblpc_chip_11uxx_lib.a(adc_11xx.o)
 .ARM.attributes
                0x000001b9       0x31 D:\usb\work\lpc_chip_11uxx_lib\Debug\liblpc_chip_11uxx_lib.a(chip_11xx.o)
 .ARM.attributes
                0x000001ea       0x31 D:\usb\work\lpc_chip_11uxx_lib\Debug\liblpc_chip_11uxx_lib.a(clock_11xx.o)
 .ARM.attributes
                0x0000021b       0x31 D:\usb\work\lpc_chip_11uxx_lib\Debug\liblpc_chip_11uxx_lib.a(gpio_11xx_1.o)
 .ARM.attributes
                0x0000024c       0x31 D:\usb\work\lpc_chip_11uxx_lib\Debug\liblpc_chip_11uxx_lib.a(iocon_11xx.o)
 .ARM.attributes
                0x0000027d       0x31 D:\usb\work\lpc_chip_11uxx_lib\Debug\liblpc_chip_11uxx_lib.a(ring_buffer.o)
 .ARM.attributes
                0x000002ae       0x31 D:\usb\work\lpc_chip_11uxx_lib\Debug\liblpc_chip_11uxx_lib.a(sysctl_11xx.o)
 .ARM.attributes
                0x000002df       0x31 D:\usb\work\lpc_chip_11uxx_lib\Debug\liblpc_chip_11uxx_lib.a(uart_11xx.o)
 .ARM.attributes
                0x00000310       0x31 D:\usb\work\lpc_chip_11uxx_lib\libs\libusbd_11uxx_lib.a(mw_usbd_rom_api.o)
 .ARM.attributes
                0x00000341       0x31 D:\usb\work\lpc_chip_11uxx_lib\libs\libusbd_11uxx_lib.a(hw_usbd_ip3511.o)
 .ARM.attributes
                0x00000372       0x31 D:\usb\work\lpc_chip_11uxx_lib\libs\libusbd_11uxx_lib.a(mw_usbd_cdcuser.o)
 .ARM.attributes
                0x000003a3       0x31 D:\usb\work\lpc_chip_11uxx_lib\libs\libusbd_11uxx_lib.a(mw_usbd_core.o)
 .ARM.attributes
                0x000003d4       0x31 D:\usb\work\lpc_chip_11uxx_lib\libs\libusbd_11uxx_lib.a(mw_usbd_dfuuser.o)
 .ARM.attributes
                0x00000405       0x31 D:\usb\work\lpc_chip_11uxx_lib\libs\libusbd_11uxx_lib.a(mw_usbd_hiduser.o)
 .ARM.attributes
                0x00000436       0x31 D:\usb\work\lpc_chip_11uxx_lib\libs\libusbd_11uxx_lib.a(mw_usbd_mscuser.o)
 .ARM.attributes
                0x00000467       0x31 c:/nxp/lpcxpresso_6.1.4_194/lpcxpresso/tools/bin/../lib/gcc/arm-none-eabi/4.6.2/../../../../arm-none-eabi/lib/armv6-m\libcr_nohost.a(_cr__main.o)
 .ARM.attributes
                0x00000498       0x31 c:/nxp/lpcxpresso_6.1.4_194/lpcxpresso/tools/bin/../lib/gcc/arm-none-eabi/4.6.2/../../../../arm-none-eabi/lib/armv6-m\libcr_c.a(memcpy.o)
 .ARM.attributes
                0x000004c9       0x31 c:/nxp/lpcxpresso_6.1.4_194/lpcxpresso/tools/bin/../lib/gcc/arm-none-eabi/4.6.2/../../../../arm-none-eabi/lib/armv6-m\libcr_c.a(memset.o)
 .ARM.attributes
                0x000004fa       0x31 c:/nxp/lpcxpresso_6.1.4_194/lpcxpresso/tools/bin/../lib/gcc/arm-none-eabi/4.6.2/../../../../arm-none-eabi/lib/armv6-m\libcr_c.a(initio.o)
 .ARM.attributes
                0x0000052b       0x31 c:/nxp/lpcxpresso_6.1.4_194/lpcxpresso/tools/bin/../lib/gcc/arm-none-eabi/4.6.2/../../../../arm-none-eabi/lib/armv6-m\libcr_c.a(setvbuf.o)
 .ARM.attributes
                0x0000055c       0x31 c:/nxp/lpcxpresso_6.1.4_194/lpcxpresso/tools/bin/../lib/gcc/arm-none-eabi/4.6.2/../../../../arm-none-eabi/lib/armv6-m\libcr_c.a(stdio.o)
 .ARM.attributes
                0x0000058d       0x31 c:/nxp/lpcxpresso_6.1.4_194/lpcxpresso/tools/bin/../lib/gcc/arm-none-eabi/4.6.2/../../../../arm-none-eabi/lib/armv6-m\libcr_c.a(__fillbuf.o)
 .ARM.attributes
                0x000005be       0x31 c:/nxp/lpcxpresso_6.1.4_194/lpcxpresso/tools/bin/../lib/gcc/arm-none-eabi/4.6.2/../../../../arm-none-eabi/lib/armv6-m\libcr_c.a(_deferredlazyseek.o)
 .ARM.attributes
                0x000005ef       0x31 c:/nxp/lpcxpresso_6.1.4_194/lpcxpresso/tools/bin/../lib/gcc/arm-none-eabi/4.6.2/../../../../arm-none-eabi/lib/armv6-m\libcr_c.a(_fdopen.o)
 .ARM.attributes
                0x00000620       0x31 c:/nxp/lpcxpresso_6.1.4_194/lpcxpresso/tools/bin/../lib/gcc/arm-none-eabi/4.6.2/../../../../arm-none-eabi/lib/armv6-m\libcr_c.a(_fflush.o)
 .ARM.attributes
                0x00000651       0x31 c:/nxp/lpcxpresso_6.1.4_194/lpcxpresso/tools/bin/../lib/gcc/arm-none-eabi/4.6.2/../../../../arm-none-eabi/lib/armv6-m\libcr_c.a(_writebuf.o)
 .ARM.attributes
                0x00000682       0x31 c:/nxp/lpcxpresso_6.1.4_194/lpcxpresso/tools/bin/../lib/gcc/arm-none-eabi/4.6.2/../../../../arm-none-eabi/lib/armv6-m\libcr_c.a(alloc.o)
 .ARM.attributes
                0x000006b3       0x31 c:/nxp/lpcxpresso_6.1.4_194/lpcxpresso/tools/bin/../lib/gcc/arm-none-eabi/4.6.2/../../../../arm-none-eabi/lib/armv6-m\libcr_c.a(fclose.o)
 .ARM.attributes
                0x000006e4       0x31 c:/nxp/lpcxpresso_6.1.4_194/lpcxpresso/tools/bin/../lib/gcc/arm-none-eabi/4.6.2/../../../../arm-none-eabi/lib/armv6-m\libcr_c.a(fflush.o)
 .ARM.attributes
                0x00000715       0x31 c:/nxp/lpcxpresso_6.1.4_194/lpcxpresso/tools/bin/../lib/gcc/arm-none-eabi/4.6.2/../../../../arm-none-eabi/lib/armv6-m\libcr_c.a(fseek.o)
 .ARM.attributes
                0x00000746       0x31 c:/nxp/lpcxpresso_6.1.4_194/lpcxpresso/tools/bin/../lib/gcc/arm-none-eabi/4.6.2/../../../../arm-none-eabi/lib/armv6-m\libcr_c.a(ftell.o)
 .ARM.attributes
                0x00000777       0x31 c:/nxp/lpcxpresso_6.1.4_194/lpcxpresso/tools/bin/../lib/gcc/arm-none-eabi/4.6.2/../../../../arm-none-eabi/lib/armv6-m\libcr_c.a(remove.o)
 .ARM.attributes
                0x000007a8       0x31 c:/nxp/lpcxpresso_6.1.4_194/lpcxpresso/tools/bin/../lib/gcc/arm-none-eabi/4.6.2/../../../../arm-none-eabi/lib/armv6-m\libcr_c.a(strlen.o)
 .ARM.attributes
                0x000007d9       0x31 c:/nxp/lpcxpresso_6.1.4_194/lpcxpresso/tools/bin/../lib/gcc/arm-none-eabi/4.6.2/../../../../arm-none-eabi/lib/armv6-m\libcr_c.a(__init_alloc.o)
 .ARM.attributes
                0x0000080a       0x31 c:/nxp/lpcxpresso_6.1.4_194/lpcxpresso/tools/bin/../lib/gcc/arm-none-eabi/4.6.2/../../../../arm-none-eabi/lib/armv6-m\libcr_c.a(_do_fflush.o)
 .ARM.attributes
                0x0000083b       0x31 c:/nxp/lpcxpresso_6.1.4_194/lpcxpresso/tools/bin/../lib/gcc/arm-none-eabi/4.6.2/../../../../arm-none-eabi/lib/armv6-m\libcr_c.a(errno.o)
 .ARM.attributes
                0x0000086c       0x21 c:/nxp/lpcxpresso_6.1.4_194/lpcxpresso/tools/bin/../lib/gcc/arm-none-eabi/4.6.2/armv6-m\libcr_eabihelpers.a(division.o)
 .ARM.attributes
                0x0000088d       0x31 c:/nxp/lpcxpresso_6.1.4_194/lpcxpresso/tools/bin/../lib/gcc/arm-none-eabi/4.6.2/armv6-m\libcr_eabihelpers.a(double.o)
 .ARM.attributes
                0x000008be       0x21 c:/nxp/lpcxpresso_6.1.4_194/lpcxpresso/tools/bin/../lib/gcc/arm-none-eabi/4.6.2/armv6-m\libcr_eabihelpers.a(llong.o)
 .ARM.attributes
                0x000008df       0x21 c:/nxp/lpcxpresso_6.1.4_194/lpcxpresso/tools/bin/../lib/gcc/arm-none-eabi/4.6.2/armv6-m\libcr_eabihelpers.a(memcpy.o)
 .ARM.attributes
                0x00000900       0x31 c:/nxp/lpcxpresso_6.1.4_194/lpcxpresso/tools/bin/../lib/gcc/arm-none-eabi/4.6.2/../../../../arm-none-eabi/lib/armv6-m\libcr_nohost.a(__sys_appexit.o)
 .ARM.attributes
                0x00000931       0x31 c:/nxp/lpcxpresso_6.1.4_194/lpcxpresso/tools/bin/../lib/gcc/arm-none-eabi/4.6.2/../../../../arm-none-eabi/lib/armv6-m\libcr_nohost.a(__sys_close.o)
 .ARM.attributes
                0x00000962       0x31 c:/nxp/lpcxpresso_6.1.4_194/lpcxpresso/tools/bin/../lib/gcc/arm-none-eabi/4.6.2/../../../../arm-none-eabi/lib/armv6-m\libcr_nohost.a(__sys_flen.o)
 .ARM.attributes
                0x00000993       0x31 c:/nxp/lpcxpresso_6.1.4_194/lpcxpresso/tools/bin/../lib/gcc/arm-none-eabi/4.6.2/../../../../arm-none-eabi/lib/armv6-m\libcr_nohost.a(__sys_istty.o)
 .ARM.attributes
                0x000009c4       0x31 c:/nxp/lpcxpresso_6.1.4_194/lpcxpresso/tools/bin/../lib/gcc/arm-none-eabi/4.6.2/../../../../arm-none-eabi/lib/armv6-m\libcr_nohost.a(__sys_read.o)
 .ARM.attributes
                0x000009f5       0x31 c:/nxp/lpcxpresso_6.1.4_194/lpcxpresso/tools/bin/../lib/gcc/arm-none-eabi/4.6.2/../../../../arm-none-eabi/lib/armv6-m\libcr_nohost.a(__sys_remove.o)
 .ARM.attributes
                0x00000a26       0x31 c:/nxp/lpcxpresso_6.1.4_194/lpcxpresso/tools/bin/../lib/gcc/arm-none-eabi/4.6.2/../../../../arm-none-eabi/lib/armv6-m\libcr_nohost.a(__sys_rename.o)
 .ARM.attributes
                0x00000a57       0x31 c:/nxp/lpcxpresso_6.1.4_194/lpcxpresso/tools/bin/../lib/gcc/arm-none-eabi/4.6.2/../../../../arm-none-eabi/lib/armv6-m\libcr_nohost.a(__sys_seek.o)
 .ARM.attributes
                0x00000a88       0x31 c:/nxp/lpcxpresso_6.1.4_194/lpcxpresso/tools/bin/../lib/gcc/arm-none-eabi/4.6.2/../../../../arm-none-eabi/lib/armv6-m\libcr_nohost.a(__sys_tmpnam.o)
 .ARM.attributes
                0x00000ab9       0x31 c:/nxp/lpcxpresso_6.1.4_194/lpcxpresso/tools/bin/../lib/gcc/arm-none-eabi/4.6.2/../../../../arm-none-eabi/lib/armv6-m\libcr_nohost.a(_cr_sbrk.o)
 .ARM.attributes
                0x00000aea       0x31 c:/nxp/lpcxpresso_6.1.4_194/lpcxpresso/tools/bin/../lib/gcc/arm-none-eabi/4.6.2/../../../../arm-none-eabi/lib/armv6-m\libcr_nohost.a(_cr_check_heap.o)

.debug_loc      0x00000000     0x27d5
 .debug_loc     0x00000000      0x73c ./example/src/cdc_main.o
 .debug_loc     0x0000073c      0x26a ./example/src/cdc_vcom.o
 .debug_loc     0x000009a6      0x28f ./example/src/cr_startup_lpc11xx.o
 .debug_loc     0x00000c35      0x190 ./example/src/sha2.o
 .debug_loc     0x00000dc5       0x2c ./example/src/sysinit.o
 .debug_loc     0x00000df1      0x4c0 D:\usb\work\nxp_lpcxpresso_11u14_board_lib\Debug\libnxp_lpcxpresso_11u14_board_lib.a(board.o)
 .debug_loc     0x000012b1      0x20c D:\usb\work\nxp_lpcxpresso_11u14_board_lib\Debug\libnxp_lpcxpresso_11u14_board_lib.a(board_sysinit.o)
 .debug_loc     0x000014bd      0x3ac D:\usb\work\lpc_chip_11uxx_lib\Debug\liblpc_chip_11uxx_lib.a(adc_11xx.o)
 .debug_loc     0x00001869       0x2c D:\usb\work\lpc_chip_11uxx_lib\Debug\liblpc_chip_11uxx_lib.a(chip_11xx.o)
 .debug_loc     0x00001895      0x370 D:\usb\work\lpc_chip_11uxx_lib\Debug\liblpc_chip_11uxx_lib.a(clock_11xx.o)
 .debug_loc     0x00001c05      0x2a0 D:\usb\work\lpc_chip_11uxx_lib\Debug\liblpc_chip_11uxx_lib.a(gpio_11xx_1.o)
 .debug_loc     0x00001ea5       0x38 D:\usb\work\lpc_chip_11uxx_lib\Debug\liblpc_chip_11uxx_lib.a(iocon_11xx.o)
 .debug_loc     0x00001edd      0x1f8 D:\usb\work\lpc_chip_11uxx_lib\Debug\liblpc_chip_11uxx_lib.a(ring_buffer.o)
 .debug_loc     0x000020d5       0xe0 D:\usb\work\lpc_chip_11uxx_lib\Debug\liblpc_chip_11uxx_lib.a(sysctl_11xx.o)
 .debug_loc     0x000021b5      0x620 D:\usb\work\lpc_chip_11uxx_lib\Debug\liblpc_chip_11uxx_lib.a(uart_11xx.o)

.debug_aranges  0x00000000      0x738
 .debug_aranges
                0x00000000      0x138 ./example/src/cdc_main.o
 .debug_aranges
                0x00000138       0x70 ./example/src/cdc_vcom.o
 .debug_aranges
                0x000001a8       0x60 ./example/src/cr_startup_lpc11xx.o
 .debug_aranges
                0x00000208       0x50 ./example/src/sha2.o
 .debug_aranges
                0x00000258       0x20 ./example/src/sysinit.o
 .debug_aranges
                0x00000278       0xd0 D:\usb\work\nxp_lpcxpresso_11u14_board_lib\Debug\libnxp_lpcxpresso_11u14_board_lib.a(board.o)
 .debug_aranges
                0x00000348       0x68 D:\usb\work\nxp_lpcxpresso_11u14_board_lib\Debug\libnxp_lpcxpresso_11u14_board_lib.a(board_sysinit.o)
 .debug_aranges
                0x000003b0       0xa0 D:\usb\work\lpc_chip_11uxx_lib\Debug\liblpc_chip_11uxx_lib.a(adc_11xx.o)
 .debug_aranges
                0x00000450       0x20 D:\usb\work\lpc_chip_11uxx_lib\Debug\liblpc_chip_11uxx_lib.a(chip_11xx.o)
 .debug_aranges
                0x00000470       0xa0 D:\usb\work\lpc_chip_11uxx_lib\Debug\liblpc_chip_11uxx_lib.a(clock_11xx.o)
 .debug_aranges
                0x00000510       0x78 D:\usb\work\lpc_chip_11uxx_lib\Debug\liblpc_chip_11uxx_lib.a(gpio_11xx_1.o)
 .debug_aranges
                0x00000588       0x20 D:\usb\work\lpc_chip_11uxx_lib\Debug\liblpc_chip_11uxx_lib.a(iocon_11xx.o)
 .debug_aranges
                0x000005a8       0x60 D:\usb\work\lpc_chip_11uxx_lib\Debug\liblpc_chip_11uxx_lib.a(ring_buffer.o)
 .debug_aranges
                0x00000608       0x38 D:\usb\work\lpc_chip_11uxx_lib\Debug\liblpc_chip_11uxx_lib.a(sysctl_11xx.o)
 .debug_aranges
                0x00000640       0xf8 D:\usb\work\lpc_chip_11uxx_lib\Debug\liblpc_chip_11uxx_lib.a(uart_11xx.o)

.debug_ranges   0x00000000      0x648
 .debug_ranges  0x00000000      0x128 ./example/src/cdc_main.o
 .debug_ranges  0x00000128       0x60 ./example/src/cdc_vcom.o
 .debug_ranges  0x00000188       0x50 ./example/src/cr_startup_lpc11xx.o
 .debug_ranges  0x000001d8       0x40 ./example/src/sha2.o
 .debug_ranges  0x00000218       0x10 ./example/src/sysinit.o
 .debug_ranges  0x00000228       0xc0 D:\usb\work\nxp_lpcxpresso_11u14_board_lib\Debug\libnxp_lpcxpresso_11u14_board_lib.a(board.o)
 .debug_ranges  0x000002e8       0x58 D:\usb\work\nxp_lpcxpresso_11u14_board_lib\Debug\libnxp_lpcxpresso_11u14_board_lib.a(board_sysinit.o)
 .debug_ranges  0x00000340       0x90 D:\usb\work\lpc_chip_11uxx_lib\Debug\liblpc_chip_11uxx_lib.a(adc_11xx.o)
 .debug_ranges  0x000003d0       0x10 D:\usb\work\lpc_chip_11uxx_lib\Debug\liblpc_chip_11uxx_lib.a(chip_11xx.o)
 .debug_ranges  0x000003e0       0x90 D:\usb\work\lpc_chip_11uxx_lib\Debug\liblpc_chip_11uxx_lib.a(clock_11xx.o)
 .debug_ranges  0x00000470       0x68 D:\usb\work\lpc_chip_11uxx_lib\Debug\liblpc_chip_11uxx_lib.a(gpio_11xx_1.o)
 .debug_ranges  0x000004d8       0x10 D:\usb\work\lpc_chip_11uxx_lib\Debug\liblpc_chip_11uxx_lib.a(iocon_11xx.o)
 .debug_ranges  0x000004e8       0x50 D:\usb\work\lpc_chip_11uxx_lib\Debug\liblpc_chip_11uxx_lib.a(ring_buffer.o)
 .debug_ranges  0x00000538       0x28 D:\usb\work\lpc_chip_11uxx_lib\Debug\liblpc_chip_11uxx_lib.a(sysctl_11xx.o)
 .debug_ranges  0x00000560       0xe8 D:\usb\work\lpc_chip_11uxx_lib\Debug\liblpc_chip_11uxx_lib.a(uart_11xx.o)

.debug_frame    0x00000000     0x177c
 .debug_frame   0x00000000      0x460 ./example/src/cdc_main.o
 .debug_frame   0x00000460      0x170 ./example/src/cdc_vcom.o
 .debug_frame   0x000005d0       0xec ./example/src/cr_startup_lpc11xx.o
 .debug_frame   0x000006bc       0xf0 ./example/src/sha2.o
 .debug_frame   0x000007ac       0x2c ./example/src/sysinit.o
 .debug_frame   0x000007d8      0x2d8 D:\usb\work\nxp_lpcxpresso_11u14_board_lib\Debug\libnxp_lpcxpresso_11u14_board_lib.a(board.o)
 .debug_frame   0x00000ab0      0x144 D:\usb\work\nxp_lpcxpresso_11u14_board_lib\Debug\libnxp_lpcxpresso_11u14_board_lib.a(board_sysinit.o)
 .debug_frame   0x00000bf4      0x22c D:\usb\work\lpc_chip_11uxx_lib\Debug\liblpc_chip_11uxx_lib.a(adc_11xx.o)
 .debug_frame   0x00000e20       0x2c D:\usb\work\lpc_chip_11uxx_lib\Debug\liblpc_chip_11uxx_lib.a(chip_11xx.o)
 .debug_frame   0x00000e4c      0x220 D:\usb\work\lpc_chip_11uxx_lib\Debug\liblpc_chip_11uxx_lib.a(clock_11xx.o)
 .debug_frame   0x0000106c      0x190 D:\usb\work\lpc_chip_11uxx_lib\Debug\liblpc_chip_11uxx_lib.a(gpio_11xx_1.o)
 .debug_frame   0x000011fc       0x30 D:\usb\work\lpc_chip_11uxx_lib\Debug\liblpc_chip_11uxx_lib.a(iocon_11xx.o)
 .debug_frame   0x0000122c      0x130 D:\usb\work\lpc_chip_11uxx_lib\Debug\liblpc_chip_11uxx_lib.a(ring_buffer.o)
 .debug_frame   0x0000135c       0x90 D:\usb\work\lpc_chip_11uxx_lib\Debug\liblpc_chip_11uxx_lib.a(sysctl_11xx.o)
 .debug_frame   0x000013ec      0x390 D:\usb\work\lpc_chip_11uxx_lib\Debug\liblpc_chip_11uxx_lib.a(uart_11xx.o)
